Archive member included to satisfy reference by file (symbol)

d:/program files (x86)/gcc-arm-none-eabi-10-2020-q4-major-win32/tool/bin/../lib/gcc/arm-none-eabi/10.2.1/../../../../arm-none-eabi/lib/thumb/v7e-m+fp/hard\libc_nano.a(lib_a-exit.o)
                              d:/program files (x86)/gcc-arm-none-eabi-10-2020-q4-major-win32/tool/bin/../lib/gcc/arm-none-eabi/10.2.1/../../../../arm-none-eabi/lib/thumb/v7e-m+fp/hard/crt0.o (exit)
d:/program files (x86)/gcc-arm-none-eabi-10-2020-q4-major-win32/tool/bin/../lib/gcc/arm-none-eabi/10.2.1/../../../../arm-none-eabi/lib/thumb/v7e-m+fp/hard\libc_nano.a(lib_a-impure.o)
                              d:/program files (x86)/gcc-arm-none-eabi-10-2020-q4-major-win32/tool/bin/../lib/gcc/arm-none-eabi/10.2.1/../../../../arm-none-eabi/lib/thumb/v7e-m+fp/hard\libc_nano.a(lib_a-exit.o) (_global_impure_ptr)
d:/program files (x86)/gcc-arm-none-eabi-10-2020-q4-major-win32/tool/bin/../lib/gcc/arm-none-eabi/10.2.1/../../../../arm-none-eabi/lib/thumb/v7e-m+fp/hard\libc_nano.a(lib_a-init.o)
                              d:/program files (x86)/gcc-arm-none-eabi-10-2020-q4-major-win32/tool/bin/../lib/gcc/arm-none-eabi/10.2.1/../../../../arm-none-eabi/lib/thumb/v7e-m+fp/hard/crt0.o (__libc_init_array)
d:/program files (x86)/gcc-arm-none-eabi-10-2020-q4-major-win32/tool/bin/../lib/gcc/arm-none-eabi/10.2.1/../../../../arm-none-eabi/lib/thumb/v7e-m+fp/hard\libc_nano.a(lib_a-memcpy-stub.o)
                              build/usart.o (memcpy)
d:/program files (x86)/gcc-arm-none-eabi-10-2020-q4-major-win32/tool/bin/../lib/gcc/arm-none-eabi/10.2.1/../../../../arm-none-eabi/lib/thumb/v7e-m+fp/hard\libc_nano.a(lib_a-memset.o)
                              d:/program files (x86)/gcc-arm-none-eabi-10-2020-q4-major-win32/tool/bin/../lib/gcc/arm-none-eabi/10.2.1/../../../../arm-none-eabi/lib/thumb/v7e-m+fp/hard/crt0.o (memset)
d:/program files (x86)/gcc-arm-none-eabi-10-2020-q4-major-win32/tool/bin/../lib/gcc/arm-none-eabi/10.2.1/../../../../arm-none-eabi/lib/thumb/v7e-m+fp/hard\libc_nano.a(lib_a-nano-vfprintf_float.o)
                              (_printf_float)
d:/program files (x86)/gcc-arm-none-eabi-10-2020-q4-major-win32/tool/bin/../lib/gcc/arm-none-eabi/10.2.1/../../../../arm-none-eabi/lib/thumb/v7e-m+fp/hard\libc_nano.a(lib_a-nano-vfprintf_i.o)
                              d:/program files (x86)/gcc-arm-none-eabi-10-2020-q4-major-win32/tool/bin/../lib/gcc/arm-none-eabi/10.2.1/../../../../arm-none-eabi/lib/thumb/v7e-m+fp/hard\libc_nano.a(lib_a-nano-vfprintf_float.o) (_printf_common)
d:/program files (x86)/gcc-arm-none-eabi-10-2020-q4-major-win32/tool/bin/../lib/gcc/arm-none-eabi/10.2.1/../../../../arm-none-eabi/lib/thumb/v7e-m+fp/hard\libc_nano.a(lib_a-printf.o)
                              build/focmethod.o (printf)
d:/program files (x86)/gcc-arm-none-eabi-10-2020-q4-major-win32/tool/bin/../lib/gcc/arm-none-eabi/10.2.1/../../../../arm-none-eabi/lib/thumb/v7e-m+fp/hard\libc_nano.a(lib_a-puts.o)
                              build/main.o (puts)
d:/program files (x86)/gcc-arm-none-eabi-10-2020-q4-major-win32/tool/bin/../lib/gcc/arm-none-eabi/10.2.1/../../../../arm-none-eabi/lib/thumb/v7e-m+fp/hard\libc_nano.a(lib_a-strlen.o)
                              build/SEGGER_RTT.o (strlen)
d:/program files (x86)/gcc-arm-none-eabi-10-2020-q4-major-win32/tool/bin/../lib/gcc/arm-none-eabi/10.2.1/../../../../arm-none-eabi/lib/thumb/v7e-m+fp/hard\libc_nano.a(lib_a-wbuf.o)
                              d:/program files (x86)/gcc-arm-none-eabi-10-2020-q4-major-win32/tool/bin/../lib/gcc/arm-none-eabi/10.2.1/../../../../arm-none-eabi/lib/thumb/v7e-m+fp/hard\libc_nano.a(lib_a-puts.o) (__swbuf_r)
d:/program files (x86)/gcc-arm-none-eabi-10-2020-q4-major-win32/tool/bin/../lib/gcc/arm-none-eabi/10.2.1/../../../../arm-none-eabi/lib/thumb/v7e-m+fp/hard\libc_nano.a(lib_a-wsetup.o)
                              d:/program files (x86)/gcc-arm-none-eabi-10-2020-q4-major-win32/tool/bin/../lib/gcc/arm-none-eabi/10.2.1/../../../../arm-none-eabi/lib/thumb/v7e-m+fp/hard\libc_nano.a(lib_a-puts.o) (__swsetup_r)
d:/program files (x86)/gcc-arm-none-eabi-10-2020-q4-major-win32/tool/bin/../lib/gcc/arm-none-eabi/10.2.1/../../../../arm-none-eabi/lib/thumb/v7e-m+fp/hard\libc_nano.a(lib_a-dtoa.o)
                              d:/program files (x86)/gcc-arm-none-eabi-10-2020-q4-major-win32/tool/bin/../lib/gcc/arm-none-eabi/10.2.1/../../../../arm-none-eabi/lib/thumb/v7e-m+fp/hard\libc_nano.a(lib_a-nano-vfprintf_float.o) (_dtoa_r)
d:/program files (x86)/gcc-arm-none-eabi-10-2020-q4-major-win32/tool/bin/../lib/gcc/arm-none-eabi/10.2.1/../../../../arm-none-eabi/lib/thumb/v7e-m+fp/hard\libc_nano.a(lib_a-fflush.o)
                              d:/program files (x86)/gcc-arm-none-eabi-10-2020-q4-major-win32/tool/bin/../lib/gcc/arm-none-eabi/10.2.1/../../../../arm-none-eabi/lib/thumb/v7e-m+fp/hard\libc_nano.a(lib_a-wbuf.o) (_fflush_r)
[...]
Memory Configuration

Name             Origin             Length             Attributes
RAM              0x20000000         0x00008000         xrw
FLASH            0x08000000         0x00010000         xr
*default*        0x00000000         0xffffffff

Linker script and memory map

LOAD d:/program files (x86)/gcc-arm-none-eabi-10-2020-q4-major-win32/tool/bin/../lib/gcc/arm-none-eabi/10.2.1/thumb/v7e-m+fp/hard/crti.o
LOAD d:/program files (x86)/gcc-arm-none-eabi-10-2020-q4-major-win32/tool/bin/../lib/gcc/arm-none-eabi/10.2.1/thumb/v7e-m+fp/hard/crtbegin.o
LOAD d:/program files (x86)/gcc-arm-none-eabi-10-2020-q4-major-win32/tool/bin/../lib/gcc/arm-none-eabi/10.2.1/../../../../arm-none-eabi/lib/thumb/v7e-m+fp/hard/crt0.o
LOAD build/main.o
LOAD build/gpio.o
LOAD build/stm32g4xx_it.o
LOAD build/stm32g4xx_hal_msp.o
LOAD build/stm32g4xx_hal_tim.o
LOAD build/stm32g4xx_hal_tim_ex.o
LOAD build/stm32g4xx_hal_pwr_ex.o
LOAD build/stm32g4xx_hal.o
LOAD build/stm32g4xx_hal_rcc.o
LOAD build/stm32g4xx_hal_rcc_ex.o
LOAD build/stm32g4xx_hal_flash.o
LOAD build/stm32g4xx_hal_flash_ex.o
LOAD build/stm32g4xx_hal_flash_ramfunc.o
LOAD build/stm32g4xx_hal_gpio.o
LOAD build/stm32g4xx_hal_exti.o
LOAD build/stm32g4xx_hal_dma.o
LOAD build/stm32g4xx_hal_dma_ex.o
LOAD build/stm32g4xx_hal_pwr.o
LOAD build/stm32g4xx_hal_cortex.o
LOAD build/system_stm32g4xx.o
LOAD build/tim.o
LOAD build/adc.o
LOAD build/stm32g4xx_hal_adc.o
LOAD build/stm32g4xx_hal_adc_ex.o
LOAD build/stm32g4xx_ll_adc.o
LOAD build/spi.o
LOAD build/stm32g4xx_hal_spi.o
LOAD build/stm32g4xx_hal_spi_ex.o
LOAD build/dma.o
LOAD build/usart.o
LOAD build/stm32g4xx_hal_uart.o
LOAD build/stm32g4xx_hal_uart_ex.o
LOAD build/mt6816.o
LOAD build/focmethod.o
LOAD build/motorctrl.o
LOAD build/protocol.o
LOAD build/protocol_msgmap.o
LOAD build/protocol_process.o
LOAD build/protocol_transmit.o
LOAD build/sensor.o
LOAD build/_assert.o
LOAD build/fifo.o
LOAD build/heap.o
LOAD build/list.o
LOAD build/ipc_comdata.o
LOAD build/ipc_event.o
LOAD build/ipc_msg.o
LOAD build/fsm.o
LOAD build/SEGGER_RTT.o
LOAD build/SEGGER_RTT_printf.o
LOAD build/printf_log.o
LOAD build/crc.o
LOAD build/filter.o
LOAD build/pid.o
LOAD build/startup_stm32g431xx.o
LOAD d:/program files (x86)/gcc-arm-none-eabi-10-2020-q4-major-win32/tool/bin/../lib/gcc/arm-none-eabi/10.2.1/../../../../arm-none-eabi/lib/thumb/v7e-m+fp/hard\libc_nano.a
LOAD d:/program files (x86)/gcc-arm-none-eabi-10-2020-q4-major-win32/tool/bin/../lib/gcc/arm-none-eabi/10.2.1/../../../../arm-none-eabi/lib/thumb/v7e-m+fp/hard\libm.a
LOAD d:/program files (x86)/gcc-arm-none-eabi-10-2020-q4-major-win32/tool/bin/../lib/gcc/arm-none-eabi/10.2.1/../../../../arm-none-eabi/lib/thumb/v7e-m+fp/hard\libnosys.a
LOAD d:/program files (x86)/gcc-arm-none-eabi-10-2020-q4-major-win32/tool/bin/../lib/gcc/arm-none-eabi/10.2.1/../../../../arm-none-eabi/lib/thumb/v7e-m+fp/hard\librdimon_nano.a
START GROUP
LOAD d:/program files (x86)/gcc-arm-none-eabi-10-2020-q4-major-win32/tool/bin/../lib/gcc/arm-none-eabi/10.2.1/thumb/v7e-m+fp/hard\libgcc.a
LOAD d:/program files (x86)/gcc-arm-none-eabi-10-2020-q4-major-win32/tool/bin/../lib/gcc/arm-none-eabi/10.2.1/../../../../arm-none-eabi/lib/thumb/v7e-m+fp/hard\libc_nano.a
END GROUP
START GROUP
LOAD d:/program files (x86)/gcc-arm-none-eabi-10-2020-q4-major-win32/tool/bin/../lib/gcc/arm-none-eabi/10.2.1/thumb/v7e-m+fp/hard\libgcc.a
LOAD d:/program files (x86)/gcc-arm-none-eabi-10-2020-q4-major-win32/tool/bin/../lib/gcc/arm-none-eabi/10.2.1/../../../../arm-none-eabi/lib/thumb/v7e-m+fp/hard\libc_nano.a
END GROUP
LOAD d:/program files (x86)/gcc-arm-none-eabi-10-2020-q4-major-win32/tool/bin/../lib/gcc/arm-none-eabi/10.2.1/thumb/v7e-m+fp/hard/crtend.o
LOAD d:/program files (x86)/gcc-arm-none-eabi-10-2020-q4-major-win32/tool/bin/../lib/gcc/arm-none-eabi/10.2.1/thumb/v7e-m+fp/hard/crtn.o
                0x20008000                _estack = (ORIGIN (RAM) + LENGTH (RAM))
                0x00000400                _Min_Heap_Size = 0x400
                0x00000800                _Min_Stack_Size = 0x800

.isr_vector     0x08000000      0x1d8
                0x08000000                . = ALIGN (0x4)
 *(.isr_vector)
 .isr_vector    0x08000000      0x1d8 build/startup_stm32g431xx.o
                0x08000000                g_pfnVectors
                0x080001d8                . = ALIGN (0x4)

.text           0x080001e0     0xa170
                0x080001e0                . = ALIGN (0x4)
 *(.text)
 .text          0x080001e0       0x40 d:/program files (x86)/gcc-arm-none-eabi-10-2020-q4-major-win32/tool/bin/../lib/gcc/arm-none-eabi/10.2.1/thumb/v7e-m+fp/hard/crtbegin.o
 .text          0x08000220       0x10 d:/program files (x86)/gcc-arm-none-eabi-10-2020-q4-major-win32/tool/bin/../lib/gcc/arm-none-eabi/10.2.1/../../../../arm-none-eabi/lib/thumb/v7e-m+fp/hard\libc_nano.a(lib_a-strlen.o)
                0x08000220                strlen
 .text          0x08000230       0xa0 d:/program files (x86)/gcc-arm-none-eabi-10-2020-q4-major-win32/tool/bin/../lib/gcc/arm-none-eabi/10.2.1/../../../../arm-none-eabi/lib/thumb/v7e-m+fp/hard\libc_nano.a(lib_a-memchr.o)
                0x08000230                memchr
 .text          0x080002d0      0x378 d:/program files (x86)/gcc-arm-none-eabi-10-2020-q4-major-win32/tool/bin/../lib/gcc/arm-none-eabi/10.2.1/thumb/v7e-m+fp/hard\libgcc.a(_arm_addsubdf3.o)
                0x080002d0                __aeabi_drsub
                0x080002d8                __aeabi_dsub
                0x080002d8                __subdf3
                0x080002dc                __aeabi_dadd
                0x080002dc                __adddf3
                0x08000554                __floatunsidf
                0x08000554                __aeabi_ui2d
                0x08000574                __floatsidf
                0x08000574                __aeabi_i2d
                0x08000598                __aeabi_f2d
                0x08000598                __extendsfdf2
                0x080005dc                __floatundidf
                0x080005dc                __aeabi_ul2d
                0x080005ec                __floatdidf
                0x080005ec                __aeabi_l2d
 .text          0x08000648      0x424 d:/program files (x86)/gcc-arm-none-eabi-10-2020-q4-major-win32/tool/bin/../lib/gcc/arm-none-eabi/10.2.1/thumb/v7e-m+fp/hard\libgcc.a(_arm_muldivdf3.o)
                0x08000648                __aeabi_dmul
                0x08000648                __muldf3
                0x0800089c                __divdf3
                0x0800089c                __aeabi_ddiv
 .text          0x08000a6c      0x110 d:/program files (x86)/gcc-arm-none-eabi-10-2020-q4-major-win32/tool/bin/../lib/gcc/arm-none-eabi/10.2.1/thumb/v7e-m+fp/hard\libgcc.a(_arm_cmpdf2.o)
                0x08000a6c                __gtdf2
                0x08000a6c                __gedf2
                0x08000a74                __ltdf2
                0x08000a74                __ledf2
                0x08000a7c                __nedf2
                0x08000a7c                __eqdf2
                0x08000a7c                __cmpdf2
                0x08000af8                __aeabi_cdrcmple
                0x08000b08                __aeabi_cdcmpeq
                0x08000b08                __aeabi_cdcmple
                0x08000b18                __aeabi_dcmpeq
                0x08000b2c                __aeabi_dcmplt
                0x08000b40                __aeabi_dcmple
                0x08000b54                __aeabi_dcmpge
                0x08000b68                __aeabi_dcmpgt
 .text          0x08000b7c       0x2c d:/program files (x86)/gcc-arm-none-eabi-10-2020-q4-major-win32/tool/bin/../lib/gcc/arm-none-eabi/10.2.1/thumb/v7e-m+fp/hard\libgcc.a(_arm_unorddf2.o)
                0x08000b7c                __unorddf2
                0x08000b7c                __aeabi_dcmpun
 .text          0x08000ba8       0x50 d:/program files (x86)/gcc-arm-none-eabi-10-2020-q4-major-win32/tool/bin/../lib/gcc/arm-none-eabi/10.2.1/thumb/v7e-m+fp/hard\libgcc.a(_arm_fixdfsi.o)
                0x08000ba8                __aeabi_d2iz
                0x08000ba8                __fixdfsi
 .text          0x08000bf8       0x30 d:/program files (x86)/gcc-arm-none-eabi-10-2020-q4-major-win32/tool/bin/../lib/gcc/arm-none-eabi/10.2.1/thumb/v7e-m+fp/hard\libgcc.a(_aeabi_uldivmod.o)
                0x08000bf8                __aeabi_uldivmod
 .text          0x08000c28      0x2d0 d:/program files (x86)/gcc-arm-none-eabi-10-2020-q4-major-win32/tool/bin/../lib/gcc/arm-none-eabi/10.2.1/thumb/v7e-m+fp/hard\libgcc.a(_udivmoddi4.o)
                0x08000c28                __udivmoddi4
 .text          0x08000ef8        0x4 d:/program files (x86)/gcc-arm-none-eabi-10-2020-q4-major-win32/tool/bin/../lib/gcc/arm-none-eabi/10.2.1/thumb/v7e-m+fp/hard\libgcc.a(_dvmd_tls.o)
                0x08000ef8                __aeabi_idiv0
                0x08000ef8                __aeabi_ldiv0
 *(.text*)
 .text.HAL_GPIO_EXTI_Callback
                0x08000efc       0x10 build/main.o
                0x08000efc                HAL_GPIO_EXTI_Callback
 .text.sysrunning_process
                0x08000f0c       0x54 build/main.o
                0x08000f0c                sysrunning_process
 .text.Error_Handler
                0x08000f60        0x4 build/main.o
                0x08000f60                Error_Handler
 .text.SystemClock_Config
                0x08000f64       0x70 build/main.o
                0x08000f64                SystemClock_Config
 .text.main     0x08000fd4       0x60 build/main.o
                0x08000fd4                main
 .text.MX_GPIO_Init
                0x08001034       0xd8 build/gpio.o
                0x08001034                MX_GPIO_Init
 .text.NMI_Handler
                0x0800110c        0x2 build/stm32g4xx_it.o
                0x0800110c                NMI_Handler
 .text.HardFault_Handler
                0x0800110e        0x2 build/stm32g4xx_it.o
                0x0800110e                HardFault_Handler
 .text.MemManage_Handler
                0x08001110        0x2 build/stm32g4xx_it.o
                0x08001110                MemManage_Handler
 .text.BusFault_Handler
                0x08001112        0x2 build/stm32g4xx_it.o
                0x08001112                BusFault_Handler
 .text.UsageFault_Handler
                0x08001114        0x2 build/stm32g4xx_it.o
                0x08001114                UsageFault_Handler
 .text.SVC_Handler
                0x08001116        0x2 build/stm32g4xx_it.o
                0x08001116                SVC_Handler
 .text.DebugMon_Handler
                0x08001118        0x2 build/stm32g4xx_it.o
                0x08001118                DebugMon_Handler
 .text.PendSV_Handler
                0x0800111a        0x2 build/stm32g4xx_it.o
                0x0800111a                PendSV_Handler
 .text.SysTick_Handler
                0x0800111c        0x8 build/stm32g4xx_it.o
                0x0800111c                SysTick_Handler
 .text.DMA1_Channel2_IRQHandler
                0x08001124       0x10 build/stm32g4xx_it.o
                0x08001124                DMA1_Channel2_IRQHandler
 .text.ADC1_2_IRQHandler
                0x08001134       0x10 build/stm32g4xx_it.o
                0x08001134                ADC1_2_IRQHandler
 .text.USART1_IRQHandler
                0x08001144       0x18 build/stm32g4xx_it.o
                0x08001144                USART1_IRQHandler
 .text.EXTI15_10_IRQHandler
                0x0800115c        0xc build/stm32g4xx_it.o
                0x0800115c                EXTI15_10_IRQHandler
 .text.HAL_MspInit
                0x08001168       0x38 build/stm32g4xx_hal_msp.o
                0x08001168                HAL_MspInit
 .text.TIM_OC1_SetConfig
                0x080011a0       0xa0 build/stm32g4xx_hal_tim.o
 .text.TIM_OC3_SetConfig
                0x08001240       0x8c build/stm32g4xx_hal_tim.o
 .text.TIM_OC4_SetConfig
                0x080012cc       0x8c build/stm32g4xx_hal_tim.o
 .text.TIM_OC5_SetConfig
                0x08001358       0x68 build/stm32g4xx_hal_tim.o
 .text.TIM_OC6_SetConfig
                0x080013c0       0x6c build/stm32g4xx_hal_tim.o
 .text.TIM_TI1_ConfigInputStage
                0x0800142c       0x26 build/stm32g4xx_hal_tim.o
 .text.TIM_TI2_ConfigInputStage
                0x08001452       0x28 build/stm32g4xx_hal_tim.o
 .text.TIM_ITRx_SetConfig
                0x0800147a       0x14 build/stm32g4xx_hal_tim.o
 .text.HAL_TIM_PWM_MspInit
                0x0800148e        0x2 build/stm32g4xx_hal_tim.o
                0x0800148e                HAL_TIM_PWM_MspInit
 .text.TIM_Base_SetConfig
                0x08001490       0xb8 build/stm32g4xx_hal_tim.o
                0x08001490                TIM_Base_SetConfig
 .text.HAL_TIM_Base_Init
                0x08001548       0x60 build/stm32g4xx_hal_tim.o
                0x08001548                HAL_TIM_Base_Init
 .text.HAL_TIM_PWM_Init
                0x080015a8       0x60 build/stm32g4xx_hal_tim.o
                0x080015a8                HAL_TIM_PWM_Init
 .text.TIM_OC2_SetConfig
                0x08001608       0x8c build/stm32g4xx_hal_tim.o
                0x08001608                TIM_OC2_SetConfig
 .text.HAL_TIM_PWM_ConfigChannel
                0x08001694      0x13a build/stm32g4xx_hal_tim.o
                0x08001694                HAL_TIM_PWM_ConfigChannel
 .text.TIM_ETR_SetConfig
                0x080017ce       0x1a build/stm32g4xx_hal_tim.o
                0x080017ce                TIM_ETR_SetConfig
 .text.HAL_TIM_ConfigClockSource
                0x080017e8      0x138 build/stm32g4xx_hal_tim.o
                0x080017e8                HAL_TIM_ConfigClockSource
 .text.TIM_CCxChannelCmd
                0x08001920       0x1e build/stm32g4xx_hal_tim.o
                0x08001920                TIM_CCxChannelCmd
 *fill*         0x0800193e        0x2 
 .text.HAL_TIM_PWM_Stop
                0x08001940       0xb8 build/stm32g4xx_hal_tim.o
                0x08001940                HAL_TIM_PWM_Stop
 .text.TIM_CCxNChannelCmd
                0x080019f8       0x1e build/stm32g4xx_hal_tim_ex.o
 .text.HAL_TIMEx_PWMN_Stop
                0x08001a16       0x76 build/stm32g4xx_hal_tim_ex.o
                0x08001a16                HAL_TIMEx_PWMN_Stop
 .text.HAL_TIMEx_MasterConfigSynchronization
                0x08001a8c       0x94 build/stm32g4xx_hal_tim_ex.o
                0x08001a8c                HAL_TIMEx_MasterConfigSynchronization
 .text.HAL_TIMEx_ConfigBreakDeadTime
                0x08001b20       0xbc build/stm32g4xx_hal_tim_ex.o
                0x08001b20                HAL_TIMEx_ConfigBreakDeadTime
 .text.HAL_PWREx_ControlVoltageScaling
                0x08001bdc      0x10c build/stm32g4xx_hal_pwr_ex.o
                0x08001bdc                HAL_PWREx_ControlVoltageScaling
 .text.HAL_PWREx_DisableUCPDDeadBattery
                0x08001ce8       0x10 build/stm32g4xx_hal_pwr_ex.o
                0x08001ce8                HAL_PWREx_DisableUCPDDeadBattery
 .text.HAL_InitTick
                0x08001cf8       0x50 build/stm32g4xx_hal.o
                0x08001cf8                HAL_InitTick
 .text.HAL_Init
                0x08001d48       0x1e build/stm32g4xx_hal.o
                0x08001d48                HAL_Init
 *fill*         0x08001d66        0x2 
 .text.HAL_IncTick
                0x08001d68       0x18 build/stm32g4xx_hal.o
                0x08001d68                HAL_IncTick
 .text.HAL_GetTick
                0x08001d80        0xc build/stm32g4xx_hal.o
                0x08001d80                HAL_GetTick
 .text.HAL_Delay
                0x08001d8c       0x28 build/stm32g4xx_hal.o
                0x08001d8c                HAL_Delay
 .text.RCC_GetSysClockFreqFromPLLSource
                0x08001db4       0x58 build/stm32g4xx_hal_rcc.o
 .text.HAL_RCC_OscConfig
                0x08001e0c      0x4e8 build/stm32g4xx_hal_rcc.o
                0x08001e0c                HAL_RCC_OscConfig
 .text.HAL_RCC_GetSysClockFreq
                0x080022f4       0x88 build/stm32g4xx_hal_rcc.o
                0x080022f4                HAL_RCC_GetSysClockFreq
 .text.HAL_RCC_ClockConfig
                0x0800237c      0x1f8 build/stm32g4xx_hal_rcc.o
                0x0800237c                HAL_RCC_ClockConfig
 .text.HAL_RCC_GetHCLKFreq
                0x08002574        0xc build/stm32g4xx_hal_rcc.o
                0x08002574                HAL_RCC_GetHCLKFreq
 .text.HAL_RCC_GetPCLK1Freq
                0x08002580       0x24 build/stm32g4xx_hal_rcc.o
                0x08002580                HAL_RCC_GetPCLK1Freq
 .text.HAL_RCC_GetPCLK2Freq
                0x080025a4       0x24 build/stm32g4xx_hal_rcc.o
                0x080025a4                HAL_RCC_GetPCLK2Freq
 .text.HAL_RCCEx_PeriphCLKConfig
                0x080025c8      0x2e4 build/stm32g4xx_hal_rcc_ex.o
                0x080025c8                HAL_RCCEx_PeriphCLKConfig
 .text.HAL_GPIO_Init
                0x080028ac      0x1d4 build/stm32g4xx_hal_gpio.o
                0x080028ac                HAL_GPIO_Init
 .text.HAL_GPIO_WritePin
                0x08002a80        0xa build/stm32g4xx_hal_gpio.o
                0x08002a80                HAL_GPIO_WritePin
 .text.HAL_GPIO_TogglePin
                0x08002a8a       0x12 build/stm32g4xx_hal_gpio.o
                0x08002a8a                HAL_GPIO_TogglePin
 .text.HAL_GPIO_EXTI_IRQHandler
                0x08002a9c       0x1c build/stm32g4xx_hal_gpio.o
                0x08002a9c                HAL_GPIO_EXTI_IRQHandler
 .text.DMA_SetConfig
                0x08002ab8       0x42 build/stm32g4xx_hal_dma.o
 *fill*         0x08002afa        0x2 
 .text.DMA_CalcDMAMUXChannelBaseAndMask
                0x08002afc       0x48 build/stm32g4xx_hal_dma.o
 .text.DMA_CalcDMAMUXRequestGenBaseAndMask
                0x08002b44       0x28 build/stm32g4xx_hal_dma.o
 .text.HAL_DMA_Init
                0x08002b6c       0xd8 build/stm32g4xx_hal_dma.o
                0x08002b6c                HAL_DMA_Init
 .text.HAL_DMA_Start_IT
                0x08002c44       0x94 build/stm32g4xx_hal_dma.o
                0x08002c44                HAL_DMA_Start_IT
 .text.HAL_DMA_Abort
                0x08002cd8       0x6c build/stm32g4xx_hal_dma.o
                0x08002cd8                HAL_DMA_Abort
 .text.HAL_DMA_Abort_IT
                0x08002d44       0x7e build/stm32g4xx_hal_dma.o
                0x08002d44                HAL_DMA_Abort_IT
 .text.HAL_DMA_IRQHandler
                0x08002dc2       0xc4 build/stm32g4xx_hal_dma.o
                0x08002dc2                HAL_DMA_IRQHandler
 .text.HAL_DMA_GetError
                0x08002e86        0x4 build/stm32g4xx_hal_dma.o
                0x08002e86                HAL_DMA_GetError
 *fill*         0x08002e8a        0x2 
 .text.HAL_NVIC_SetPriorityGrouping
                0x08002e8c       0x24 build/stm32g4xx_hal_cortex.o
                0x08002e8c                HAL_NVIC_SetPriorityGrouping
 .text.HAL_NVIC_SetPriority
                0x08002eb0       0x70 build/stm32g4xx_hal_cortex.o
                0x08002eb0                HAL_NVIC_SetPriority
 .text.HAL_NVIC_EnableIRQ
                0x08002f20       0x1c build/stm32g4xx_hal_cortex.o
                0x08002f20                HAL_NVIC_EnableIRQ
 .text.HAL_SYSTICK_Config
                0x08002f3c       0x28 build/stm32g4xx_hal_cortex.o
                0x08002f3c                HAL_SYSTICK_Config
 .text.SystemInit
                0x08002f64       0x14 build/system_stm32g4xx.o
                0x08002f64                SystemInit
 .text.max_val_01
                0x08002f78       0x14 build/tim.o
 .text.HAL_TIM_Base_MspInit
                0x08002f8c       0x2c build/tim.o
                0x08002f8c                HAL_TIM_Base_MspInit
 .text.HAL_TIM_MspPostInit
                0x08002fb8       0xb4 build/tim.o
                0x08002fb8                HAL_TIM_MspPostInit
 .text.MX_TIM1_Init
                0x0800306c      0x150 build/tim.o
                0x0800306c                MX_TIM1_Init
 .text.motor_set_pwm
                0x080031bc       0x74 build/tim.o
                0x080031bc                motor_set_pwm
 .text.motor_disable
                0x08003230       0x58 build/tim.o
                0x08003230                motor_disable
 .text.MX_ADC1_Init
                0x08003288      0x150 build/adc.o
                0x08003288                MX_ADC1_Init
 .text.HAL_ADC_MspInit
                0x080033d8       0xb8 build/adc.o
                0x080033d8                HAL_ADC_MspInit
 .text.HAL_ADCEx_InjectedConvCpltCallback
                0x08003490       0x40 build/adc.o
                0x08003490                HAL_ADCEx_InjectedConvCpltCallback
 .text.HAL_ADC_Init
                0x080034d0      0x240 build/stm32g4xx_hal_adc.o
                0x080034d0                HAL_ADC_Init
 .text.HAL_ADC_ConvCpltCallback
                0x08003710        0x2 build/stm32g4xx_hal_adc.o
                0x08003710                HAL_ADC_ConvCpltCallback
 .text.HAL_ADC_LevelOutOfWindowCallback
                0x08003712        0x2 build/stm32g4xx_hal_adc.o
                0x08003712                HAL_ADC_LevelOutOfWindowCallback
 .text.HAL_ADC_ErrorCallback
                0x08003714        0x2 build/stm32g4xx_hal_adc.o
                0x08003714                HAL_ADC_ErrorCallback
 *fill*         0x08003716        0x2 
 .text.HAL_ADC_IRQHandler
                0x08003718      0x294 build/stm32g4xx_hal_adc.o
                0x08003718                HAL_ADC_IRQHandler
 .text.HAL_ADC_ConfigChannel
                0x080039ac      0x4e4 build/stm32g4xx_hal_adc.o
                0x080039ac                HAL_ADC_ConfigChannel
 .text.ADC_ConversionStop
                0x08003e90      0x100 build/stm32g4xx_hal_adc.o
                0x08003e90                ADC_ConversionStop
 .text.ADC_Disable
                0x08003f90       0x94 build/stm32g4xx_hal_adc.o
                0x08003f90                ADC_Disable
 .text.HAL_ADCEx_InjectedStop_IT
                0x08004024       0x5e build/stm32g4xx_hal_adc_ex.o
                0x08004024                HAL_ADCEx_InjectedStop_IT
 .text.HAL_ADCEx_InjectedGetValue
                0x08004082       0x38 build/stm32g4xx_hal_adc_ex.o
                0x08004082                HAL_ADCEx_InjectedGetValue
 .text.HAL_ADCEx_InjectedQueueOverflowCallback
                0x080040ba        0x2 build/stm32g4xx_hal_adc_ex.o
                0x080040ba                HAL_ADCEx_InjectedQueueOverflowCallback
 .text.HAL_ADCEx_LevelOutOfWindow2Callback
                0x080040bc        0x2 build/stm32g4xx_hal_adc_ex.o
                0x080040bc                HAL_ADCEx_LevelOutOfWindow2Callback
 .text.HAL_ADCEx_LevelOutOfWindow3Callback
                0x080040be        0x2 build/stm32g4xx_hal_adc_ex.o
                0x080040be                HAL_ADCEx_LevelOutOfWindow3Callback
 .text.HAL_ADCEx_EndOfSamplingCallback
                0x080040c0        0x2 build/stm32g4xx_hal_adc_ex.o
                0x080040c0                HAL_ADCEx_EndOfSamplingCallback
 *fill*         0x080040c2        0x2 
 .text.HAL_ADCEx_InjectedConfigChannel
                0x080040c4      0x61c build/stm32g4xx_hal_adc_ex.o
                0x080040c4                HAL_ADCEx_InjectedConfigChannel
 .text.HAL_ADCEx_MultiModeConfigChannel
                0x080046e0      0x114 build/stm32g4xx_hal_adc_ex.o
                0x080046e0                HAL_ADCEx_MultiModeConfigChannel
 .text.MX_SPI1_Init
                0x080047f4       0x50 build/spi.o
                0x080047f4                MX_SPI1_Init
 .text.HAL_SPI_MspInit
                0x08004844       0x64 build/spi.o
                0x08004844                HAL_SPI_MspInit
 .text.SPI_WaitFlagStateUntilTimeout
                0x080048a8       0xd4 build/stm32g4xx_hal_spi.o
 .text.SPI_WaitFifoStateUntilTimeout
                0x0800497c       0xf4 build/stm32g4xx_hal_spi.o
 .text.SPI_EndRxTxTransaction
                0x08004a70       0x62 build/stm32g4xx_hal_spi.o
 .text.HAL_SPI_Init
                0x08004ad2       0xe8 build/stm32g4xx_hal_spi.o
                0x08004ad2                HAL_SPI_Init
 .text.HAL_SPI_TransmitReceive
                0x08004bba      0x2de build/stm32g4xx_hal_spi.o
                0x08004bba                HAL_SPI_TransmitReceive
 .text.MX_DMA_Init
                0x08004e98       0x44 build/dma.o
                0x08004e98                MX_DMA_Init
 .text.MX_USART1_UART_Init
                0x08004edc       0x84 build/usart.o
                0x08004edc                MX_USART1_UART_Init
 .text.HAL_UART_MspInit
                0x08004f60      0x104 build/usart.o
                0x08004f60                HAL_UART_MspInit
 .text.USER_UART_IRQHandler
                0x08005064       0x64 build/usart.o
                0x08005064                USER_UART_IRQHandler
 .text.UART_EndTxTransfer
                0x080050c8       0x32 build/stm32g4xx_hal_uart.o
 .text.UART_EndRxTransfer
                0x080050fa       0x56 build/stm32g4xx_hal_uart.o
 .text.HAL_UART_DMAStop
                0x08005150       0xae build/stm32g4xx_hal_uart.o
                0x08005150                HAL_UART_DMAStop
 .text.HAL_UART_TxCpltCallback
                0x080051fe        0x2 build/stm32g4xx_hal_uart.o
                0x080051fe                HAL_UART_TxCpltCallback
 .text.UART_EndTransmit_IT
                0x08005200       0x24 build/stm32g4xx_hal_uart.o
 .text.HAL_UART_RxCpltCallback
                0x08005224        0x2 build/stm32g4xx_hal_uart.o
                0x08005224                HAL_UART_RxCpltCallback
 .text.HAL_UART_RxHalfCpltCallback
                0x08005226        0x2 build/stm32g4xx_hal_uart.o
                0x08005226                HAL_UART_RxHalfCpltCallback
 .text.HAL_UART_ErrorCallback
                0x08005228        0x2 build/stm32g4xx_hal_uart.o
                0x08005228                HAL_UART_ErrorCallback
 .text.UART_DMAError
                0x0800522a       0x58 build/stm32g4xx_hal_uart.o
 .text.UART_DMAAbortOnError
                0x08005282       0x14 build/stm32g4xx_hal_uart.o
 .text.HAL_UARTEx_RxEventCallback
                0x08005296        0x2 build/stm32g4xx_hal_uart.o
                0x08005296                HAL_UARTEx_RxEventCallback
 .text.HAL_UART_IRQHandler
                0x08005298      0x334 build/stm32g4xx_hal_uart.o
                0x08005298                HAL_UART_IRQHandler
 .text.UART_DMARxHalfCplt
                0x080055cc       0x1c build/stm32g4xx_hal_uart.o
 .text.UART_DMAReceiveCplt
                0x080055e8       0x8e build/stm32g4xx_hal_uart.o
 *fill*         0x08005676        0x2 
 .text.UART_SetConfig
                0x08005678      0x344 build/stm32g4xx_hal_uart.o
                0x08005678                UART_SetConfig
 .text.UART_AdvFeatureConfig
                0x080059bc       0xca build/stm32g4xx_hal_uart.o
                0x080059bc                UART_AdvFeatureConfig
 .text.UART_WaitOnFlagUntilTimeout
                0x08005a86       0xdc build/stm32g4xx_hal_uart.o
                0x08005a86                UART_WaitOnFlagUntilTimeout
 .text.HAL_UART_Transmit
                0x08005b62       0xde build/stm32g4xx_hal_uart.o
                0x08005b62                HAL_UART_Transmit
 .text.UART_CheckIdleState
                0x08005c40       0x74 build/stm32g4xx_hal_uart.o
                0x08005c40                UART_CheckIdleState
 .text.HAL_UART_Init
                0x08005cb4       0x66 build/stm32g4xx_hal_uart.o
                0x08005cb4                HAL_UART_Init
 *fill*         0x08005d1a        0x2 
 .text.UART_Start_Receive_DMA
                0x08005d1c       0xb4 build/stm32g4xx_hal_uart.o
                0x08005d1c                UART_Start_Receive_DMA
 .text.HAL_UART_Receive_DMA
                0x08005dd0       0x5c build/stm32g4xx_hal_uart.o
                0x08005dd0                HAL_UART_Receive_DMA
 .text.UARTEx_SetNbDataToProcess
                0x08005e2c       0x4c build/stm32g4xx_hal_uart_ex.o
 .text.HAL_UARTEx_WakeupCallback
                0x08005e78        0x2 build/stm32g4xx_hal_uart_ex.o
                0x08005e78                HAL_UARTEx_WakeupCallback
 .text.HAL_UARTEx_RxFifoFullCallback
                0x08005e7a        0x2 build/stm32g4xx_hal_uart_ex.o
                0x08005e7a                HAL_UARTEx_RxFifoFullCallback
 .text.HAL_UARTEx_TxFifoEmptyCallback
                0x08005e7c        0x2 build/stm32g4xx_hal_uart_ex.o
                0x08005e7c                HAL_UARTEx_TxFifoEmptyCallback
 .text.HAL_UARTEx_DisableFifoMode
                0x08005e7e       0x3e build/stm32g4xx_hal_uart_ex.o
                0x08005e7e                HAL_UARTEx_DisableFifoMode
 .text.HAL_UARTEx_SetTxFifoThreshold
                0x08005ebc       0x4a build/stm32g4xx_hal_uart_ex.o
                0x08005ebc                HAL_UARTEx_SetTxFifoThreshold
 .text.HAL_UARTEx_SetRxFifoThreshold
                0x08005f06       0x4a build/stm32g4xx_hal_uart_ex.o
                0x08005f06                HAL_UARTEx_SetRxFifoThreshold
 .text.mt6816_read
                0x08005f50       0x78 build/mt6816.o
                0x08005f50                mt6816_read
 .text.foc_paraminit
                0x08005fc8       0x68 build/focmethod.o
                0x08005fc8                foc_paraminit
 .text._svpwm   0x08006030      0x314 build/focmethod.o
                0x08006030                _svpwm
 .text._3s_2s   0x08006344       0x2c build/focmethod.o
                0x08006344                _3s_2s
 .text._2s_2r   0x08006370       0x5e build/focmethod.o
                0x08006370                _2s_2r
 .text._2r_2s   0x080063ce       0x76 build/focmethod.o
                0x080063ce                _2r_2s
 .text.motortctrl_process
                0x08006444      0x100 build/motorctrl.o
                0x08006444                motortctrl_process
 .text.motorctrl_foccalc
                0x08006544      0x18c build/motorctrl.o
                0x08006544                motorctrl_foccalc
 .text.protocol_reciverdata_tofifo
                0x080066d0       0x14 build/protocol.o
                0x080066d0                protocol_reciverdata_tofifo
 .text.protocol_init
                0x080066e4       0x24 build/protocol.o
                0x080066e4                protocol_init
 .text.sensor_user_read
                0x08006708       0x54 build/sensor.o
                0x08006708                sensor_user_read
 .text.bytefifo_isfull
                0x0800675c       0x1e build/fifo.o
 .text.bytefifo_writebyte
                0x0800677a       0x34 build/fifo.o
 .text.bytefifo_usendbyte
                0x080067ae       0x1c build/fifo.o
 .text.bytefifo_init
                0x080067ca       0x16 build/fifo.o
                0x080067ca                bytefifo_init
 .text.bytefifo_writemulitebyge
                0x080067e0       0x52 build/fifo.o
                0x080067e0                bytefifo_writemulitebyge
 *fill*         0x08006832        0x2 
 .text.heap_init
                0x08006834       0x64 build/heap.o
 .text.insert_block_into_freeList
                0x08006898       0x64 build/heap.o
 .text.heap_malloc
                0x080068fc       0xb8 build/heap.o
                0x080068fc                heap_malloc
 .text.list_creat
                0x080069b4       0x12 build/list.o
                0x080069b4                list_creat
 *fill*         0x080069c6        0x2 
 .text.ipc_write_data
                0x080069c8       0x1c build/ipc_comdata.o
                0x080069c8                ipc_write_data
 .text._write   0x080069e4       0x20 build/printf_log.o
                0x080069e4                _write
 .text.User_Printf_Init
                0x08006a04        0x2 build/printf_log.o
                0x08006a04                User_Printf_Init
 .text.lowfilter_init
                0x08006a06       0x12 build/filter.o
                0x08006a06                lowfilter_init
 .text.lowfilter_cale
                0x08006a18       0x22 build/filter.o
                0x08006a18                lowfilter_cale
 .text.pid_init
                0x08006a3a       0x28 build/pid.o
                0x08006a3a                pid_init
 *fill*         0x08006a62        0x2 
 .text.Reset_Handler
                0x08006a64       0x50 build/startup_stm32g431xx.o
                0x08006a64                Reset_Handler
 .text.Default_Handler
                0x08006ab4        0x2 build/startup_stm32g431xx.o
                0x08006ab4                RTC_Alarm_IRQHandler
                0x08006ab4                EXTI2_IRQHandler
                0x08006ab4                TIM8_TRG_COM_IRQHandler
                0x08006ab4                TIM8_CC_IRQHandler
                0x08006ab4                TIM1_CC_IRQHandler
                0x08006ab4                USB_HP_IRQHandler
                0x08006ab4                CORDIC_IRQHandler
                0x08006ab4                EXTI3_IRQHandler
                0x08006ab4                I2C3_ER_IRQHandler
                0x08006ab4                EXTI0_IRQHandler
                0x08006ab4                I2C2_EV_IRQHandler
                0x08006ab4                FPU_IRQHandler
                0x08006ab4                FDCAN1_IT1_IRQHandler
                0x08006ab4                TIM1_UP_TIM16_IRQHandler
                0x08006ab4                SPI1_IRQHandler
                0x08006ab4                TIM6_DAC_IRQHandler
                0x08006ab4                TIM8_UP_IRQHandler
                0x08006ab4                DMA2_Channel2_IRQHandler
                0x08006ab4                DMA1_Channel4_IRQHandler
                0x08006ab4                USART3_IRQHandler
                0x08006ab4                TIM4_IRQHandler
                0x08006ab4                DMA2_Channel1_IRQHandler
                0x08006ab4                I2C1_EV_IRQHandler
                0x08006ab4                DMA1_Channel6_IRQHandler
                0x08006ab4                UART4_IRQHandler
                0x08006ab4                DMA2_Channel4_IRQHandler
                0x08006ab4                TIM3_IRQHandler
                0x08006ab4                RCC_IRQHandler
                0x08006ab4                DMA1_Channel1_IRQHandler
                0x08006ab4                Default_Handler
                0x08006ab4                RTC_TAMP_LSECSS_IRQHandler
                0x08006ab4                FMAC_IRQHandler
                0x08006ab4                TIM7_IRQHandler
                0x08006ab4                UCPD1_IRQHandler
                0x08006ab4                I2C3_EV_IRQHandler
                0x08006ab4                EXTI9_5_IRQHandler
                0x08006ab4                RTC_WKUP_IRQHandler
                0x08006ab4                PVD_PVM_IRQHandler
                0x08006ab4                SPI2_IRQHandler
                0x08006ab4                DMA2_Channel5_IRQHandler
                0x08006ab4                CRS_IRQHandler
                0x08006ab4                DMA1_Channel5_IRQHandler
                0x08006ab4                USB_LP_IRQHandler
                0x08006ab4                EXTI4_IRQHandler
                0x08006ab4                RNG_IRQHandler
                0x08006ab4                TIM1_TRG_COM_TIM17_IRQHandler
                0x08006ab4                DMA1_Channel3_IRQHandler
                0x08006ab4                WWDG_IRQHandler
                0x08006ab4                LPUART1_IRQHandler
                0x08006ab4                DMA2_Channel6_IRQHandler
                0x08006ab4                FDCAN1_IT0_IRQHandler
                0x08006ab4                TIM2_IRQHandler
                0x08006ab4                COMP1_2_3_IRQHandler
                0x08006ab4                EXTI1_IRQHandler
                0x08006ab4                USART2_IRQHandler
                0x08006ab4                I2C2_ER_IRQHandler
                0x08006ab4                TIM8_BRK_IRQHandler
                0x08006ab4                FLASH_IRQHandler
                0x08006ab4                SPI3_IRQHandler
                0x08006ab4                I2C1_ER_IRQHandler
                0x08006ab4                LPTIM1_IRQHandler
                0x08006ab4                DMAMUX_OVR_IRQHandler
                0x08006ab4                USBWakeUp_IRQHandler
                0x08006ab4                SAI1_IRQHandler
                0x08006ab4                DMA2_Channel3_IRQHandler
                0x08006ab4                COMP4_IRQHandler
                0x08006ab4                TIM1_BRK_TIM15_IRQHandler
 *fill*         0x08006ab6        0x2 
 .text.__libc_init_array
                0x08006ab8       0x48 d:/program files (x86)/gcc-arm-none-eabi-10-2020-q4-major-win32/tool/bin/../lib/gcc/arm-none-eabi/10.2.1/../../../../arm-none-eabi/lib/thumb/v7e-m+fp/hard\libc_nano.a(lib_a-init.o)
                0x08006ab8                __libc_init_array
 .text.memcpy   0x08006b00       0x1c d:/program files (x86)/gcc-arm-none-eabi-10-2020-q4-major-win32/tool/bin/../lib/gcc/arm-none-eabi/10.2.1/../../../../arm-none-eabi/lib/thumb/v7e-m+fp/hard\libc_nano.a(lib_a-memcpy-stub.o)
                0x08006b00                memcpy
 .text.memset   0x08006b1c       0x10 d:/program files (x86)/gcc-arm-none-eabi-10-2020-q4-major-win32/tool/bin/../lib/gcc/arm-none-eabi/10.2.1/../../../../arm-none-eabi/lib/thumb/v7e-m+fp/hard\libc_nano.a(lib_a-memset.o)
                0x08006b1c                memset
 .text.__cvt    0x08006b2c       0xc4 d:/program files (x86)/gcc-arm-none-eabi-10-2020-q4-major-win32/tool/bin/../lib/gcc/arm-none-eabi/10.2.1/../../../../arm-none-eabi/lib/thumb/v7e-m+fp/hard\libc_nano.a(lib_a-nano-vfprintf_float.o)
                0x08006b2c                __cvt
 .text.__exponent
                0x08006bf0       0x7c d:/program files (x86)/gcc-arm-none-eabi-10-2020-q4-major-win32/tool/bin/../lib/gcc/arm-none-eabi/10.2.1/../../../../arm-none-eabi/lib/thumb/v7e-m+fp/hard\libc_nano.a(lib_a-nano-vfprintf_float.o)
                0x08006bf0                __exponent
 .text._printf_float
                0x08006c6c      0x46c d:/program files (x86)/gcc-arm-none-eabi-10-2020-q4-major-win32/tool/bin/../lib/gcc/arm-none-eabi/10.2.1/../../../../arm-none-eabi/lib/thumb/v7e-m+fp/hard\libc_nano.a(lib_a-nano-vfprintf_float.o)
                0x08006c6c                _printf_float
 .text._printf_common
                0x080070d8       0xda d:/program files (x86)/gcc-arm-none-eabi-10-2020-q4-major-win32/tool/bin/../lib/gcc/arm-none-eabi/10.2.1/../../../../arm-none-eabi/lib/thumb/v7e-m+fp/hard\libc_nano.a(lib_a-nano-vfprintf_i.o)
                0x080070d8                _printf_common
 *fill*         0x080071b2        0x2 
 .text._printf_i
                0x080071b4      0x24c d:/program files (x86)/gcc-arm-none-eabi-10-2020-q4-major-win32/tool/bin/../lib/gcc/arm-none-eabi/10.2.1/../../../../arm-none-eabi/lib/thumb/v7e-m+fp/hard\libc_nano.a(lib_a-nano-vfprintf_i.o)
                0x080071b4                _printf_i
 .text.printf   0x08007400       0x30 d:/program files (x86)/gcc-arm-none-eabi-10-2020-q4-major-win32/tool/bin/../lib/gcc/arm-none-eabi/10.2.1/../../../../arm-none-eabi/lib/thumb/v7e-m+fp/hard\libc_nano.a(lib_a-printf.o)
                0x08007400                iprintf
                0x08007400                printf
 .text._puts_r  0x08007430       0xdc d:/program files (x86)/gcc-arm-none-eabi-10-2020-q4-major-win32/tool/bin/../lib/gcc/arm-none-eabi/10.2.1/../../../../arm-none-eabi/lib/thumb/v7e-m+fp/hard\libc_nano.a(lib_a-puts.o)
                0x08007430                _puts_r
 .text.puts     0x0800750c       0x10 d:/program files (x86)/gcc-arm-none-eabi-10-2020-q4-major-win32/tool/bin/../lib/gcc/arm-none-eabi/10.2.1/../../../../arm-none-eabi/lib/thumb/v7e-m+fp/hard\libc_nano.a(lib_a-puts.o)
                0x0800750c                puts
 .text.__swbuf_r
                0x0800751c       0xa4 d:/program files (x86)/gcc-arm-none-eabi-10-2020-q4-major-win32/tool/bin/../lib/gcc/arm-none-eabi/10.2.1/../../../../arm-none-eabi/lib/thumb/v7e-m+fp/hard\libc_nano.a(lib_a-wbuf.o)
                0x0800751c                __swbuf_r
 .text.__swsetup_r
                0x080075c0       0xdc d:/program files (x86)/gcc-arm-none-eabi-10-2020-q4-major-win32/tool/bin/../lib/gcc/arm-none-eabi/10.2.1/../../../../arm-none-eabi/lib/thumb/v7e-m+fp/hard\libc_nano.a(lib_a-wsetup.o)
                0x080075c0                __swsetup_r
 .text.quorem   0x0800769c      0x116 d:/program files (x86)/gcc-arm-none-eabi-10-2020-q4-major-win32/tool/bin/../lib/gcc/arm-none-eabi/10.2.1/../../../../arm-none-eabi/lib/thumb/v7e-m+fp/hard\libc_nano.a(lib_a-dtoa.o)
 *fill*         0x080077b2        0x6 
 .text._dtoa_r  0x080077b8      0xbdc d:/program files (x86)/gcc-arm-none-eabi-10-2020-q4-major-win32/tool/bin/../lib/gcc/arm-none-eabi/10.2.1/../../../../arm-none-eabi/lib/thumb/v7e-m+fp/hard\libc_nano.a(lib_a-dtoa.o)
                0x080077b8                _dtoa_r
 .text.__sflush_r
                0x08008394      0x10c d:/program files (x86)/gcc-arm-none-eabi-10-2020-q4-major-win32/tool/bin/../lib/gcc/arm-none-eabi/10.2.1/../../../../arm-none-eabi/lib/thumb/v7e-m+fp/hard\libc_nano.a(lib_a-fflush.o)
                0x08008394                __sflush_r
 .text._fflush_r
                0x080084a0       0x78 d:/program files (x86)/gcc-arm-none-eabi-10-2020-q4-major-win32/tool/bin/../lib/gcc/arm-none-eabi/10.2.1/../../../../arm-none-eabi/lib/thumb/v7e-m+fp/hard\libc_nano.a(lib_a-fflush.o)
                0x080084a0                _fflush_r
 .text.std      0x08008518       0x48 d:/program files (x86)/gcc-arm-none-eabi-10-2020-q4-major-win32/tool/bin/../lib/gcc/arm-none-eabi/10.2.1/../../../../arm-none-eabi/lib/thumb/v7e-m+fp/hard\libc_nano.a(lib_a-findfp.o)
 .text._cleanup_r
                0x08008560        0xc d:/program files (x86)/gcc-arm-none-eabi-10-2020-q4-major-win32/tool/bin/../lib/gcc/arm-none-eabi/10.2.1/../../../../arm-none-eabi/lib/thumb/v7e-m+fp/hard\libc_nano.a(lib_a-findfp.o)
                0x08008560                _cleanup_r
 .text.__sfmoreglue
                0x0800856c       0x2c d:/program files (x86)/gcc-arm-none-eabi-10-2020-q4-major-win32/tool/bin/../lib/gcc/arm-none-eabi/10.2.1/../../../../arm-none-eabi/lib/thumb/v7e-m+fp/hard\libc_nano.a(lib_a-findfp.o)
                0x0800856c                __sfmoreglue
 .text.__sfp_lock_acquire
                0x08008598        0xc d:/program files (x86)/gcc-arm-none-eabi-10-2020-q4-major-win32/tool/bin/../lib/gcc/arm-none-eabi/10.2.1/../../../../arm-none-eabi/lib/thumb/v7e-m+fp/hard\libc_nano.a(lib_a-findfp.o)
                0x08008598                __sfp_lock_acquire
 .text.__sfp_lock_release
                0x080085a4        0xc d:/program files (x86)/gcc-arm-none-eabi-10-2020-q4-major-win32/tool/bin/../lib/gcc/arm-none-eabi/10.2.1/../../../../arm-none-eabi/lib/thumb/v7e-m+fp/hard\libc_nano.a(lib_a-findfp.o)
                0x080085a4                __sfp_lock_release
 .text.__sinit_lock_acquire
                0x080085b0        0xc d:/program files (x86)/gcc-arm-none-eabi-10-2020-q4-major-win32/tool/bin/../lib/gcc/arm-none-eabi/10.2.1/../../../../arm-none-eabi/lib/thumb/v7e-m+fp/hard\libc_nano.a(lib_a-findfp.o)
                0x080085b0                __sinit_lock_acquire
 .text.__sinit_lock_release
                0x080085bc        0xc d:/program files (x86)/gcc-arm-none-eabi-10-2020-q4-major-win32/tool/bin/../lib/gcc/arm-none-eabi/10.2.1/../../../../arm-none-eabi/lib/thumb/v7e-m+fp/hard\libc_nano.a(lib_a-findfp.o)
                0x080085bc                __sinit_lock_release
 .text.__sinit  0x080085c8       0x70 d:/program files (x86)/gcc-arm-none-eabi-10-2020-q4-major-win32/tool/bin/../lib/gcc/arm-none-eabi/10.2.1/../../../../arm-none-eabi/lib/thumb/v7e-m+fp/hard\libc_nano.a(lib_a-findfp.o)
                0x080085c8                __sinit
 .text.__sfp    0x08008638       0x8c d:/program files (x86)/gcc-arm-none-eabi-10-2020-q4-major-win32/tool/bin/../lib/gcc/arm-none-eabi/10.2.1/../../../../arm-none-eabi/lib/thumb/v7e-m+fp/hard\libc_nano.a(lib_a-findfp.o)
                0x08008638                __sfp
 .text._fwalk_reent
                0x080086c4       0x3e d:/program files (x86)/gcc-arm-none-eabi-10-2020-q4-major-win32/tool/bin/../lib/gcc/arm-none-eabi/10.2.1/../../../../arm-none-eabi/lib/thumb/v7e-m+fp/hard\libc_nano.a(lib_a-fwalk.o)
                0x080086c4                _fwalk_reent
 *fill*         0x08008702        0x2 
 .text._localeconv_r
                0x08008704        0x8 d:/program files (x86)/gcc-arm-none-eabi-10-2020-q4-major-win32/tool/bin/../lib/gcc/arm-none-eabi/10.2.1/../../../../arm-none-eabi/lib/thumb/v7e-m+fp/hard\libc_nano.a(lib_a-localeconv.o)
                0x08008704                _localeconv_r
 .text.__retarget_lock_init_recursive
                0x0800870c        0x2 d:/program files (x86)/gcc-arm-none-eabi-10-2020-q4-major-win32/tool/bin/../lib/gcc/arm-none-eabi/10.2.1/../../../../arm-none-eabi/lib/thumb/v7e-m+fp/hard\libc_nano.a(lib_a-lock.o)
                0x0800870c                __retarget_lock_init_recursive
 .text.__retarget_lock_acquire_recursive
                0x0800870e        0x2 d:/program files (x86)/gcc-arm-none-eabi-10-2020-q4-major-win32/tool/bin/../lib/gcc/arm-none-eabi/10.2.1/../../../../arm-none-eabi/lib/thumb/v7e-m+fp/hard\libc_nano.a(lib_a-lock.o)
                0x0800870e                __retarget_lock_acquire_recursive
 .text.__retarget_lock_release_recursive
                0x08008710        0x2 d:/program files (x86)/gcc-arm-none-eabi-10-2020-q4-major-win32/tool/bin/../lib/gcc/arm-none-eabi/10.2.1/../../../../arm-none-eabi/lib/thumb/v7e-m+fp/hard\libc_nano.a(lib_a-lock.o)
                0x08008710                __retarget_lock_release_recursive
 .text.__swhatbuf_r
                0x08008712       0x4a d:/program files (x86)/gcc-arm-none-eabi-10-2020-q4-major-win32/tool/bin/../lib/gcc/arm-none-eabi/10.2.1/../../../../arm-none-eabi/lib/thumb/v7e-m+fp/hard\libc_nano.a(lib_a-makebuf.o)
                0x08008712                __swhatbuf_r
 .text.__smakebuf_r
                0x0800875c       0x80 d:/program files (x86)/gcc-arm-none-eabi-10-2020-q4-major-win32/tool/bin/../lib/gcc/arm-none-eabi/10.2.1/../../../../arm-none-eabi/lib/thumb/v7e-m+fp/hard\libc_nano.a(lib_a-makebuf.o)
                0x0800875c                __smakebuf_r
 .text.malloc   0x080087dc       0x10 d:/program files (x86)/gcc-arm-none-eabi-10-2020-q4-major-win32/tool/bin/../lib/gcc/arm-none-eabi/10.2.1/../../../../arm-none-eabi/lib/thumb/v7e-m+fp/hard\libc_nano.a(lib_a-malloc.o)
                0x080087dc                malloc
 .text._Balloc  0x080087ec       0x80 d:/program files (x86)/gcc-arm-none-eabi-10-2020-q4-major-win32/tool/bin/../lib/gcc/arm-none-eabi/10.2.1/../../../../arm-none-eabi/lib/thumb/v7e-m+fp/hard\libc_nano.a(lib_a-mprec.o)
                0x080087ec                _Balloc
 .text._Bfree   0x0800886c       0x44 d:/program files (x86)/gcc-arm-none-eabi-10-2020-q4-major-win32/tool/bin/../lib/gcc/arm-none-eabi/10.2.1/../../../../arm-none-eabi/lib/thumb/v7e-m+fp/hard\libc_nano.a(lib_a-mprec.o)
                0x0800886c                _Bfree
 .text.__multadd
                0x080088b0       0x8c d:/program files (x86)/gcc-arm-none-eabi-10-2020-q4-major-win32/tool/bin/../lib/gcc/arm-none-eabi/10.2.1/../../../../arm-none-eabi/lib/thumb/v7e-m+fp/hard\libc_nano.a(lib_a-mprec.o)
                0x080088b0                __multadd
 .text.__hi0bits
                0x0800893c       0x40 d:/program files (x86)/gcc-arm-none-eabi-10-2020-q4-major-win32/tool/bin/../lib/gcc/arm-none-eabi/10.2.1/../../../../arm-none-eabi/lib/thumb/v7e-m+fp/hard\libc_nano.a(lib_a-mprec.o)
                0x0800893c                __hi0bits
 .text.__lo0bits
                0x0800897c       0x5e d:/program files (x86)/gcc-arm-none-eabi-10-2020-q4-major-win32/tool/bin/../lib/gcc/arm-none-eabi/10.2.1/../../../../arm-none-eabi/lib/thumb/v7e-m+fp/hard\libc_nano.a(lib_a-mprec.o)
                0x0800897c                __lo0bits
 *fill*         0x080089da        0x2 
 .text.__i2b    0x080089dc       0x2c d:/program files (x86)/gcc-arm-none-eabi-10-2020-q4-major-win32/tool/bin/../lib/gcc/arm-none-eabi/10.2.1/../../../../arm-none-eabi/lib/thumb/v7e-m+fp/hard\libc_nano.a(lib_a-mprec.o)
                0x080089dc                __i2b
 .text.__multiply
                0x08008a08      0x154 d:/program files (x86)/gcc-arm-none-eabi-10-2020-q4-major-win32/tool/bin/../lib/gcc/arm-none-eabi/10.2.1/../../../../arm-none-eabi/lib/thumb/v7e-m+fp/hard\libc_nano.a(lib_a-mprec.o)
                0x08008a08                __multiply
 .text.__pow5mult
                0x08008b5c       0xb4 d:/program files (x86)/gcc-arm-none-eabi-10-2020-q4-major-win32/tool/bin/../lib/gcc/arm-none-eabi/10.2.1/../../../../arm-none-eabi/lib/thumb/v7e-m+fp/hard\libc_nano.a(lib_a-mprec.o)
                0x08008b5c                __pow5mult
 .text.__lshift
                0x08008c10       0xe0 d:/program files (x86)/gcc-arm-none-eabi-10-2020-q4-major-win32/tool/bin/../lib/gcc/arm-none-eabi/10.2.1/../../../../arm-none-eabi/lib/thumb/v7e-m+fp/hard\libc_nano.a(lib_a-mprec.o)
                0x08008c10                __lshift
 .text.__mcmp   0x08008cf0       0x38 d:/program files (x86)/gcc-arm-none-eabi-10-2020-q4-major-win32/tool/bin/../lib/gcc/arm-none-eabi/10.2.1/../../../../arm-none-eabi/lib/thumb/v7e-m+fp/hard\libc_nano.a(lib_a-mprec.o)
                0x08008cf0                __mcmp
 .text.__mdiff  0x08008d28      0x114 d:/program files (x86)/gcc-arm-none-eabi-10-2020-q4-major-win32/tool/bin/../lib/gcc/arm-none-eabi/10.2.1/../../../../arm-none-eabi/lib/thumb/v7e-m+fp/hard\libc_nano.a(lib_a-mprec.o)
                0x08008d28                __mdiff
 .text.__d2b    0x08008e3c       0xb8 d:/program files (x86)/gcc-arm-none-eabi-10-2020-q4-major-win32/tool/bin/../lib/gcc/arm-none-eabi/10.2.1/../../../../arm-none-eabi/lib/thumb/v7e-m+fp/hard\libc_nano.a(lib_a-mprec.o)
                0x08008e3c                __d2b
 .text._calloc_r
                0x08008ef4       0x1e d:/program files (x86)/gcc-arm-none-eabi-10-2020-q4-major-win32/tool/bin/../lib/gcc/arm-none-eabi/10.2.1/../../../../arm-none-eabi/lib/thumb/v7e-m+fp/hard\libc_nano.a(lib_a-nano-callocr.o)
                0x08008ef4                _calloc_r
 *fill*         0x08008f12        0x2 
 .text._free_r  0x08008f14       0x98 d:/program files (x86)/gcc-arm-none-eabi-10-2020-q4-major-win32/tool/bin/../lib/gcc/arm-none-eabi/10.2.1/../../../../arm-none-eabi/lib/thumb/v7e-m+fp/hard\libc_nano.a(lib_a-nano-freer.o)
                0x08008f14                _free_r
 .text._malloc_r
                0x08008fac       0xb4 d:/program files (x86)/gcc-arm-none-eabi-10-2020-q4-major-win32/tool/bin/../lib/gcc/arm-none-eabi/10.2.1/../../../../arm-none-eabi/lib/thumb/v7e-m+fp/hard\libc_nano.a(lib_a-nano-mallocr.o)
                0x08008fac                _malloc_r
 .text.__sfputc_r
                0x08009060       0x2e d:/program files (x86)/gcc-arm-none-eabi-10-2020-q4-major-win32/tool/bin/../lib/gcc/arm-none-eabi/10.2.1/../../../../arm-none-eabi/lib/thumb/v7e-m+fp/hard\libc_nano.a(lib_a-nano-vfprintf.o)
 .text.__sfputs_r
                0x0800908e       0x24 d:/program files (x86)/gcc-arm-none-eabi-10-2020-q4-major-win32/tool/bin/../lib/gcc/arm-none-eabi/10.2.1/../../../../arm-none-eabi/lib/thumb/v7e-m+fp/hard\libc_nano.a(lib_a-nano-vfprintf.o)
                0x0800908e                __sfputs_r
 *fill*         0x080090b2        0x2 
 .text._vfprintf_r
                0x080090b4      0x260 d:/program files (x86)/gcc-arm-none-eabi-10-2020-q4-major-win32/tool/bin/../lib/gcc/arm-none-eabi/10.2.1/../../../../arm-none-eabi/lib/thumb/v7e-m+fp/hard\libc_nano.a(lib_a-nano-vfprintf.o)
                0x080090b4                _vfprintf_r
                0x080090b4                _vfiprintf_r
 .text._sbrk_r  0x08009314       0x20 d:/program files (x86)/gcc-arm-none-eabi-10-2020-q4-major-win32/tool/bin/../lib/gcc/arm-none-eabi/10.2.1/../../../../arm-none-eabi/lib/thumb/v7e-m+fp/hard\libc_nano.a(lib_a-sbrkr.o)
                0x08009314                _sbrk_r
 .text.__sread  0x08009334       0x22 d:/program files (x86)/gcc-arm-none-eabi-10-2020-q4-major-win32/tool/bin/../lib/gcc/arm-none-eabi/10.2.1/../../../../arm-none-eabi/lib/thumb/v7e-m+fp/hard\libc_nano.a(lib_a-stdio.o)
                0x08009334                __sread
 .text.__swrite
                0x08009356       0x38 d:/program files (x86)/gcc-arm-none-eabi-10-2020-q4-major-win32/tool/bin/../lib/gcc/arm-none-eabi/10.2.1/../../../../arm-none-eabi/lib/thumb/v7e-m+fp/hard\libc_nano.a(lib_a-stdio.o)
                0x08009356                __swrite
 .text.__sseek  0x0800938e       0x24 d:/program files (x86)/gcc-arm-none-eabi-10-2020-q4-major-win32/tool/bin/../lib/gcc/arm-none-eabi/10.2.1/../../../../arm-none-eabi/lib/thumb/v7e-m+fp/hard\libc_nano.a(lib_a-stdio.o)
                0x0800938e                __sseek
 .text.__sclose
                0x080093b2        0x8 d:/program files (x86)/gcc-arm-none-eabi-10-2020-q4-major-win32/tool/bin/../lib/gcc/arm-none-eabi/10.2.1/../../../../arm-none-eabi/lib/thumb/v7e-m+fp/hard\libc_nano.a(lib_a-stdio.o)
                0x080093b2                __sclose
 *fill*         0x080093ba        0x2 
 .text._write_r
                0x080093bc       0x24 d:/program files (x86)/gcc-arm-none-eabi-10-2020-q4-major-win32/tool/bin/../lib/gcc/arm-none-eabi/10.2.1/../../../../arm-none-eabi/lib/thumb/v7e-m+fp/hard\libc_nano.a(lib_a-writer.o)
                0x080093bc                _write_r
 .text.__assert_func
                0x080093e0       0x3c d:/program files (x86)/gcc-arm-none-eabi-10-2020-q4-major-win32/tool/bin/../lib/gcc/arm-none-eabi/10.2.1/../../../../arm-none-eabi/lib/thumb/v7e-m+fp/hard\libc_nano.a(lib_a-assert.o)
                0x080093e0                __assert_func
 .text._close_r
                0x0800941c       0x20 d:/program files (x86)/gcc-arm-none-eabi-10-2020-q4-major-win32/tool/bin/../lib/gcc/arm-none-eabi/10.2.1/../../../../arm-none-eabi/lib/thumb/v7e-m+fp/hard\libc_nano.a(lib_a-closer.o)
                0x0800941c                _close_r
 .text.fprintf  0x0800943c       0x24 d:/program files (x86)/gcc-arm-none-eabi-10-2020-q4-major-win32/tool/bin/../lib/gcc/arm-none-eabi/10.2.1/../../../../arm-none-eabi/lib/thumb/v7e-m+fp/hard\libc_nano.a(lib_a-fprintf.o)
                0x0800943c                fiprintf
                0x0800943c                fprintf
 .text._fstat_r
                0x08009460       0x24 d:/program files (x86)/gcc-arm-none-eabi-10-2020-q4-major-win32/tool/bin/../lib/gcc/arm-none-eabi/10.2.1/../../../../arm-none-eabi/lib/thumb/v7e-m+fp/hard\libc_nano.a(lib_a-fstatr.o)
                0x08009460                _fstat_r
 .text._isatty_r
                0x08009484       0x20 d:/program files (x86)/gcc-arm-none-eabi-10-2020-q4-major-win32/tool/bin/../lib/gcc/arm-none-eabi/10.2.1/../../../../arm-none-eabi/lib/thumb/v7e-m+fp/hard\libc_nano.a(lib_a-isattyr.o)
                0x08009484                _isatty_r
 .text._lseek_r
                0x080094a4       0x24 d:/program files (x86)/gcc-arm-none-eabi-10-2020-q4-major-win32/tool/bin/../lib/gcc/arm-none-eabi/10.2.1/../../../../arm-none-eabi/lib/thumb/v7e-m+fp/hard\libc_nano.a(lib_a-lseekr.o)
                0x080094a4                _lseek_r
 .text.__ascii_mbtowc
                0x080094c8       0x24 d:/program files (x86)/gcc-arm-none-eabi-10-2020-q4-major-win32/tool/bin/../lib/gcc/arm-none-eabi/10.2.1/../../../../arm-none-eabi/lib/thumb/v7e-m+fp/hard\libc_nano.a(lib_a-mbtowc_r.o)
                0x080094c8                __ascii_mbtowc
 .text.__malloc_lock
                0x080094ec        0xc d:/program files (x86)/gcc-arm-none-eabi-10-2020-q4-major-win32/tool/bin/../lib/gcc/arm-none-eabi/10.2.1/../../../../arm-none-eabi/lib/thumb/v7e-m+fp/hard\libc_nano.a(lib_a-mlock.o)
                0x080094ec                __malloc_lock
 .text.__malloc_unlock
                0x080094f8        0xc d:/program files (x86)/gcc-arm-none-eabi-10-2020-q4-major-win32/tool/bin/../lib/gcc/arm-none-eabi/10.2.1/../../../../arm-none-eabi/lib/thumb/v7e-m+fp/hard\libc_nano.a(lib_a-mlock.o)
                0x080094f8                __malloc_unlock
 .text._read_r  0x08009504       0x24 d:/program files (x86)/gcc-arm-none-eabi-10-2020-q4-major-win32/tool/bin/../lib/gcc/arm-none-eabi/10.2.1/../../../../arm-none-eabi/lib/thumb/v7e-m+fp/hard\libc_nano.a(lib_a-readr.o)
                0x08009504                _read_r
 .text.__ascii_wctomb
                0x08009528       0x1a d:/program files (x86)/gcc-arm-none-eabi-10-2020-q4-major-win32/tool/bin/../lib/gcc/arm-none-eabi/10.2.1/../../../../arm-none-eabi/lib/thumb/v7e-m+fp/hard\libc_nano.a(lib_a-wctomb_r.o)
                0x08009528                __ascii_wctomb
 .text.abort    0x08009542        0xe d:/program files (x86)/gcc-arm-none-eabi-10-2020-q4-major-win32/tool/bin/../lib/gcc/arm-none-eabi/10.2.1/../../../../arm-none-eabi/lib/thumb/v7e-m+fp/hard\libc_nano.a(lib_a-abort.o)
                0x08009542                abort
 .text._raise_r
                0x08009550       0x50 d:/program files (x86)/gcc-arm-none-eabi-10-2020-q4-major-win32/tool/bin/../lib/gcc/arm-none-eabi/10.2.1/../../../../arm-none-eabi/lib/thumb/v7e-m+fp/hard\libc_nano.a(lib_a-signal.o)
                0x08009550                _raise_r
 .text.raise    0x080095a0       0x10 d:/program files (x86)/gcc-arm-none-eabi-10-2020-q4-major-win32/tool/bin/../lib/gcc/arm-none-eabi/10.2.1/../../../../arm-none-eabi/lib/thumb/v7e-m+fp/hard\libc_nano.a(lib_a-signal.o)
                0x080095a0                raise
 .text._kill_r  0x080095b0       0x24 d:/program files (x86)/gcc-arm-none-eabi-10-2020-q4-major-win32/tool/bin/../lib/gcc/arm-none-eabi/10.2.1/../../../../arm-none-eabi/lib/thumb/v7e-m+fp/hard\libc_nano.a(lib_a-signalr.o)
                0x080095b0                _kill_r
 .text._getpid_r
                0x080095d4        0x4 d:/program files (x86)/gcc-arm-none-eabi-10-2020-q4-major-win32/tool/bin/../lib/gcc/arm-none-eabi/10.2.1/../../../../arm-none-eabi/lib/thumb/v7e-m+fp/hard\libc_nano.a(lib_a-signalr.o)
                0x080095d4                _getpid_r
 .text.cosf     0x080095d8       0x70 d:/program files (x86)/gcc-arm-none-eabi-10-2020-q4-major-win32/tool/bin/../lib/gcc/arm-none-eabi/10.2.1/../../../../arm-none-eabi/lib/thumb/v7e-m+fp/hard\libm.a(lib_a-sf_cos.o)
                0x080095d8                cosf
 .text.sinf     0x08009648       0x74 d:/program files (x86)/gcc-arm-none-eabi-10-2020-q4-major-win32/tool/bin/../lib/gcc/arm-none-eabi/10.2.1/../../../../arm-none-eabi/lib/thumb/v7e-m+fp/hard\libm.a(lib_a-sf_sin.o)
                0x08009648                sinf
 .text.__ieee754_rem_pio2f
                0x080096bc      0x264 d:/program files (x86)/gcc-arm-none-eabi-10-2020-q4-major-win32/tool/bin/../lib/gcc/arm-none-eabi/10.2.1/../../../../arm-none-eabi/lib/thumb/v7e-m+fp/hard\libm.a(lib_a-ef_rem_pio2.o)
                0x080096bc                __ieee754_rem_pio2f
 .text.__kernel_cosf
                0x08009920      0x104 d:/program files (x86)/gcc-arm-none-eabi-10-2020-q4-major-win32/tool/bin/../lib/gcc/arm-none-eabi/10.2.1/../../../../arm-none-eabi/lib/thumb/v7e-m+fp/hard\libm.a(lib_a-kf_cos.o)
                0x08009920                __kernel_cosf
 .text.__kernel_rem_pio2f
                0x08009a24      0x674 d:/program files (x86)/gcc-arm-none-eabi-10-2020-q4-major-win32/tool/bin/../lib/gcc/arm-none-eabi/10.2.1/../../../../arm-none-eabi/lib/thumb/v7e-m+fp/hard\libm.a(lib_a-kf_rem_pio2.o)
                0x08009a24                __kernel_rem_pio2f
 .text.__kernel_sinf
                0x0800a098       0x90 d:/program files (x86)/gcc-arm-none-eabi-10-2020-q4-major-win32/tool/bin/../lib/gcc/arm-none-eabi/10.2.1/../../../../arm-none-eabi/lib/thumb/v7e-m+fp/hard\libm.a(lib_a-kf_sin.o)
                0x0800a098                __kernel_sinf
 .text.fabsf    0x0800a128       0x10 d:/program files (x86)/gcc-arm-none-eabi-10-2020-q4-major-win32/tool/bin/../lib/gcc/arm-none-eabi/10.2.1/../../../../arm-none-eabi/lib/thumb/v7e-m+fp/hard\libm.a(lib_a-sf_fabs.o)
                0x0800a128                fabsf
 .text.floorf   0x0800a138       0x8c d:/program files (x86)/gcc-arm-none-eabi-10-2020-q4-major-win32/tool/bin/../lib/gcc/arm-none-eabi/10.2.1/../../../../arm-none-eabi/lib/thumb/v7e-m+fp/hard\libm.a(lib_a-sf_floor.o)
                0x0800a138                floorf
 .text.scalbnf  0x0800a1c4       0xe4 d:/program files (x86)/gcc-arm-none-eabi-10-2020-q4-major-win32/tool/bin/../lib/gcc/arm-none-eabi/10.2.1/../../../../arm-none-eabi/lib/thumb/v7e-m+fp/hard\libm.a(lib_a-sf_scalbn.o)
                0x0800a1c4                scalbnf
 .text._close   0x0800a2a8       0x10 d:/program files (x86)/gcc-arm-none-eabi-10-2020-q4-major-win32/tool/bin/../lib/gcc/arm-none-eabi/10.2.1/../../../../arm-none-eabi/lib/thumb/v7e-m+fp/hard\libnosys.a(close.o)
                0x0800a2a8                _close
 .text._fstat   0x0800a2b8       0x10 d:/program files (x86)/gcc-arm-none-eabi-10-2020-q4-major-win32/tool/bin/../lib/gcc/arm-none-eabi/10.2.1/../../../../arm-none-eabi/lib/thumb/v7e-m+fp/hard\libnosys.a(fstat.o)
                0x0800a2b8                _fstat
 .text._getpid  0x0800a2c8       0x10 d:/program files (x86)/gcc-arm-none-eabi-10-2020-q4-major-win32/tool/bin/../lib/gcc/arm-none-eabi/10.2.1/../../../../arm-none-eabi/lib/thumb/v7e-m+fp/hard\libnosys.a(getpid.o)
                0x0800a2c8                _getpid
 .text._isatty  0x0800a2d8       0x10 d:/program files (x86)/gcc-arm-none-eabi-10-2020-q4-major-win32/tool/bin/../lib/gcc/arm-none-eabi/10.2.1/../../../../arm-none-eabi/lib/thumb/v7e-m+fp/hard\libnosys.a(isatty.o)
                0x0800a2d8                _isatty
 .text._kill    0x0800a2e8       0x10 d:/program files (x86)/gcc-arm-none-eabi-10-2020-q4-major-win32/tool/bin/../lib/gcc/arm-none-eabi/10.2.1/../../../../arm-none-eabi/lib/thumb/v7e-m+fp/hard\libnosys.a(kill.o)
                0x0800a2e8                _kill
 .text._lseek   0x0800a2f8       0x10 d:/program files (x86)/gcc-arm-none-eabi-10-2020-q4-major-win32/tool/bin/../lib/gcc/arm-none-eabi/10.2.1/../../../../arm-none-eabi/lib/thumb/v7e-m+fp/hard\libnosys.a(lseek.o)
                0x0800a2f8                _lseek
 .text._read    0x0800a308       0x10 d:/program files (x86)/gcc-arm-none-eabi-10-2020-q4-major-win32/tool/bin/../lib/gcc/arm-none-eabi/10.2.1/../../../../arm-none-eabi/lib/thumb/v7e-m+fp/hard\libnosys.a(read.o)
                0x0800a308                _read
 .text._sbrk    0x0800a318       0x1c d:/program files (x86)/gcc-arm-none-eabi-10-2020-q4-major-win32/tool/bin/../lib/gcc/arm-none-eabi/10.2.1/../../../../arm-none-eabi/lib/thumb/v7e-m+fp/hard\libnosys.a(sbrk.o)
                0x0800a318                _sbrk
 .text._exit    0x0800a334        0x4 d:/program files (x86)/gcc-arm-none-eabi-10-2020-q4-major-win32/tool/bin/../lib/gcc/arm-none-eabi/10.2.1/../../../../arm-none-eabi/lib/thumb/v7e-m+fp/hard\libnosys.a(_exit.o)
                0x0800a334                _exit
 *(.glue_7)
 .glue_7        0x0800a338        0x0 linker stubs
 *(.glue_7t)
 .glue_7t       0x0800a338        0x0 linker stubs
 *(.eh_frame)
 .eh_frame      0x0800a338        0x0 d:/program files (x86)/gcc-arm-none-eabi-10-2020-q4-major-win32/tool/bin/../lib/gcc/arm-none-eabi/10.2.1/thumb/v7e-m+fp/hard/crtbegin.o
 *(.init)
 .init          0x0800a338        0x4 d:/program files (x86)/gcc-arm-none-eabi-10-2020-q4-major-win32/tool/bin/../lib/gcc/arm-none-eabi/10.2.1/thumb/v7e-m+fp/hard/crti.o
                0x0800a338                _init
 .init          0x0800a33c        0x8 d:/program files (x86)/gcc-arm-none-eabi-10-2020-q4-major-win32/tool/bin/../lib/gcc/arm-none-eabi/10.2.1/thumb/v7e-m+fp/hard/crtn.o
 *(.fini)
 .fini          0x0800a344        0x4 d:/program files (x86)/gcc-arm-none-eabi-10-2020-q4-major-win32/tool/bin/../lib/gcc/arm-none-eabi/10.2.1/thumb/v7e-m+fp/hard/crti.o
                0x0800a344                _fini
 .fini          0x0800a348        0x8 d:/program files (x86)/gcc-arm-none-eabi-10-2020-q4-major-win32/tool/bin/../lib/gcc/arm-none-eabi/10.2.1/thumb/v7e-m+fp/hard/crtn.o
                0x0800a350                . = ALIGN (0x4)
                0x0800a350                _etext = .

.vfp11_veneer   0x0800a350        0x0
 .vfp11_veneer  0x0800a350        0x0 linker stubs

.v4_bx          0x0800a350        0x0
 .v4_bx         0x0800a350        0x0 linker stubs

.iplt           0x0800a350        0x0
 .iplt          0x0800a350        0x0 d:/program files (x86)/gcc-arm-none-eabi-10-2020-q4-major-win32/tool/bin/../lib/gcc/arm-none-eabi/10.2.1/thumb/v7e-m+fp/hard/crtbegin.o

.rodata         0x0800a350      0x89c
                0x0800a350                . = ALIGN (0x4)
 *(.rodata)
 *(.rodata*)
 .rodata.main.str1.4
                0x0800a350       0x22 build/main.o
 *fill*         0x0800a372        0x2 
 .rodata.AHBPrescTable
                0x0800a374       0x10 build/system_stm32g4xx.o
                0x0800a374                AHBPrescTable
 .rodata.APBPrescTable
                0x0800a384        0x8 build/system_stm32g4xx.o
                0x0800a384                APBPrescTable
 .rodata.UARTPrescTable
                0x0800a38c       0x18 build/stm32g4xx_hal_uart.o
                0x0800a38c                UARTPrescTable
 .rodata.denominator.0
                0x0800a3a4        0x8 build/stm32g4xx_hal_uart_ex.o
 .rodata.numerator.1
                0x0800a3ac        0x8 build/stm32g4xx_hal_uart_ex.o
 .rodata._svpwm.str1.4
                0x0800a3b4       0x1f build/focmethod.o
 *fill*         0x0800a3d3        0x1 
 .rodata.g_sensor_arry
                0x0800a3d4       0x24 build/sensor.o
 .rodata._global_impure_ptr
                0x0800a3f8        0x4 d:/program files (x86)/gcc-arm-none-eabi-10-2020-q4-major-win32/tool/bin/../lib/gcc/arm-none-eabi/10.2.1/../../../../arm-none-eabi/lib/thumb/v7e-m+fp/hard\libc_nano.a(lib_a-impure.o)
                0x0800a3f8                _global_impure_ptr
 .rodata._printf_float.str1.1
                0x0800a3fc       0x12 d:/program files (x86)/gcc-arm-none-eabi-10-2020-q4-major-win32/tool/bin/../lib/gcc/arm-none-eabi/10.2.1/../../../../arm-none-eabi/lib/thumb/v7e-m+fp/hard\libc_nano.a(lib_a-nano-vfprintf_float.o)
 .rodata._printf_i.str1.1
                0x0800a40e       0x22 d:/program files (x86)/gcc-arm-none-eabi-10-2020-q4-major-win32/tool/bin/../lib/gcc/arm-none-eabi/10.2.1/../../../../arm-none-eabi/lib/thumb/v7e-m+fp/hard\libc_nano.a(lib_a-nano-vfprintf_i.o)
 .rodata._dtoa_r.str1.1
                0x0800a430       0xb2 d:/program files (x86)/gcc-arm-none-eabi-10-2020-q4-major-win32/tool/bin/../lib/gcc/arm-none-eabi/10.2.1/../../../../arm-none-eabi/lib/thumb/v7e-m+fp/hard\libc_nano.a(lib_a-dtoa.o)
                                 0xb4 (size before relaxing)
 *fill*         0x0800a4e2        0x2 
 .rodata.__sf_fake_stderr
                0x0800a4e4       0x20 d:/program files (x86)/gcc-arm-none-eabi-10-2020-q4-major-win32/tool/bin/../lib/gcc/arm-none-eabi/10.2.1/../../../../arm-none-eabi/lib/thumb/v7e-m+fp/hard\libc_nano.a(lib_a-findfp.o)
                0x0800a4e4                __sf_fake_stderr
 .rodata.__sf_fake_stdin
                0x0800a504       0x20 d:/program files (x86)/gcc-arm-none-eabi-10-2020-q4-major-win32/tool/bin/../lib/gcc/arm-none-eabi/10.2.1/../../../../arm-none-eabi/lib/thumb/v7e-m+fp/hard\libc_nano.a(lib_a-findfp.o)
                0x0800a504                __sf_fake_stdin
 .rodata.__sf_fake_stdout
                0x0800a524       0x20 d:/program files (x86)/gcc-arm-none-eabi-10-2020-q4-major-win32/tool/bin/../lib/gcc/arm-none-eabi/10.2.1/../../../../arm-none-eabi/lib/thumb/v7e-m+fp/hard\libc_nano.a(lib_a-findfp.o)
                0x0800a524                __sf_fake_stdout
 .rodata._Balloc.str1.1
                0x0800a544       0x7e d:/program files (x86)/gcc-arm-none-eabi-10-2020-q4-major-win32/tool/bin/../lib/gcc/arm-none-eabi/10.2.1/../../../../arm-none-eabi/lib/thumb/v7e-m+fp/hard\libc_nano.a(lib_a-mprec.o)
                                 0x95 (size before relaxing)
 .rodata.__multadd.str1.1
                0x0800a5c2       0x11 d:/program files (x86)/gcc-arm-none-eabi-10-2020-q4-major-win32/tool/bin/../lib/gcc/arm-none-eabi/10.2.1/../../../../arm-none-eabi/lib/thumb/v7e-m+fp/hard\libc_nano.a(lib_a-mprec.o)
 *fill*         0x0800a5c2        0x6 
 .rodata.__mprec_bigtens
                0x0800a5c8       0x28 d:/program files (x86)/gcc-arm-none-eabi-10-2020-q4-major-win32/tool/bin/../lib/gcc/arm-none-eabi/10.2.1/../../../../arm-none-eabi/lib/thumb/v7e-m+fp/hard\libc_nano.a(lib_a-mprec.o)
                0x0800a5c8                __mprec_bigtens
 .rodata.__mprec_tens
                0x0800a5f0       0xc8 d:/program files (x86)/gcc-arm-none-eabi-10-2020-q4-major-win32/tool/bin/../lib/gcc/arm-none-eabi/10.2.1/../../../../arm-none-eabi/lib/thumb/v7e-m+fp/hard\libc_nano.a(lib_a-mprec.o)
                0x0800a5f0                __mprec_tens
 .rodata.p05.0  0x0800a6b8        0xc d:/program files (x86)/gcc-arm-none-eabi-10-2020-q4-major-win32/tool/bin/../lib/gcc/arm-none-eabi/10.2.1/../../../../arm-none-eabi/lib/thumb/v7e-m+fp/hard\libc_nano.a(lib_a-mprec.o)
 .rodata._vfprintf_r.str1.1
                0x0800a6c4       0x11 d:/program files (x86)/gcc-arm-none-eabi-10-2020-q4-major-win32/tool/bin/../lib/gcc/arm-none-eabi/10.2.1/../../../../arm-none-eabi/lib/thumb/v7e-m+fp/hard\libc_nano.a(lib_a-nano-vfprintf.o)
 .rodata.__assert_func.str1.1
                0x0800a6d5       0x3c d:/program files (x86)/gcc-arm-none-eabi-10-2020-q4-major-win32/tool/bin/../lib/gcc/arm-none-eabi/10.2.1/../../../../arm-none-eabi/lib/thumb/v7e-m+fp/hard\libc_nano.a(lib_a-assert.o)
                                 0x3d (size before relaxing)
 .rodata._setlocale_r.str1.1
                0x0800a711        0x8 d:/program files (x86)/gcc-arm-none-eabi-10-2020-q4-major-win32/tool/bin/../lib/gcc/arm-none-eabi/10.2.1/../../../../arm-none-eabi/lib/thumb/v7e-m+fp/hard\libc_nano.a(lib_a-locale.o)
                                  0x9 (size before relaxing)
 .rodata.str1.1
                0x0800a719        0x2 d:/program files (x86)/gcc-arm-none-eabi-10-2020-q4-major-win32/tool/bin/../lib/gcc/arm-none-eabi/10.2.1/../../../../arm-none-eabi/lib/thumb/v7e-m+fp/hard\libc_nano.a(lib_a-locale.o)
 .rodata._ctype_
                0x0800a71b      0x101 d:/program files (x86)/gcc-arm-none-eabi-10-2020-q4-major-win32/tool/bin/../lib/gcc/arm-none-eabi/10.2.1/../../../../arm-none-eabi/lib/thumb/v7e-m+fp/hard\libc_nano.a(lib_a-ctype_.o)
                0x0800a71b                _ctype_
 .rodata.npio2_hw
                0x0800a81c       0x80 d:/program files (x86)/gcc-arm-none-eabi-10-2020-q4-major-win32/tool/bin/../lib/gcc/arm-none-eabi/10.2.1/../../../../arm-none-eabi/lib/thumb/v7e-m+fp/hard\libm.a(lib_a-ef_rem_pio2.o)
 .rodata.two_over_pi
                0x0800a89c      0x318 d:/program files (x86)/gcc-arm-none-eabi-10-2020-q4-major-win32/tool/bin/../lib/gcc/arm-none-eabi/10.2.1/../../../../arm-none-eabi/lib/thumb/v7e-m+fp/hard\libm.a(lib_a-ef_rem_pio2.o)
 .rodata.PIo2   0x0800abb4       0x2c d:/program files (x86)/gcc-arm-none-eabi-10-2020-q4-major-win32/tool/bin/../lib/gcc/arm-none-eabi/10.2.1/../../../../arm-none-eabi/lib/thumb/v7e-m+fp/hard\libm.a(lib_a-kf_rem_pio2.o)
 .rodata.init_jk
                0x0800abe0        0xc d:/program files (x86)/gcc-arm-none-eabi-10-2020-q4-major-win32/tool/bin/../lib/gcc/arm-none-eabi/10.2.1/../../../../arm-none-eabi/lib/thumb/v7e-m+fp/hard\libm.a(lib_a-kf_rem_pio2.o)
                0x0800abec                . = ALIGN (0x4)

.ARM.extab
 *(.ARM.extab* .gnu.linkonce.armextab.*)

.ARM            0x0800abec        0x8
                0x0800abec                __exidx_start = .
 *(.ARM.exidx*)
 .ARM.exidx     0x0800abec        0x8 d:/program files (x86)/gcc-arm-none-eabi-10-2020-q4-major-win32/tool/bin/../lib/gcc/arm-none-eabi/10.2.1/thumb/v7e-m+fp/hard\libgcc.a(_udivmoddi4.o)
                0x0800abf4                __exidx_end = .

.rel.dyn        0x0800abf4        0x0
 .rel.iplt      0x0800abf4        0x0 d:/program files (x86)/gcc-arm-none-eabi-10-2020-q4-major-win32/tool/bin/../lib/gcc/arm-none-eabi/10.2.1/thumb/v7e-m+fp/hard/crtbegin.o

.preinit_array  0x0800abf4        0x0
                0x0800abf4                PROVIDE (__preinit_array_start = .)
 *(.preinit_array*)
                0x0800abf4                PROVIDE (__preinit_array_end = .)

.init_array     0x0800abf4        0x4
                0x0800abf4                PROVIDE (__init_array_start = .)
 *(SORT_BY_NAME(.init_array.*))
 *(.init_array*)
 .init_array    0x0800abf4        0x4 d:/program files (x86)/gcc-arm-none-eabi-10-2020-q4-major-win32/tool/bin/../lib/gcc/arm-none-eabi/10.2.1/thumb/v7e-m+fp/hard/crtbegin.o
                0x0800abf8                PROVIDE (__init_array_end = .)

.fini_array     0x0800abf8        0x4
                [!provide]                PROVIDE (__fini_array_start = .)
 *(SORT_BY_NAME(.fini_array.*))
 *(.fini_array*)
 .fini_array    0x0800abf8        0x4 d:/program files (x86)/gcc-arm-none-eabi-10-2020-q4-major-win32/tool/bin/../lib/gcc/arm-none-eabi/10.2.1/thumb/v7e-m+fp/hard/crtbegin.o
                [!provide]                PROVIDE (__fini_array_end = .)
                0x0800abfc                _sidata = LOADADDR (.data)

.data           0x20000000      0x1e0 load address 0x0800abfc
                0x20000000                . = ALIGN (0x4)
                0x20000000                _sdata = .
 *(.data)
 *(.data*)
 .data.uwTickFreq
                0x20000000        0x4 build/stm32g4xx_hal.o
                0x20000000                uwTickFreq
 .data.uwTickPrio
                0x20000004        0x4 build/stm32g4xx_hal.o
                0x20000004                uwTickPrio
 .data.SystemCoreClock
                0x20000008        0x4 build/system_stm32g4xx.o
                0x20000008                SystemCoreClock
 .data.Spi_TxData
                0x2000000c        0x4 build/mt6816.o
 .data._impure_ptr
                0x20000010        0x4 d:/program files (x86)/gcc-arm-none-eabi-10-2020-q4-major-win32/tool/bin/../lib/gcc/arm-none-eabi/10.2.1/../../../../arm-none-eabi/lib/thumb/v7e-m+fp/hard\libc_nano.a(lib_a-impure.o)
                0x20000010                _impure_ptr
 .data.impure_data
                0x20000014       0x60 d:/program files (x86)/gcc-arm-none-eabi-10-2020-q4-major-win32/tool/bin/../lib/gcc/arm-none-eabi/10.2.1/../../../../arm-none-eabi/lib/thumb/v7e-m+fp/hard\libc_nano.a(lib_a-impure.o)
 .data.__global_locale
                0x20000074      0x16c d:/program files (x86)/gcc-arm-none-eabi-10-2020-q4-major-win32/tool/bin/../lib/gcc/arm-none-eabi/10.2.1/../../../../arm-none-eabi/lib/thumb/v7e-m+fp/hard\libc_nano.a(lib_a-locale.o)
                0x20000074                __global_locale
                0x200001e0                . = ALIGN (0x4)
                0x200001e0                _edata = .

.igot.plt       0x200001e0        0x0 load address 0x0800addc
 .igot.plt      0x200001e0        0x0 d:/program files (x86)/gcc-arm-none-eabi-10-2020-q4-major-win32/tool/bin/../lib/gcc/arm-none-eabi/10.2.1/thumb/v7e-m+fp/hard/crtbegin.o
                0x200001e0                . = ALIGN (0x4)

.bss            0x200001e0     0x18d0 load address 0x0800addc
                0x200001e0                _sbss = .
                0x200001e0                __bss_start__ = _sbss
 *(.bss)
 .bss           0x200001e0       0x1c d:/program files (x86)/gcc-arm-none-eabi-10-2020-q4-major-win32/tool/bin/../lib/gcc/arm-none-eabi/10.2.1/thumb/v7e-m+fp/hard/crtbegin.o
 *(.bss*)
 .bss.sg_SYSRuning
                0x200001fc        0x8 build/main.o
 .bss.uwTick    0x20000204        0x4 build/stm32g4xx_hal.o
                0x20000204                uwTick
 .bss.AAAAA     0x20000208        0x4 build/tim.o
                0x20000208                AAAAA
 .bss.htim1     0x2000020c       0x4c build/tim.o
                0x2000020c                htim1
 .bss.hadc1     0x20000258       0x6c build/adc.o
                0x20000258                hadc1
 .bss.hspi1     0x200002c4       0x64 build/spi.o
                0x200002c4                hspi1
 .bss.hdma_usart1_rx
                0x20000328       0x60 build/usart.o
                0x20000328                hdma_usart1_rx
 .bss.hdma_usart1_tx
                0x20000388       0x60 build/usart.o
                0x20000388                hdma_usart1_tx
 .bss.huart1    0x200003e8       0x90 build/usart.o
                0x200003e8                huart1
 .bss.sg_uartreceive_buff
                0x20000478      0x100 build/usart.o
 .bss.Spi_pRxData
                0x20000578        0x4 build/mt6816.o
 .bss.data.0    0x2000057c        0xc build/mt6816.o
 .bss.AAA1.5    0x20000588        0x4 build/focmethod.o
 .bss.AAA2.4    0x2000058c        0x4 build/focmethod.o
 .bss.AAA3.3    0x20000590        0x4 build/focmethod.o
 .bss.BBB1.2    0x20000594        0x4 build/focmethod.o
 .bss.BBB2.1    0x20000598        0x4 build/focmethod.o
 .bss.BBB3.0    0x2000059c        0x4 build/focmethod.o
 .bss.sg_curloop_param
                0x200005a0       0x38 build/focmethod.o
 .bss.sgp_curloop_d_pid
                0x200005d8        0x4 build/focmethod.o
                0x200005d8                sgp_curloop_d_pid
 .bss.sgp_curloop_q_pid
                0x200005dc        0x4 build/focmethod.o
                0x200005dc                sgp_curloop_q_pid
 .bss.g_Motor1  0x200005e0        0x4 build/motorctrl.o
                0x200005e0                g_Motor1
 .bss.sg_elefilter
                0x200005e4       0x18 build/motorctrl.o
 .bss.theta.0   0x200005fc        0x4 build/motorctrl.o
 .bss.theta.1   0x20000600        0x4 build/motorctrl.o
 .bss.fifo_receive_buff
                0x20000604      0x400 build/protocol.o
 .bss.gtransmit_list
                0x20000a04        0x4 build/protocol.o
                0x20000a04                gtransmit_list
 .bss.protocol_fifo_handle
                0x20000a08       0x10 build/protocol.o
 .bss.g_data_arry
                0x20000a18       0x24 build/sensor.o
 .bss.rawdata.0
                0x20000a3c        0xc build/sensor.o
 .bss.block_allocatedbit
                0x20000a48        0x4 build/heap.o
 .bss.free_bytes_remaining
                0x20000a4c        0x4 build/heap.o
 .bss.minimum_everfreebytes_remaining
                0x20000a50        0x4 build/heap.o
 .bss.pend      0x20000a54        0x4 build/heap.o
 .bss.pstart    0x20000a58        0x8 build/heap.o
 .bss.ucHeap    0x20000a60     0x1000 build/heap.o
 .bss.gIpc_datazone
                0x20001a60       0x38 build/ipc_comdata.o
 .bss.gEventGroup
                0x20001a98        0x4 build/ipc_event.o
                0x20001a98                gEventGroup
 .bss.__lock___malloc_recursive_mutex
                0x20001a9c        0x1 d:/program files (x86)/gcc-arm-none-eabi-10-2020-q4-major-win32/tool/bin/../lib/gcc/arm-none-eabi/10.2.1/../../../../arm-none-eabi/lib/thumb/v7e-m+fp/hard\libc_nano.a(lib_a-lock.o)
                0x20001a9c                __lock___malloc_recursive_mutex
 .bss.__lock___sfp_recursive_mutex
                0x20001a9d        0x1 d:/program files (x86)/gcc-arm-none-eabi-10-2020-q4-major-win32/tool/bin/../lib/gcc/arm-none-eabi/10.2.1/../../../../arm-none-eabi/lib/thumb/v7e-m+fp/hard\libc_nano.a(lib_a-lock.o)
                0x20001a9d                __lock___sfp_recursive_mutex
 .bss.__lock___sinit_recursive_mutex
                0x20001a9e        0x1 d:/program files (x86)/gcc-arm-none-eabi-10-2020-q4-major-win32/tool/bin/../lib/gcc/arm-none-eabi/10.2.1/../../../../arm-none-eabi/lib/thumb/v7e-m+fp/hard\libc_nano.a(lib_a-lock.o)
                0x20001a9e                __lock___sinit_recursive_mutex
 *fill*         0x20001a9f        0x1 
 .bss.__malloc_free_list
                0x20001aa0        0x4 d:/program files (x86)/gcc-arm-none-eabi-10-2020-q4-major-win32/tool/bin/../lib/gcc/arm-none-eabi/10.2.1/../../../../arm-none-eabi/lib/thumb/v7e-m+fp/hard\libc_nano.a(lib_a-nano-mallocr.o)
                0x20001aa0                __malloc_free_list
 .bss.__malloc_sbrk_start
                0x20001aa4        0x4 d:/program files (x86)/gcc-arm-none-eabi-10-2020-q4-major-win32/tool/bin/../lib/gcc/arm-none-eabi/10.2.1/../../../../arm-none-eabi/lib/thumb/v7e-m+fp/hard\libc_nano.a(lib_a-nano-mallocr.o)
                0x20001aa4                __malloc_sbrk_start
 .bss.errno     0x20001aa8        0x4 d:/program files (x86)/gcc-arm-none-eabi-10-2020-q4-major-win32/tool/bin/../lib/gcc/arm-none-eabi/10.2.1/../../../../arm-none-eabi/lib/thumb/v7e-m+fp/hard\libc_nano.a(lib_a-reent.o)
                0x20001aa8                errno
 .bss.heap_end.0
                0x20001aac        0x4 d:/program files (x86)/gcc-arm-none-eabi-10-2020-q4-major-win32/tool/bin/../lib/gcc/arm-none-eabi/10.2.1/../../../../arm-none-eabi/lib/thumb/v7e-m+fp/hard\libnosys.a(sbrk.o)
 *(COMMON)
                0x20001ab0                . = ALIGN (0x4)
                0x20001ab0                _ebss = .
                0x20001ab0                __bss_end__ = _ebss

._user_heap_stack
                0x20001ab0      0xc00 load address 0x0800addc
                0x20001ab0                . = ALIGN (0x8)
                0x20001ab0                PROVIDE (end = .)
                [!provide]                PROVIDE (_end = .)
                0x20001eb0                . = (. + _Min_Heap_Size)
 *fill*         0x20001ab0      0x400 
                0x200026b0                . = (. + _Min_Stack_Size)
 *fill*         0x20001eb0      0x800 
                0x200026b0                . = ALIGN (0x8)

/DISCARD/
 libc.a(*)
 libm.a(*)
 libgcc.a(*)

.ARM.attributes
                0x00000000       0x30
 *(.ARM.attributes)
 .ARM.attributes
                0x00000000       0x1e d:/program files (x86)/gcc-arm-none-eabi-10-2020-q4-major-win32/tool/bin/../lib/gcc/arm-none-eabi/10.2.1/thumb/v7e-m+fp/hard/crti.o
 .ARM.attributes
                0x0000001e       0x34 d:/program files (x86)/gcc-arm-none-eabi-10-2020-q4-major-win32/tool/bin/../lib/gcc/arm-none-eabi/10.2.1/thumb/v7e-m+fp/hard/crtbegin.o
 .ARM.attributes
                0x00000052       0x34 build/main.o
 .ARM.attributes
                0x00000086       0x34 build/gpio.o
 .ARM.attributes
                0x000000ba       0x34 build/stm32g4xx_it.o
 .ARM.attributes
                0x000000ee       0x34 build/stm32g4xx_hal_msp.o
 .ARM.attributes
                0x00000122       0x34 build/stm32g4xx_hal_tim.o
 .ARM.attributes
                0x00000156       0x34 build/stm32g4xx_hal_tim_ex.o
 .ARM.attributes
                0x0000018a       0x34 build/stm32g4xx_hal_pwr_ex.o
 .ARM.attributes
                0x000001be       0x34 build/stm32g4xx_hal.o
 .ARM.attributes
                0x000001f2       0x34 build/stm32g4xx_hal_rcc.o
 .ARM.attributes
                0x00000226       0x34 build/stm32g4xx_hal_rcc_ex.o
 .ARM.attributes
                0x0000025a       0x34 build/stm32g4xx_hal_gpio.o
 .ARM.attributes
                0x0000028e       0x34 build/stm32g4xx_hal_dma.o
 .ARM.attributes
                0x000002c2       0x34 build/stm32g4xx_hal_cortex.o
 .ARM.attributes
                0x000002f6       0x34 build/system_stm32g4xx.o
 .ARM.attributes
                0x0000032a       0x34 build/tim.o
 .ARM.attributes
                0x0000035e       0x34 build/adc.o
 .ARM.attributes
                0x00000392       0x34 build/stm32g4xx_hal_adc.o
 .ARM.attributes
                0x000003c6       0x34 build/stm32g4xx_hal_adc_ex.o
 .ARM.attributes
                0x000003fa       0x34 build/spi.o
 .ARM.attributes
                0x0000042e       0x34 build/stm32g4xx_hal_spi.o
 .ARM.attributes
                0x00000462       0x34 build/dma.o
 .ARM.attributes
                0x00000496       0x34 build/usart.o
 .ARM.attributes
                0x000004ca       0x34 build/stm32g4xx_hal_uart.o
 .ARM.attributes
                0x000004fe       0x34 build/stm32g4xx_hal_uart_ex.o
 .ARM.attributes
                0x00000532       0x34 build/mt6816.o
 .ARM.attributes
                0x00000566       0x34 build/focmethod.o
 .ARM.attributes
                0x0000059a       0x34 build/motorctrl.o
 .ARM.attributes
                0x000005ce       0x34 build/protocol.o
 .ARM.attributes
                0x00000602       0x34 build/sensor.o
 .ARM.attributes
                0x00000636       0x34 build/fifo.o
 .ARM.attributes
                0x0000066a       0x34 build/heap.o
 .ARM.attributes
                0x0000069e       0x34 build/list.o
 .ARM.attributes
                0x000006d2       0x34 build/ipc_comdata.o
 .ARM.attributes
                0x00000706       0x39 build/ipc_event.o
 .ARM.attributes
                0x0000073f       0x34 build/printf_log.o
 .ARM.attributes
                0x00000773       0x34 build/filter.o
 .ARM.attributes
                0x000007a7       0x34 build/pid.o
 .ARM.attributes
                0x000007db       0x21 build/startup_stm32g431xx.o
 .ARM.attributes
                0x000007fc       0x32 d:/program files (x86)/gcc-arm-none-eabi-10-2020-q4-major-win32/tool/bin/../lib/gcc/arm-none-eabi/10.2.1/../../../../arm-none-eabi/lib/thumb/v7e-m+fp/hard\libc_nano.a(lib_a-impure.o)
 .ARM.attributes
                0x0000082e       0x34 d:/program files (x86)/gcc-arm-none-eabi-10-2020-q4-major-win32/tool/bin/../lib/gcc/arm-none-eabi/10.2.1/../../../../arm-none-eabi/lib/thumb/v7e-m+fp/hard\libc_nano.a(lib_a-init.o)
 .ARM.attributes
                0x00000862       0x34 d:/program files (x86)/gcc-arm-none-eabi-10-2020-q4-major-win32/tool/bin/../lib/gcc/arm-none-eabi/10.2.1/../../../../arm-none-eabi/lib/thumb/v7e-m+fp/hard\libc_nano.a(lib_a-memcpy-stub.o)
 .ARM.attributes
                0x00000896       0x34 d:/program files (x86)/gcc-arm-none-eabi-10-2020-q4-major-win32/tool/bin/../lib/gcc/arm-none-eabi/10.2.1/../../../../arm-none-eabi/lib/thumb/v7e-m+fp/hard\libc_nano.a(lib_a-memset.o)
 .ARM.attributes
                0x000008ca       0x34 d:/program files (x86)/gcc-arm-none-eabi-10-2020-q4-major-win32/tool/bin/../lib/gcc/arm-none-eabi/10.2.1/../../../../arm-none-eabi/lib/thumb/v7e-m+fp/hard\libc_nano.a(lib_a-nano-vfprintf_float.o)
 .ARM.attributes
                0x000008fe       0x34 d:/program files (x86)/gcc-arm-none-eabi-10-2020-q4-major-win32/tool/bin/../lib/gcc/arm-none-eabi/10.2.1/../../../../arm-none-eabi/lib/thumb/v7e-m+fp/hard\libc_nano.a(lib_a-nano-vfprintf_i.o)
 .ARM.attributes
                0x00000932       0x34 d:/program files (x86)/gcc-arm-none-eabi-10-2020-q4-major-win32/tool/bin/../lib/gcc/arm-none-eabi/10.2.1/../../../../arm-none-eabi/lib/thumb/v7e-m+fp/hard\libc_nano.a(lib_a-printf.o)
 .ARM.attributes
                0x00000966       0x34 d:/program files (x86)/gcc-arm-none-eabi-10-2020-q4-major-win32/tool/bin/../lib/gcc/arm-none-eabi/10.2.1/../../../../arm-none-eabi/lib/thumb/v7e-m+fp/hard\libc_nano.a(lib_a-puts.o)
 .ARM.attributes
                0x0000099a       0x17 d:/program files (x86)/gcc-arm-none-eabi-10-2020-q4-major-win32/tool/bin/../lib/gcc/arm-none-eabi/10.2.1/../../../../arm-none-eabi/lib/thumb/v7e-m+fp/hard\libc_nano.a(lib_a-strlen.o)
 .ARM.attributes
                0x000009b1       0x34 d:/program files (x86)/gcc-arm-none-eabi-10-2020-q4-major-win32/tool/bin/../lib/gcc/arm-none-eabi/10.2.1/../../../../arm-none-eabi/lib/thumb/v7e-m+fp/hard\libc_nano.a(lib_a-wbuf.o)
 .ARM.attributes
                0x000009e5       0x34 d:/program files (x86)/gcc-arm-none-eabi-10-2020-q4-major-win32/tool/bin/../lib/gcc/arm-none-eabi/10.2.1/../../../../arm-none-eabi/lib/thumb/v7e-m+fp/hard\libc_nano.a(lib_a-wsetup.o)
 .ARM.attributes
                0x00000a19       0x34 d:/program files (x86)/gcc-arm-none-eabi-10-2020-q4-major-win32/tool/bin/../lib/gcc/arm-none-eabi/10.2.1/../../../../arm-none-eabi/lib/thumb/v7e-m+fp/hard\libc_nano.a(lib_a-dtoa.o)
 .ARM.attributes
                0x00000a4d       0x34 d:/program files (x86)/gcc-arm-none-eabi-10-2020-q4-major-win32/tool/bin/../lib/gcc/arm-none-eabi/10.2.1/../../../../arm-none-eabi/lib/thumb/v7e-m+fp/hard\libc_nano.a(lib_a-fflush.o)
 .ARM.attributes
                0x00000a81       0x34 d:/program files (x86)/gcc-arm-none-eabi-10-2020-q4-major-win32/tool/bin/../lib/gcc/arm-none-eabi/10.2.1/../../../../arm-none-eabi/lib/thumb/v7e-m+fp/hard\libc_nano.a(lib_a-findfp.o)
 .ARM.attributes
                0x00000ab5       0x34 d:/program files (x86)/gcc-arm-none-eabi-10-2020-q4-major-win32/tool/bin/../lib/gcc/arm-none-eabi/10.2.1/../../../../arm-none-eabi/lib/thumb/v7e-m+fp/hard\libc_nano.a(lib_a-fwalk.o)
 .ARM.attributes
                0x00000ae9       0x34 d:/program files (x86)/gcc-arm-none-eabi-10-2020-q4-major-win32/tool/bin/../lib/gcc/arm-none-eabi/10.2.1/../../../../arm-none-eabi/lib/thumb/v7e-m+fp/hard\libc_nano.a(lib_a-localeconv.o)
 .ARM.attributes
                0x00000b1d       0x34 d:/program files (x86)/gcc-arm-none-eabi-10-2020-q4-major-win32/tool/bin/../lib/gcc/arm-none-eabi/10.2.1/../../../../arm-none-eabi/lib/thumb/v7e-m+fp/hard\libc_nano.a(lib_a-lock.o)
 .ARM.attributes
                0x00000b51       0x34 d:/program files (x86)/gcc-arm-none-eabi-10-2020-q4-major-win32/tool/bin/../lib/gcc/arm-none-eabi/10.2.1/../../../../arm-none-eabi/lib/thumb/v7e-m+fp/hard\libc_nano.a(lib_a-makebuf.o)
 .ARM.attributes
                0x00000b85       0x34 d:/program files (x86)/gcc-arm-none-eabi-10-2020-q4-major-win32/tool/bin/../lib/gcc/arm-none-eabi/10.2.1/../../../../arm-none-eabi/lib/thumb/v7e-m+fp/hard\libc_nano.a(lib_a-malloc.o)
 .ARM.attributes
                0x00000bb9       0x1c d:/program files (x86)/gcc-arm-none-eabi-10-2020-q4-major-win32/tool/bin/../lib/gcc/arm-none-eabi/10.2.1/../../../../arm-none-eabi/lib/thumb/v7e-m+fp/hard\libc_nano.a(lib_a-memchr.o)
 .ARM.attributes
                0x00000bd5       0x34 d:/program files (x86)/gcc-arm-none-eabi-10-2020-q4-major-win32/tool/bin/../lib/gcc/arm-none-eabi/10.2.1/../../../../arm-none-eabi/lib/thumb/v7e-m+fp/hard\libc_nano.a(lib_a-mprec.o)
 .ARM.attributes
                0x00000c09       0x34 d:/program files (x86)/gcc-arm-none-eabi-10-2020-q4-major-win32/tool/bin/../lib/gcc/arm-none-eabi/10.2.1/../../../../arm-none-eabi/lib/thumb/v7e-m+fp/hard\libc_nano.a(lib_a-nano-callocr.o)
 .ARM.attributes
                0x00000c3d       0x34 d:/program files (x86)/gcc-arm-none-eabi-10-2020-q4-major-win32/tool/bin/../lib/gcc/arm-none-eabi/10.2.1/../../../../arm-none-eabi/lib/thumb/v7e-m+fp/hard\libc_nano.a(lib_a-nano-freer.o)
 .ARM.attributes
                0x00000c71       0x34 d:/program files (x86)/gcc-arm-none-eabi-10-2020-q4-major-win32/tool/bin/../lib/gcc/arm-none-eabi/10.2.1/../../../../arm-none-eabi/lib/thumb/v7e-m+fp/hard\libc_nano.a(lib_a-nano-mallocr.o)
 .ARM.attributes
                0x00000ca5       0x34 d:/program files (x86)/gcc-arm-none-eabi-10-2020-q4-major-win32/tool/bin/../lib/gcc/arm-none-eabi/10.2.1/../../../../arm-none-eabi/lib/thumb/v7e-m+fp/hard\libc_nano.a(lib_a-nano-vfprintf.o)
 .ARM.attributes
                0x00000cd9       0x34 d:/program files (x86)/gcc-arm-none-eabi-10-2020-q4-major-win32/tool/bin/../lib/gcc/arm-none-eabi/10.2.1/../../../../arm-none-eabi/lib/thumb/v7e-m+fp/hard\libc_nano.a(lib_a-sbrkr.o)
 .ARM.attributes
                0x00000d0d       0x34 d:/program files (x86)/gcc-arm-none-eabi-10-2020-q4-major-win32/tool/bin/../lib/gcc/arm-none-eabi/10.2.1/../../../../arm-none-eabi/lib/thumb/v7e-m+fp/hard\libc_nano.a(lib_a-stdio.o)
 .ARM.attributes
                0x00000d41       0x34 d:/program files (x86)/gcc-arm-none-eabi-10-2020-q4-major-win32/tool/bin/../lib/gcc/arm-none-eabi/10.2.1/../../../../arm-none-eabi/lib/thumb/v7e-m+fp/hard\libc_nano.a(lib_a-writer.o)
 .ARM.attributes
                0x00000d75       0x34 d:/program files (x86)/gcc-arm-none-eabi-10-2020-q4-major-win32/tool/bin/../lib/gcc/arm-none-eabi/10.2.1/../../../../arm-none-eabi/lib/thumb/v7e-m+fp/hard\libc_nano.a(lib_a-assert.o)
 .ARM.attributes
                0x00000da9       0x34 d:/program files (x86)/gcc-arm-none-eabi-10-2020-q4-major-win32/tool/bin/../lib/gcc/arm-none-eabi/10.2.1/../../../../arm-none-eabi/lib/thumb/v7e-m+fp/hard\libc_nano.a(lib_a-closer.o)
 .ARM.attributes
                0x00000ddd       0x34 d:/program files (x86)/gcc-arm-none-eabi-10-2020-q4-major-win32/tool/bin/../lib/gcc/arm-none-eabi/10.2.1/../../../../arm-none-eabi/lib/thumb/v7e-m+fp/hard\libc_nano.a(lib_a-fprintf.o)
 .ARM.attributes
                0x00000e11       0x34 d:/program files (x86)/gcc-arm-none-eabi-10-2020-q4-major-win32/tool/bin/../lib/gcc/arm-none-eabi/10.2.1/../../../../arm-none-eabi/lib/thumb/v7e-m+fp/hard\libc_nano.a(lib_a-fstatr.o)
 .ARM.attributes
                0x00000e45       0x34 d:/program files (x86)/gcc-arm-none-eabi-10-2020-q4-major-win32/tool/bin/../lib/gcc/arm-none-eabi/10.2.1/../../../../arm-none-eabi/lib/thumb/v7e-m+fp/hard\libc_nano.a(lib_a-isattyr.o)
 .ARM.attributes
                0x00000e79       0x34 d:/program files (x86)/gcc-arm-none-eabi-10-2020-q4-major-win32/tool/bin/../lib/gcc/arm-none-eabi/10.2.1/../../../../arm-none-eabi/lib/thumb/v7e-m+fp/hard\libc_nano.a(lib_a-locale.o)
 .ARM.attributes
                0x00000ead       0x34 d:/program files (x86)/gcc-arm-none-eabi-10-2020-q4-major-win32/tool/bin/../lib/gcc/arm-none-eabi/10.2.1/../../../../arm-none-eabi/lib/thumb/v7e-m+fp/hard\libc_nano.a(lib_a-lseekr.o)
 .ARM.attributes
                0x00000ee1       0x34 d:/program files (x86)/gcc-arm-none-eabi-10-2020-q4-major-win32/tool/bin/../lib/gcc/arm-none-eabi/10.2.1/../../../../arm-none-eabi/lib/thumb/v7e-m+fp/hard\libc_nano.a(lib_a-mbtowc_r.o)
 .ARM.attributes
                0x00000f15       0x34 d:/program files (x86)/gcc-arm-none-eabi-10-2020-q4-major-win32/tool/bin/../lib/gcc/arm-none-eabi/10.2.1/../../../../arm-none-eabi/lib/thumb/v7e-m+fp/hard\libc_nano.a(lib_a-mlock.o)
 .ARM.attributes
                0x00000f49       0x34 d:/program files (x86)/gcc-arm-none-eabi-10-2020-q4-major-win32/tool/bin/../lib/gcc/arm-none-eabi/10.2.1/../../../../arm-none-eabi/lib/thumb/v7e-m+fp/hard\libc_nano.a(lib_a-readr.o)
 .ARM.attributes
                0x00000f7d       0x34 d:/program files (x86)/gcc-arm-none-eabi-10-2020-q4-major-win32/tool/bin/../lib/gcc/arm-none-eabi/10.2.1/../../../../arm-none-eabi/lib/thumb/v7e-m+fp/hard\libc_nano.a(lib_a-reent.o)
 .ARM.attributes
                0x00000fb1       0x34 d:/program files (x86)/gcc-arm-none-eabi-10-2020-q4-major-win32/tool/bin/../lib/gcc/arm-none-eabi/10.2.1/../../../../arm-none-eabi/lib/thumb/v7e-m+fp/hard\libc_nano.a(lib_a-wctomb_r.o)
 .ARM.attributes
                0x00000fe5       0x34 d:/program files (x86)/gcc-arm-none-eabi-10-2020-q4-major-win32/tool/bin/../lib/gcc/arm-none-eabi/10.2.1/../../../../arm-none-eabi/lib/thumb/v7e-m+fp/hard\libc_nano.a(lib_a-abort.o)
 .ARM.attributes