Archive member included to satisfy reference by file (symbol)

d:/program files/gcc-arm-none-eabi-10.3-2021.10/bin/../lib/gcc/arm-none-eabi/10.3.1/../../../../arm-none-eabi/lib/thumb/v7e-m+dp/hard\libc_nano.a(lib_a-exit.o)
                              d:/program files/gcc-arm-none-eabi-10.3-2021.10/bin/../lib/gcc/arm-none-eabi/10.3.1/../../../../arm-none-eabi/lib/thumb/v7e-m+dp/hard/crt0.o (exit)
d:/program files/gcc-arm-none-eabi-10.3-2021.10/bin/../lib/gcc/arm-none-eabi/10.3.1/../../../../arm-none-eabi/lib/thumb/v7e-m+dp/hard\libc_nano.a(lib_a-impure.o)
                              d:/program files/gcc-arm-none-eabi-10.3-2021.10/bin/../lib/gcc/arm-none-eabi/10.3.1/../../../../arm-none-eabi/lib/thumb/v7e-m+dp/hard\libc_nano.a(lib_a-exit.o) (_global_impure_ptr)
d:/program files/gcc-arm-none-eabi-10.3-2021.10/bin/../lib/gcc/arm-none-eabi/10.3.1/../../../../arm-none-eabi/lib/thumb/v7e-m+dp/hard\libc_nano.a(lib_a-init.o)
                              d:/program files/gcc-arm-none-eabi-10.3-2021.10/bin/../lib/gcc/arm-none-eabi/10.3.1/../../../../arm-none-eabi/lib/thumb/v7e-m+dp/hard/crt0.o (__libc_init_array)
d:/program files/gcc-arm-none-eabi-10.3-2021.10/bin/../lib/gcc/arm-none-eabi/10.3.1/../../../../arm-none-eabi/lib/thumb/v7e-m+dp/hard\libc_nano.a(lib_a-memset.o)
                              d:/program files/gcc-arm-none-eabi-10.3-2021.10/bin/../lib/gcc/arm-none-eabi/10.3.1/../../../../arm-none-eabi/lib/thumb/v7e-m+dp/hard/crt0.o (memset)
d:/program files/gcc-arm-none-eabi-10.3-2021.10/bin/../lib/gcc/arm-none-eabi/10.3.1/../../../../arm-none-eabi/lib/thumb/v7e-m+dp/hard\libnosys.a(_exit.o)
                              d:/program files/gcc-arm-none-eabi-10.3-2021.10/bin/../lib/gcc/arm-none-eabi/10.3.1/../../../../arm-none-eabi/lib/thumb/v7e-m+dp/hard\libc_nano.a(lib_a-exit.o) (_exit)

Discarded input sections

 .text          0x00000000        0x0 d:/program files/gcc-arm-none-eabi-10.3-2021.10/bin/../lib/gcc/arm-none-eabi/10.3.1/thumb/v7e-m+dp/hard/crti.o
 .data          0x00000000        0x0 d:/program files/gcc-arm-none-eabi-10.3-2021.10/bin/../lib/gcc/arm-none-eabi/10.3.1/thumb/v7e-m+dp/hard/crti.o
 .bss           0x00000000        0x0 d:/program files/gcc-arm-none-eabi-10.3-2021.10/bin/../lib/gcc/arm-none-eabi/10.3.1/thumb/v7e-m+dp/hard/crti.o
 .data          0x00000000        0x4 d:/program files/gcc-arm-none-eabi-10.3-2021.10/bin/../lib/gcc/arm-none-eabi/10.3.1/thumb/v7e-m+dp/hard/crtbegin.o
 .rodata        0x00000000       0x24 d:/program files/gcc-arm-none-eabi-10.3-2021.10/bin/../lib/gcc/arm-none-eabi/10.3.1/thumb/v7e-m+dp/hard/crtbegin.o
 .text          0x00000000       0x7c d:/program files/gcc-arm-none-eabi-10.3-2021.10/bin/../lib/gcc/arm-none-eabi/10.3.1/../../../../arm-none-eabi/lib/thumb/v7e-m+dp/hard/crt0.o
 .data          0x00000000        0x0 d:/program files/gcc-arm-none-eabi-10.3-2021.10/bin/../lib/gcc/arm-none-eabi/10.3.1/../../../../arm-none-eabi/lib/thumb/v7e-m+dp/hard/crt0.o
 .bss           0x00000000        0x0 d:/program files/gcc-arm-none-eabi-10.3-2021.10/bin/../lib/gcc/arm-none-eabi/10.3.1/../../../../arm-none-eabi/lib/thumb/v7e-m+dp/hard/crt0.o
 .ARM.extab     0x00000000        0x0 d:/program files/gcc-arm-none-eabi-10.3-2021.10/bin/../lib/gcc/arm-none-eabi/10.3.1/../../../../arm-none-eabi/lib/thumb/v7e-m+dp/hard/crt0.o
 .ARM.exidx     0x00000000       0x10 d:/program files/gcc-arm-none-eabi-10.3-2021.10/bin/../lib/gcc/arm-none-eabi/10.3.1/../../../../arm-none-eabi/lib/thumb/v7e-m+dp/hard/crt0.o
 .ARM.attributes
                0x00000000       0x1c d:/program files/gcc-arm-none-eabi-10.3-2021.10/bin/../lib/gcc/arm-none-eabi/10.3.1/../../../../arm-none-eabi/lib/thumb/v7e-m+dp/hard/crt0.o
 .text          0x00000000        0x0 build/main.o
 .data          0x00000000        0x0 build/main.o
 .bss           0x00000000        0x0 build/main.o
 .text          0x00000000        0x0 build/gpio.o
 .data          0x00000000        0x0 build/gpio.o
 .bss           0x00000000        0x0 build/gpio.o
 .text          0x00000000        0x0 build/adc.o
 .data          0x00000000        0x0 build/adc.o
 .bss           0x00000000        0x0 build/adc.o
 .text.HAL_ADC_MspDeInit
                0x00000000       0x30 build/adc.o
 .text.adc_dmavale
                0x00000000        0x2 build/adc.o
 .text          0x00000000        0x0 build/stm32h7xx_it.o
 .data          0x00000000        0x0 build/stm32h7xx_it.o
 .bss           0x00000000        0x0 build/stm32h7xx_it.o
 .text          0x00000000        0x0 build/stm32h7xx_hal_msp.o
 .data          0x00000000        0x0 build/stm32h7xx_hal_msp.o
 .bss           0x00000000        0x0 build/stm32h7xx_hal_msp.o
 .text          0x00000000        0x0 build/stm32h7xx_hal_adc.o
 .data          0x00000000        0x0 build/stm32h7xx_hal_adc.o
 .bss           0x00000000        0x0 build/stm32h7xx_hal_adc.o
 .text.HAL_ADC_MspInit
                0x00000000        0x2 build/stm32h7xx_hal_adc.o
 .text.HAL_ADC_MspDeInit
[...]
Memory Configuration

Name             Origin             Length             Attributes
DTCMRAM          0x20000000         0x00020000         xrw
RAM_D1           0x24000000         0x00050000         xrw
RAM_D2           0x30000000         0x00008000         xrw
RAM_D3           0x38000000         0x00004000         xrw
ITCMRAM          0x00000000         0x00010000         xrw
FLASH            0x08000000         0x00100000         xr
*default*        0x00000000         0xffffffff

Linker script and memory map

LOAD d:/program files/gcc-arm-none-eabi-10.3-2021.10/bin/../lib/gcc/arm-none-eabi/10.3.1/thumb/v7e-m+dp/hard/crti.o
LOAD d:/program files/gcc-arm-none-eabi-10.3-2021.10/bin/../lib/gcc/arm-none-eabi/10.3.1/thumb/v7e-m+dp/hard/crtbegin.o
LOAD d:/program files/gcc-arm-none-eabi-10.3-2021.10/bin/../lib/gcc/arm-none-eabi/10.3.1/../../../../arm-none-eabi/lib/thumb/v7e-m+dp/hard/crt0.o
LOAD build/main.o
LOAD build/gpio.o
LOAD build/adc.o
LOAD build/stm32h7xx_it.o
LOAD build/stm32h7xx_hal_msp.o
LOAD build/stm32h7xx_hal_adc.o
LOAD build/stm32h7xx_hal_adc_ex.o
LOAD build/stm32h7xx_hal_rcc.o
LOAD build/stm32h7xx_hal_rcc_ex.o
LOAD build/stm32h7xx_hal_flash.o
LOAD build/stm32h7xx_hal_flash_ex.o
LOAD build/stm32h7xx_hal_gpio.o
LOAD build/stm32h7xx_hal_hsem.o
LOAD build/stm32h7xx_hal_dma.o
LOAD build/stm32h7xx_hal_dma_ex.o
LOAD build/stm32h7xx_hal_mdma.o
LOAD build/stm32h7xx_hal_pwr.o
LOAD build/stm32h7xx_hal_pwr_ex.o
LOAD build/stm32h7xx_hal_cortex.o
LOAD build/stm32h7xx_hal.o
LOAD build/stm32h7xx_hal_i2c.o
LOAD build/stm32h7xx_hal_i2c_ex.o
LOAD build/stm32h7xx_hal_exti.o
LOAD build/stm32h7xx_hal_tim.o
LOAD build/stm32h7xx_hal_tim_ex.o
LOAD build/system_stm32h7xx.o
LOAD build/tim.o
LOAD build/startup_stm32h723xx.o
LOAD d:/program files/gcc-arm-none-eabi-10.3-2021.10/bin/../lib/gcc/arm-none-eabi/10.3.1/../../../../arm-none-eabi/lib/thumb/v7e-m+dp/hard\libc_nano.a
LOAD d:/program files/gcc-arm-none-eabi-10.3-2021.10/bin/../lib/gcc/arm-none-eabi/10.3.1/../../../../arm-none-eabi/lib/thumb/v7e-m+dp/hard\libm.a
LOAD d:/program files/gcc-arm-none-eabi-10.3-2021.10/bin/../lib/gcc/arm-none-eabi/10.3.1/../../../../arm-none-eabi/lib/thumb/v7e-m+dp/hard\libnosys.a
START GROUP
LOAD d:/program files/gcc-arm-none-eabi-10.3-2021.10/bin/../lib/gcc/arm-none-eabi/10.3.1/thumb/v7e-m+dp/hard\libgcc.a
LOAD d:/program files/gcc-arm-none-eabi-10.3-2021.10/bin/../lib/gcc/arm-none-eabi/10.3.1/../../../../arm-none-eabi/lib/thumb/v7e-m+dp/hard\libc_nano.a
END GROUP
START GROUP
LOAD d:/program files/gcc-arm-none-eabi-10.3-2021.10/bin/../lib/gcc/arm-none-eabi/10.3.1/thumb/v7e-m+dp/hard\libgcc.a
LOAD d:/program files/gcc-arm-none-eabi-10.3-2021.10/bin/../lib/gcc/arm-none-eabi/10.3.1/../../../../arm-none-eabi/lib/thumb/v7e-m+dp/hard\libc_nano.a
END GROUP
LOAD d:/program files/gcc-arm-none-eabi-10.3-2021.10/bin/../lib/gcc/arm-none-eabi/10.3.1/thumb/v7e-m+dp/hard/crtend.o
LOAD d:/program files/gcc-arm-none-eabi-10.3-2021.10/bin/../lib/gcc/arm-none-eabi/10.3.1/thumb/v7e-m+dp/hard/crtn.o
                0x20020000                _estack = (ORIGIN (DTCMRAM) + LENGTH (DTCMRAM))
                0x00000200                _Min_Heap_Size = 0x200
                0x00000400                _Min_Stack_Size = 0x400

.isr_vector     0x08000000      0x2cc
                0x08000000                . = ALIGN (0x4)
 *(.isr_vector)
 .isr_vector    0x08000000      0x2cc build/startup_stm32h723xx.o
                0x08000000                g_pfnVectors
                0x080002cc                . = ALIGN (0x4)

.text           0x080002cc     0x49f0
                0x080002cc                . = ALIGN (0x4)
 *(.text)
 .text          0x080002cc       0x40 d:/program files/gcc-arm-none-eabi-10.3-2021.10/bin/../lib/gcc/arm-none-eabi/10.3.1/thumb/v7e-m+dp/hard/crtbegin.o
 *(.text*)
 .text.Error_Handler
                0x0800030c        0x4 build/main.o
                0x0800030c                Error_Handler
 .text.SystemClock_Config
                0x08000310       0xac build/main.o
                0x08000310                SystemClock_Config
 .text.main     0x080003bc       0x54 build/main.o
                0x080003bc                main
 .text.MX_GPIO_Init
                0x08000410       0xf0 build/gpio.o
                0x08000410                MX_GPIO_Init
 .text.MX_ADC3_Init
                0x08000500       0xe4 build/adc.o
                0x08000500                MX_ADC3_Init
 .text.HAL_ADC_MspInit
                0x080005e4       0xbc build/adc.o
                0x080005e4                HAL_ADC_MspInit
 .text.adc_pollvale
                0x080006a0       0x3c build/adc.o
                0x080006a0                adc_pollvale
 .text.NMI_Handler
                0x080006dc        0x2 build/stm32h7xx_it.o
                0x080006dc                NMI_Handler
 .text.HardFault_Handler
                0x080006de        0x2 build/stm32h7xx_it.o
                0x080006de                HardFault_Handler
 .text.MemManage_Handler
                0x080006e0        0x2 build/stm32h7xx_it.o
                0x080006e0                MemManage_Handler
 .text.BusFault_Handler
                0x080006e2        0x2 build/stm32h7xx_it.o
                0x080006e2                BusFault_Handler
 .text.UsageFault_Handler
                0x080006e4        0x2 build/stm32h7xx_it.o
                0x080006e4                UsageFault_Handler
 .text.SVC_Handler
                0x080006e6        0x2 build/stm32h7xx_it.o
                0x080006e6                SVC_Handler
 .text.DebugMon_Handler
                0x080006e8        0x2 build/stm32h7xx_it.o
                0x080006e8                DebugMon_Handler
 .text.PendSV_Handler
                0x080006ea        0x2 build/stm32h7xx_it.o
                0x080006ea                PendSV_Handler
 .text.SysTick_Handler
                0x080006ec        0x8 build/stm32h7xx_it.o
                0x080006ec                SysTick_Handler
 .text.HAL_MspInit
                0x080006f4       0x24 build/stm32h7xx_hal_msp.o
                0x080006f4                HAL_MspInit
 .text.HAL_ADC_PollForConversion
                0x08000718      0x12c build/stm32h7xx_hal_adc.o
                0x08000718                HAL_ADC_PollForConversion
 .text.HAL_ADC_GetValue
                0x08000844        0x6 build/stm32h7xx_hal_adc.o
                0x08000844                HAL_ADC_GetValue
 *fill*         0x0800084a        0x2 
 .text.HAL_ADC_ConfigChannel
                0x0800084c      0x6c4 build/stm32h7xx_hal_adc.o
                0x0800084c                HAL_ADC_ConfigChannel
 .text.ADC_ConversionStop
                0x08000f10       0xfc build/stm32h7xx_hal_adc.o
                0x08000f10                ADC_ConversionStop
 .text.ADC_Enable
                0x0800100c       0xd4 build/stm32h7xx_hal_adc.o
                0x0800100c                ADC_Enable
 .text.HAL_ADC_Start
                0x080010e0      0x110 build/stm32h7xx_hal_adc.o
                0x080010e0                HAL_ADC_Start
 .text.ADC_Disable
                0x080011f0       0x94 build/stm32h7xx_hal_adc.o
                0x080011f0                ADC_Disable
 .text.HAL_ADC_Stop
                0x08001284       0x44 build/stm32h7xx_hal_adc.o
                0x08001284                HAL_ADC_Stop
 .text.ADC_ConfigureBoostMode
                0x080012c8      0x134 build/stm32h7xx_hal_adc.o
                0x080012c8                ADC_ConfigureBoostMode
 .text.HAL_ADC_Init
                0x080013fc      0x2e0 build/stm32h7xx_hal_adc.o
                0x080013fc                HAL_ADC_Init
 .text.HAL_ADCEx_Calibration_Start
                0x080016dc       0xa8 build/stm32h7xx_hal_adc_ex.o
                0x080016dc                HAL_ADCEx_Calibration_Start
 .text.HAL_RCC_OscConfig
                0x08001784      0x5ec build/stm32h7xx_hal_rcc.o
                0x08001784                HAL_RCC_OscConfig
 .text.HAL_RCC_GetSysClockFreq
                0x08001d70      0x1f4 build/stm32h7xx_hal_rcc.o
                0x08001d70                HAL_RCC_GetSysClockFreq
 .text.HAL_RCC_ClockConfig
                0x08001f64      0x294 build/stm32h7xx_hal_rcc.o
                0x08001f64                HAL_RCC_ClockConfig
 .text.HAL_RCC_GetHCLKFreq
                0x080021f8       0x44 build/stm32h7xx_hal_rcc.o
                0x080021f8                HAL_RCC_GetHCLKFreq
 .text.HAL_RCC_GetPCLK1Freq
                0x0800223c       0x24 build/stm32h7xx_hal_rcc.o
                0x0800223c                HAL_RCC_GetPCLK1Freq
 .text.RCCEx_PLL2_Config
                0x08002260      0x10c build/stm32h7xx_hal_rcc_ex.o
 .text.RCCEx_PLL3_Config
                0x0800236c      0x10c build/stm32h7xx_hal_rcc_ex.o
 .text.HAL_RCCEx_PeriphCLKConfig
                0x08002478      0xa0c build/stm32h7xx_hal_rcc_ex.o
                0x08002478                HAL_RCCEx_PeriphCLKConfig
 .text.HAL_RCCEx_GetD3PCLK1Freq
                0x08002e84       0x24 build/stm32h7xx_hal_rcc_ex.o
                0x08002e84                HAL_RCCEx_GetD3PCLK1Freq
 .text.HAL_RCCEx_GetPLL2ClockFreq
                0x08002ea8      0x1f8 build/stm32h7xx_hal_rcc_ex.o
                0x08002ea8                HAL_RCCEx_GetPLL2ClockFreq
 .text.HAL_RCCEx_GetPLL3ClockFreq
                0x080030a0      0x1f8 build/stm32h7xx_hal_rcc_ex.o
                0x080030a0                HAL_RCCEx_GetPLL3ClockFreq
 .text.HAL_RCCEx_GetPLL1ClockFreq
                0x08003298      0x1f8 build/stm32h7xx_hal_rcc_ex.o
                0x08003298                HAL_RCCEx_GetPLL1ClockFreq
 .text.HAL_RCCEx_GetPeriphCLKFreq
                0x08003490      0x600 build/stm32h7xx_hal_rcc_ex.o
                0x08003490                HAL_RCCEx_GetPeriphCLKFreq
 .text.HAL_GPIO_Init
                0x08003a90      0x214 build/stm32h7xx_hal_gpio.o
                0x08003a90                HAL_GPIO_Init
 .text.HAL_GPIO_WritePin
                0x08003ca4        0xc build/stm32h7xx_hal_gpio.o
                0x08003ca4                HAL_GPIO_WritePin
 .text.HAL_GPIO_TogglePin
                0x08003cb0       0x12 build/stm32h7xx_hal_gpio.o
                0x08003cb0                HAL_GPIO_TogglePin
 *fill*         0x08003cc2        0x2 
 .text.HAL_PWREx_ConfigSupply
                0x08003cc4       0x54 build/stm32h7xx_hal_pwr_ex.o
                0x08003cc4                HAL_PWREx_ConfigSupply
 .text.HAL_NVIC_SetPriorityGrouping
                0x08003d18       0x24 build/stm32h7xx_hal_cortex.o
                0x08003d18                HAL_NVIC_SetPriorityGrouping
 .text.HAL_NVIC_SetPriority
                0x08003d3c       0x6c build/stm32h7xx_hal_cortex.o
                0x08003d3c                HAL_NVIC_SetPriority
 .text.HAL_SYSTICK_Config
                0x08003da8       0x28 build/stm32h7xx_hal_cortex.o
                0x08003da8                HAL_SYSTICK_Config
 .text.HAL_InitTick
                0x08003dd0       0x50 build/stm32h7xx_hal.o
                0x08003dd0                HAL_InitTick
 .text.HAL_Init
                0x08003e20       0x5c build/stm32h7xx_hal.o
                0x08003e20                HAL_Init
 .text.HAL_IncTick
                0x08003e7c       0x18 build/stm32h7xx_hal.o
                0x08003e7c                HAL_IncTick
 .text.HAL_GetTick
                0x08003e94        0xc build/stm32h7xx_hal.o
                0x08003e94                HAL_GetTick
 .text.HAL_Delay
                0x08003ea0       0x28 build/stm32h7xx_hal.o
                0x08003ea0                HAL_Delay
 .text.HAL_SYSCFG_AnalogSwitchConfig
                0x08003ec8       0x14 build/stm32h7xx_hal.o
                0x08003ec8                HAL_SYSCFG_AnalogSwitchConfig
 .text.TIM_OC1_SetConfig
                0x08003edc       0xa8 build/stm32h7xx_hal_tim.o
 .text.TIM_OC3_SetConfig
                0x08003f84       0x94 build/stm32h7xx_hal_tim.o
 .text.TIM_OC4_SetConfig
                0x08004018       0x74 build/stm32h7xx_hal_tim.o
 .text.TIM_OC5_SetConfig
                0x0800408c       0x74 build/stm32h7xx_hal_tim.o
 .text.TIM_OC6_SetConfig
                0x08004100       0x74 build/stm32h7xx_hal_tim.o
 .text.TIM_TI1_ConfigInputStage
                0x08004174       0x26 build/stm32h7xx_hal_tim.o
 .text.TIM_TI2_ConfigInputStage
                0x0800419a       0x28 build/stm32h7xx_hal_tim.o
 *fill*         0x080041c2        0x2 
 .text.TIM_ITRx_SetConfig
                0x080041c4       0x14 build/stm32h7xx_hal_tim.o
 .text.HAL_TIM_OC_MspInit
                0x080041d8        0x2 build/stm32h7xx_hal_tim.o
                0x080041d8                HAL_TIM_OC_MspInit
 .text.HAL_TIM_PWM_MspInit
                0x080041da        0x2 build/stm32h7xx_hal_tim.o
                0x080041da                HAL_TIM_PWM_MspInit
 .text.TIM_Base_SetConfig
                0x080041dc      0x120 build/stm32h7xx_hal_tim.o
                0x080041dc                TIM_Base_SetConfig
 .text.HAL_TIM_Base_Init
                0x080042fc       0x60 build/stm32h7xx_hal_tim.o
                0x080042fc                HAL_TIM_Base_Init
 .text.HAL_TIM_OC_Init
                0x0800435c       0x60 build/stm32h7xx_hal_tim.o
                0x0800435c                HAL_TIM_OC_Init
 .text.HAL_TIM_PWM_Init
                0x080043bc       0x60 build/stm32h7xx_hal_tim.o
                0x080043bc                HAL_TIM_PWM_Init
 .text.TIM_OC2_SetConfig
                0x0800441c       0x94 build/stm32h7xx_hal_tim.o
                0x0800441c                TIM_OC2_SetConfig
 .text.HAL_TIM_OC_ConfigChannel
                0x080044b0       0x7a build/stm32h7xx_hal_tim.o
                0x080044b0                HAL_TIM_OC_ConfigChannel
 .text.HAL_TIM_PWM_ConfigChannel
                0x0800452a      0x13a build/stm32h7xx_hal_tim.o
                0x0800452a                HAL_TIM_PWM_ConfigChannel
 .text.TIM_ETR_SetConfig
                0x08004664       0x1a build/stm32h7xx_hal_tim.o
                0x08004664                TIM_ETR_SetConfig
 *fill*         0x0800467e        0x2 
 .text.HAL_TIM_ConfigClockSource
                0x08004680      0x138 build/stm32h7xx_hal_tim.o
                0x08004680                HAL_TIM_ConfigClockSource
 .text.HAL_TIMEx_MasterConfigSynchronization
                0x080047b8       0xb0 build/stm32h7xx_hal_tim_ex.o
                0x080047b8                HAL_TIMEx_MasterConfigSynchronization
 .text.HAL_TIMEx_ConfigBreakDeadTime
                0x08004868       0xa8 build/stm32h7xx_hal_tim_ex.o
                0x08004868                HAL_TIMEx_ConfigBreakDeadTime
 .text.SystemInit
                0x08004910       0xac build/system_stm32h7xx.o
                0x08004910                SystemInit
 .text.HAL_TIM_Base_MspInit
                0x080049bc       0x34 build/tim.o
                0x080049bc                HAL_TIM_Base_MspInit
 .text.HAL_TIM_MspPostInit
                0x080049f0       0xc0 build/tim.o
                0x080049f0                HAL_TIM_MspPostInit
 .text.MX_TIM8_Init
                0x08004ab0      0x148 build/tim.o
                0x08004ab0                MX_TIM8_Init
 .text.Reset_Handler
                0x08004bf8       0x50 build/startup_stm32h723xx.o
                0x08004bf8                Reset_Handler
 .text.Default_Handler
                0x08004c48        0x2 build/startup_stm32h723xx.o
                0x08004c48                RTC_Alarm_IRQHandler
                0x08004c48                EXTI2_IRQHandler
                0x08004c48                TIM8_CC_IRQHandler
                0x08004c48                UART8_IRQHandler
                0x08004c48                SPI4_IRQHandler
                0x08004c48                FDCAN3_IT0_IRQHandler
                0x08004c48                TIM1_CC_IRQHandler
                0x08004c48                BDMA_Channel6_IRQHandler
                0x08004c48                DMA2_Stream5_IRQHandler
                0x08004c48                DMA1_Stream5_IRQHandler
                0x08004c48                CORDIC_IRQHandler
                0x08004c48                BDMA_Channel1_IRQHandler
                0x08004c48                TAMP_STAMP_IRQHandler
                0x08004c48                EXTI3_IRQHandler
                0x08004c48                LPTIM4_IRQHandler
                0x08004c48                TIM8_TRG_COM_TIM14_IRQHandler
                0x08004c48                LPTIM2_IRQHandler
                0x08004c48                DFSDM1_FLT1_IRQHandler
                0x08004c48                DMAMUX2_OVR_IRQHandler
                0x08004c48                TIM8_UP_TIM13_IRQHandler
                0x08004c48                I2C3_ER_IRQHandler
                0x08004c48                DFSDM1_FLT2_IRQHandler
                0x08004c48                I2C5_EV_IRQHandler
                0x08004c48                USART10_IRQHandler
                0x08004c48                MDMA_IRQHandler
                0x08004c48                LPTIM3_IRQHandler
                0x08004c48                HSEM1_IRQHandler
                0x08004c48                EXTI0_IRQHandler
                0x08004c48                I2C2_EV_IRQHandler
                0x08004c48                DMA1_Stream2_IRQHandler
                0x08004c48                FPU_IRQHandler
                0x08004c48                OTG_HS_WKUP_IRQHandler
                0x08004c48                FDCAN1_IT1_IRQHandler
                0x08004c48                LTDC_ER_IRQHandler
                0x08004c48                DMA2_Stream2_IRQHandler
                0x08004c48                SPI1_IRQHandler
                0x08004c48                OCTOSPI1_IRQHandler
                0x08004c48                TIM6_DAC_IRQHandler
                0x08004c48                DMA2_Stream3_IRQHandler
                0x08004c48                OCTOSPI2_IRQHandler
                0x08004c48                DFSDM1_FLT3_IRQHandler
                0x08004c48                TIM23_IRQHandler
                0x08004c48                USART6_IRQHandler
                0x08004c48                TIM17_IRQHandler
                0x08004c48                USART3_IRQHandler
                0x08004c48                BDMA_Channel7_IRQHandler
                0x08004c48                LPTIM5_IRQHandler
                0x08004c48                UART5_IRQHandler
                0x08004c48                ADC3_IRQHandler
                0x08004c48                DMA2_Stream0_IRQHandler
                0x08004c48                TIM4_IRQHandler
                0x08004c48                BDMA_Channel2_IRQHandler
                0x08004c48                I2C1_EV_IRQHandler
                0x08004c48                DMA1_Stream6_IRQHandler
                0x08004c48                DMAMUX1_OVR_IRQHandler
                0x08004c48                DMA1_Stream1_IRQHandler
                0x08004c48                TIM16_IRQHandler
                0x08004c48                UART4_IRQHandler
                0x08004c48                BDMA_Channel5_IRQHandler
                0x08004c48                TIM3_IRQHandler
                0x08004c48                RCC_IRQHandler
                0x08004c48                UART9_IRQHandler
                0x08004c48                TIM8_BRK_TIM12_IRQHandler
                0x08004c48                TIM1_TRG_COM_IRQHandler
                0x08004c48                Default_Handler
                0x08004c48                ECC_IRQHandler
                0x08004c48                FMAC_IRQHandler
                0x08004c48                CEC_IRQHandler
                0x08004c48                EXTI15_10_IRQHandler
                0x08004c48                BDMA_Channel0_IRQHandler
                0x08004c48                ADC_IRQHandler
                0x08004c48                I2C5_ER_IRQHandler
                0x08004c48                DMA1_Stream7_IRQHandler
                0x08004c48                SPI5_IRQHandler
                0x08004c48                TIM7_IRQHandler
                0x08004c48                FDCAN3_IT1_IRQHandler
                0x08004c48                SDMMC1_IRQHandler
                0x08004c48                TIM5_IRQHandler
                0x08004c48                DMA2_Stream7_IRQHandler
                0x08004c48                TIM15_IRQHandler
                0x08004c48                PVD_AVD_IRQHandler
                0x08004c48                I2C3_EV_IRQHandler
                0x08004c48                EXTI9_5_IRQHandler
                0x08004c48                RTC_WKUP_IRQHandler
                0x08004c48                LTDC_IRQHandler
                0x08004c48                ETH_WKUP_IRQHandler
                0x08004c48                SPDIF_RX_IRQHandler
                0x08004c48                SPI2_IRQHandler
                0x08004c48                OTG_HS_EP1_IN_IRQHandler
                0x08004c48                DMA1_Stream0_IRQHandler
                0x08004c48                TIM24_IRQHandler
                0x08004c48                CRS_IRQHandler
                0x08004c48                EXTI4_IRQHandler
                0x08004c48                RNG_IRQHandler
                0x08004c48                FDCAN2_IT1_IRQHandler
                0x08004c48                ETH_IRQHandler
                0x08004c48                TIM1_UP_IRQHandler
                0x08004c48                BDMA_Channel4_IRQHandler
                0x08004c48                OTG_HS_EP1_OUT_IRQHandler
                0x08004c48                WWDG_IRQHandler
                0x08004c48                SPI6_IRQHandler
                0x08004c48                MDIOS_IRQHandler
                0x08004c48                I2C4_EV_IRQHandler
                0x08004c48                FDCAN2_IT0_IRQHandler
                0x08004c48                LPUART1_IRQHandler
                0x08004c48                FDCAN1_IT0_IRQHandler
                0x08004c48                TIM2_IRQHandler
                0x08004c48                OTG_HS_IRQHandler
                0x08004c48                DMA2D_IRQHandler
                0x08004c48                TIM1_BRK_IRQHandler
                0x08004c48                EXTI1_IRQHandler
                0x08004c48                SDMMC2_IRQHandler
                0x08004c48                BDMA_Channel3_IRQHandler
                0x08004c48                DTS_IRQHandler
                0x08004c48                UART7_IRQHandler
                0x08004c48                MDIOS_WKUP_IRQHandler
                0x08004c48                USART2_IRQHandler
                0x08004c48                DFSDM1_FLT0_IRQHandler
                0x08004c48                SAI4_IRQHandler
                0x08004c48                I2C2_ER_IRQHandler
                0x08004c48                DMA2_Stream1_IRQHandler
                0x08004c48                FLASH_IRQHandler
                0x08004c48                DMA2_Stream4_IRQHandler
                0x08004c48                USART1_IRQHandler
                0x08004c48                SPI3_IRQHandler
                0x08004c48                WAKEUP_PIN_IRQHandler
                0x08004c48                DMA1_Stream4_IRQHandler
                0x08004c48                I2C1_ER_IRQHandler
                0x08004c48                FMC_IRQHandler
                0x08004c48                FDCAN_CAL_IRQHandler
                0x08004c48                SWPMI1_IRQHandler
                0x08004c48                COMP1_IRQHandler
                0x08004c48                LPTIM1_IRQHandler
                0x08004c48                DCMI_PSSI_IRQHandler
                0x08004c48                I2C4_ER_IRQHandler
                0x08004c48                DMA2_Stream6_IRQHandler
                0x08004c48                SAI1_IRQHandler
                0x08004c48                DMA1_Stream3_IRQHandler
 *fill*         0x08004c4a        0x2 
 .text.__libc_init_array
                0x08004c4c       0x48 d:/program files/gcc-arm-none-eabi-10.3-2021.10/bin/../lib/gcc/arm-none-eabi/10.3.1/../../../../arm-none-eabi/lib/thumb/v7e-m+dp/hard\libc_nano.a(lib_a-init.o)
                0x08004c4c                __libc_init_array
 .text.memset   0x08004c94       0x10 d:/program files/gcc-arm-none-eabi-10.3-2021.10/bin/../lib/gcc/arm-none-eabi/10.3.1/../../../../arm-none-eabi/lib/thumb/v7e-m+dp/hard\libc_nano.a(lib_a-memset.o)
                0x08004c94                memset
 *(.glue_7)
 .glue_7        0x08004ca4        0x0 linker stubs
 *(.glue_7t)
 .glue_7t       0x08004ca4        0x0 linker stubs
 *(.eh_frame)
 .eh_frame      0x08004ca4        0x0 d:/program files/gcc-arm-none-eabi-10.3-2021.10/bin/../lib/gcc/arm-none-eabi/10.3.1/thumb/v7e-m+dp/hard/crtbegin.o
 *(.init)
 .init          0x08004ca4        0x4 d:/program files/gcc-arm-none-eabi-10.3-2021.10/bin/../lib/gcc/arm-none-eabi/10.3.1/thumb/v7e-m+dp/hard/crti.o
                0x08004ca4                _init
 .init          0x08004ca8        0x8 d:/program files/gcc-arm-none-eabi-10.3-2021.10/bin/../lib/gcc/arm-none-eabi/10.3.1/thumb/v7e-m+dp/hard/crtn.o
 *(.fini)
 .fini          0x08004cb0        0x4 d:/program files/gcc-arm-none-eabi-10.3-2021.10/bin/../lib/gcc/arm-none-eabi/10.3.1/thumb/v7e-m+dp/hard/crti.o
                0x08004cb0                _fini
 .fini          0x08004cb4        0x8 d:/program files/gcc-arm-none-eabi-10.3-2021.10/bin/../lib/gcc/arm-none-eabi/10.3.1/thumb/v7e-m+dp/hard/crtn.o
                0x08004cbc                . = ALIGN (0x4)
                0x08004cbc                _etext = .

.vfp11_veneer   0x08004cbc        0x0
 .vfp11_veneer  0x08004cbc        0x0 linker stubs

.v4_bx          0x08004cbc        0x0
 .v4_bx         0x08004cbc        0x0 linker stubs

.iplt           0x08004cbc        0x0
 .iplt          0x08004cbc        0x0 d:/program files/gcc-arm-none-eabi-10.3-2021.10/bin/../lib/gcc/arm-none-eabi/10.3.1/thumb/v7e-m+dp/hard/crtbegin.o

.rodata         0x08004cbc       0x10
                0x08004cbc                . = ALIGN (0x4)
 *(.rodata)
 *(.rodata*)
 .rodata.D1CorePrescTable
                0x08004cbc       0x10 build/system_stm32h7xx.o
                0x08004cbc                D1CorePrescTable
                0x08004ccc                . = ALIGN (0x4)

.rel.dyn        0x08004ccc        0x0
 .rel.iplt      0x08004ccc        0x0 d:/program files/gcc-arm-none-eabi-10.3-2021.10/bin/../lib/gcc/arm-none-eabi/10.3.1/thumb/v7e-m+dp/hard/crtbegin.o

.ARM.extab
 *(.ARM.extab* .gnu.linkonce.armextab.*)

.ARM            0x08004ccc        0x0
                0x08004ccc                __exidx_start = .
 *(.ARM.exidx*)
                0x08004ccc                __exidx_end = .

.preinit_array  0x08004ccc        0x0
                0x08004ccc                PROVIDE (__preinit_array_start = .)
 *(.preinit_array*)
                0x08004ccc                PROVIDE (__preinit_array_end = .)

.init_array     0x08004ccc        0x4
                0x08004ccc                PROVIDE (__init_array_start = .)
 *(SORT_BY_NAME(.init_array.*))
 *(.init_array*)
 .init_array    0x08004ccc        0x4 d:/program files/gcc-arm-none-eabi-10.3-2021.10/bin/../lib/gcc/arm-none-eabi/10.3.1/thumb/v7e-m+dp/hard/crtbegin.o
                0x08004cd0                PROVIDE (__init_array_end = .)

.fini_array     0x08004cd0        0x4
                [!provide]                PROVIDE (__fini_array_start = .)
 *(SORT_BY_NAME(.fini_array.*))
 *(.fini_array*)
 .fini_array    0x08004cd0        0x4 d:/program files/gcc-arm-none-eabi-10.3-2021.10/bin/../lib/gcc/arm-none-eabi/10.3.1/thumb/v7e-m+dp/hard/crtbegin.o
                [!provide]                PROVIDE (__fini_array_end = .)
                0x08004cd4                _sidata = LOADADDR (.data)

.data           0x20000000       0x10 load address 0x08004cd4
                0x20000000                . = ALIGN (0x4)
                0x20000000                _sdata = .
 *(.data)
 *(.data*)
 .data.uwTickFreq
                0x20000000        0x1 build/stm32h7xx_hal.o
                0x20000000                uwTickFreq
 *fill*         0x20000001        0x3 
 .data.uwTickPrio
                0x20000004        0x4 build/stm32h7xx_hal.o
                0x20000004                uwTickPrio
 .data.SystemCoreClock
                0x20000008        0x4 build/system_stm32h7xx.o
                0x20000008                SystemCoreClock
 .data.SystemD2Clock
                0x2000000c        0x4 build/system_stm32h7xx.o
                0x2000000c                SystemD2Clock
                0x20000010                . = ALIGN (0x4)
                0x20000010                _edata = .

.igot.plt       0x20000010        0x0 load address 0x08004ce4
 .igot.plt      0x20000010        0x0 d:/program files/gcc-arm-none-eabi-10.3-2021.10/bin/../lib/gcc/arm-none-eabi/10.3.1/thumb/v7e-m+dp/hard/crtbegin.o
                0x20000010                . = ALIGN (0x4)

.bss            0x20000010       0xe4 load address 0x08004ce4
                0x20000010                _sbss = .
                0x20000010                __bss_start__ = _sbss
 *(.bss)
 .bss           0x20000010       0x1c d:/program files/gcc-arm-none-eabi-10.3-2021.10/bin/../lib/gcc/arm-none-eabi/10.3.1/thumb/v7e-m+dp/hard/crtbegin.o
 *(.bss*)
 .bss.adc_buf_02
                0x2000002c        0x8 build/adc.o
                0x2000002c                adc_buf_02
 .bss.hadc3     0x20000034       0x70 build/adc.o
                0x20000034                hadc3
 .bss.uwTick    0x200000a4        0x4 build/stm32h7xx_hal.o
                0x200000a4                uwTick
 .bss.htim8     0x200000a8       0x4c build/tim.o
                0x200000a8                htim8
 *(COMMON)
                0x200000f4                . = ALIGN (0x4)
                0x200000f4                _ebss = .
                0x200000f4                __bss_end__ = _ebss

._user_heap_stack
                0x200000f4      0x604 load address 0x08004ce4
                0x200000f8                . = ALIGN (0x8)
 *fill*         0x200000f4        0x4 
                [!provide]                PROVIDE (end = .)
                [!provide]                PROVIDE (_end = .)
                0x200002f8                . = (. + _Min_Heap_Size)
 *fill*         0x200000f8      0x200 
                0x200006f8                . = (. + _Min_Stack_Size)
 *fill*         0x200002f8      0x400 
                0x200006f8                . = ALIGN (0x8)

/DISCARD/
 libc.a(*)
 libm.a(*)
 libgcc.a(*)

.ARM.attributes
                0x00000000       0x2e
 *(.ARM.attributes)
 .ARM.attributes
                0x00000000       0x1e d:/program files/gcc-arm-none-eabi-10.3-2021.10/bin/../lib/gcc/arm-none-eabi/10.3.1/thumb/v7e-m+dp/hard/crti.o
 .ARM.attributes
                0x0000001e       0x32 d:/program files/gcc-arm-none-eabi-10.3-2021.10/bin/../lib/gcc/arm-none-eabi/10.3.1/thumb/v7e-m+dp/hard/crtbegin.o
 .ARM.attributes
                0x00000050       0x32 build/main.o
 .ARM.attributes
                0x00000082       0x32 build/gpio.o
 .ARM.attributes
                0x000000b4       0x32 build/adc.o
 .ARM.attributes
                0x000000e6       0x32 build/stm32h7xx_it.o
 .ARM.attributes
                0x00000118       0x32 build/stm32h7xx_hal_msp.o
 .ARM.attributes
                0x0000014a       0x32 build/stm32h7xx_hal_adc.o
 .ARM.attributes
                0x0000017c       0x32 build/stm32h7xx_hal_adc_ex.o
 .ARM.attributes
                0x000001ae       0x32 build/stm32h7xx_hal_rcc.o
 .ARM.attributes
                0x000001e0       0x32 build/stm32h7xx_hal_rcc_ex.o
 .ARM.attributes
                0x00000212       0x32 build/stm32h7xx_hal_gpio.o
 .ARM.attributes
                0x00000244       0x32 build/stm32h7xx_hal_pwr_ex.o
 .ARM.attributes
                0x00000276       0x32 build/stm32h7xx_hal_cortex.o
 .ARM.attributes
                0x000002a8       0x32 build/stm32h7xx_hal.o
 .ARM.attributes
                0x000002da       0x32 build/stm32h7xx_hal_tim.o
 .ARM.attributes
                0x0000030c       0x32 build/stm32h7xx_hal_tim_ex.o
 .ARM.attributes
                0x0000033e       0x32 build/system_stm32h7xx.o
 .ARM.attributes
                0x00000370       0x32 build/tim.o
 .ARM.attributes
                0x000003a2       0x21 build/startup_stm32h723xx.o
 .ARM.attributes
                0x000003c3       0x32 d:/program files/gcc-arm-none-eabi-10.3-2021.10/bin/../lib/gcc/arm-none-eabi/10.3.1/../../../../arm-none-eabi/lib/thumb/v7e-m+dp/hard\libc_nano.a(lib_a-init.o)
 .ARM.attributes
                0x000003f5       0x32 d:/program files/gcc-arm-none-eabi-10.3-2021.10/bin/../lib/gcc/arm-none-eabi/10.3.1/../../../../arm-none-eabi/lib/thumb/v7e-m+dp/hard\libc_nano.a(lib_a-memset.o)
 .ARM.attributes
                0x00000427       0x1e d:/program files/gcc-arm-none-eabi-10.3-2021.10/bin/../lib/gcc/arm-none-eabi/10.3.1/thumb/v7e-m+dp/hard/crtn.o
OUTPUT(build/STM32H723_GCC.elf elf32-littlearm)
LOAD linker stubs
LOAD d:/program files/gcc-arm-none-eabi-10.3-2021.10/bin/../lib/gcc/arm-none-eabi/10.3.1/../../../../arm-none-eabi/lib/thumb/v7e-m+dp/hard\libc.a
LOAD d:/program files/gcc-arm-none-eabi-10.3-2021.10/bin/../lib/gcc/arm-none-eabi/10.3.1/../../../../arm-none-eabi/lib/thumb/v7e-m+dp/hard\libm.a
LOAD d:/program files/gcc-arm-none-eabi-10.3-2021.10/bin/../lib/gcc/arm-none-eabi/10.3.1/thumb/v7e-m+dp/hard\libgcc.a

.debug_info     0x00000000    0x1baf4
 .debug_info    0x00000000      0xfe6 build/main.o
 .debug_info    0x00000fe6      0x7c8 build/gpio.o
 .debug_info    0x000017ae     0x1703 build/adc.o
 .debug_info    0x00002eb1      0x170 build/stm32h7xx_it.o
 .debug_info    0x00003021      0x543 build/stm32h7xx_hal_msp.o
 .debug_info    0x00003564     0x3f01 build/stm32h7xx_hal_adc.o
 .debug_info    0x00007465     0x3e88 build/stm32h7xx_hal_adc_ex.o
 .debug_info    0x0000b2ed     0x1281 build/stm32h7xx_hal_rcc.o
 .debug_info    0x0000c56e     0x1c66 build/stm32h7xx_hal_rcc_ex.o
 .debug_info    0x0000e1d4      0xef0 build/stm32h7xx_hal_gpio.o
 .debug_info    0x0000f0c4     0x114d build/stm32h7xx_hal_pwr_ex.o
 .debug_info    0x00010211     0x14fb build/stm32h7xx_hal_cortex.o
 .debug_info    0x0001170c     0x1a79 build/stm32h7xx_hal.o
 .debug_info    0x00013185     0x432c build/stm32h7xx_hal_tim.o
 .debug_info    0x000174b1     0x217e build/stm32h7xx_hal_tim_ex.o
 .debug_info    0x0001962f      0xcbb build/system_stm32h7xx.o
 .debug_info    0x0001a2ea     0x17e8 build/tim.o
 .debug_info    0x0001bad2       0x22 build/startup_stm32h723xx.o

.debug_abbrev   0x00000000     0x274d
 .debug_abbrev  0x00000000      0x21c build/main.o
 .debug_abbrev  0x0000021c      0x174 build/gpio.o
 .debug_abbrev  0x00000390      0x239 build/adc.o
 .debug_abbrev  0x000005c9       0x81 build/stm32h7xx_it.o
 .debug_abbrev  0x0000064a       0xc8 build/stm32h7xx_hal_msp.o
 .debug_abbrev  0x00000712      0x33a build/stm32h7xx_hal_adc.o
 .debug_abbrev  0x00000a4c      0x3e0 build/stm32h7xx_hal_adc_ex.o
 .debug_abbrev  0x00000e2c      0x27d build/stm32h7xx_hal_rcc.o
 .debug_abbrev  0x000010a9      0x286 build/stm32h7xx_hal_rcc_ex.o
 .debug_abbrev  0x0000132f      0x253 build/stm32h7xx_hal_gpio.o
 .debug_abbrev  0x00001582      0x2b6 build/stm32h7xx_hal_pwr_ex.o
 .debug_abbrev  0x00001838      0x395 build/stm32h7xx_hal_cortex.o
 .debug_abbrev  0x00001bcd      0x26a build/stm32h7xx_hal.o
 .debug_abbrev  0x00001e37      0x289 build/stm32h7xx_hal_tim.o
 .debug_abbrev  0x000020c0      0x29f build/stm32h7xx_hal_tim_ex.o
 .debug_abbrev  0x0000235f      0x12a build/system_stm32h7xx.o
 .debug_abbrev  0x00002489      0x2b2 build/tim.o
 .debug_abbrev  0x0000273b       0x12 build/startup_stm32h723xx.o

.debug_loc      0x00000000    0x138ce
 .debug_loc     0x00000000       0x66 build/main.o
 .debug_loc     0x00000066       0x39 build/gpio.o
 .debug_loc     0x0000009f      0x15e build/adc.o
 .debug_loc     0x000001fd       0x20 build/stm32h7xx_it.o
 .debug_loc     0x0000021d       0x2c build/stm32h7xx_hal_msp.o
 .debug_loc     0x00000249     0x3027 build/stm32h7xx_hal_adc.o
 .debug_loc     0x00003270     0x34d3 build/stm32h7xx_hal_adc_ex.o
 .debug_loc     0x00006743      0xa66 build/stm32h7xx_hal_rcc.o
 .debug_loc     0x000071a9     0x1d25 build/stm32h7xx_hal_rcc_ex.o
 .debug_loc     0x00008ece      0x482 build/stm32h7xx_hal_gpio.o
 .debug_loc     0x00009350      0x5ab build/stm32h7xx_hal_pwr_ex.o
 .debug_loc     0x000098fb      0x786 build/stm32h7xx_hal_cortex.o
 .debug_loc     0x0000a081      0x526 build/stm32h7xx_hal.o
 .debug_loc     0x0000a5a7     0x6278 build/stm32h7xx_hal_tim.o
 .debug_loc     0x0001081f     0x2b8e build/stm32h7xx_hal_tim_ex.o
 .debug_loc     0x000133ad      0x1d8 build/system_stm32h7xx.o
 .debug_loc     0x00013585      0x349 build/tim.o

.debug_aranges  0x00000000      0xed8
 .debug_aranges
                0x00000000       0x30 build/main.o
 .debug_aranges
                0x00000030       0x20 build/gpio.o
 .debug_aranges
                0x00000050       0x40 build/adc.o
 .debug_aranges
                0x00000090       0x60 build/stm32h7xx_it.o
 .debug_aranges
                0x000000f0       0x20 build/stm32h7xx_hal_msp.o
 .debug_aranges
                0x00000110      0x100 build/stm32h7xx_hal_adc.o
 .debug_aranges
                0x00000210      0x108 build/stm32h7xx_hal_adc_ex.o
 .debug_aranges
                0x00000318       0x88 build/stm32h7xx_hal_rcc.o
 .debug_aranges
                0x000003a0       0xf8 build/stm32h7xx_hal_rcc_ex.o
 .debug_aranges
                0x00000498       0x58 build/stm32h7xx_hal_gpio.o
 .debug_aranges
                0x000004f0      0x148 build/stm32h7xx_hal_pwr_ex.o
 .debug_aranges
                0x00000638       0xb0 build/stm32h7xx_hal_cortex.o
 .debug_aranges
                0x000006e8      0x1c8 build/stm32h7xx_hal.o
 .debug_aranges
                0x000008b0      0x3e0 build/stm32h7xx_hal_tim.o
 .debug_aranges
                0x00000c90      0x198 build/stm32h7xx_hal_tim_ex.o
 .debug_aranges
                0x00000e28       0x28 build/system_stm32h7xx.o
 .debug_aranges
                0x00000e50       0x60 build/tim.o
 .debug_aranges
                0x00000eb0       0x28 build/startup_stm32h723xx.o

.debug_ranges   0x00000000     0x13c0
 .debug_ranges  0x00000000       0x20 build/main.o
 .debug_ranges  0x00000020       0x10 build/gpio.o
 .debug_ranges  0x00000030       0x30 build/adc.o
 .debug_ranges  0x00000060       0x50 build/stm32h7xx_it.o
 .debug_ranges  0x000000b0       0x10 build/stm32h7xx_hal_msp.o
 .debug_ranges  0x000000c0      0x3b0 build/stm32h7xx_hal_adc.o
 .debug_ranges  0x00000470      0x308 build/stm32h7xx_hal_adc_ex.o
 .debug_ranges  0x00000778       0xe8 build/stm32h7xx_hal_rcc.o
 .debug_ranges  0x00000860       0xe8 build/stm32h7xx_hal_rcc_ex.o
 .debug_ranges  0x00000948       0x48 build/stm32h7xx_hal_gpio.o
 .debug_ranges  0x00000990      0x198 build/stm32h7xx_hal_pwr_ex.o
 .debug_ranges  0x00000b28      0x100 build/stm32h7xx_hal_cortex.o
 .debug_ranges  0x00000c28      0x1b8 build/stm32h7xx_hal.o
 .debug_ranges  0x00000de0      0x3d0 build/stm32h7xx_hal_tim.o
 .debug_ranges  0x000011b0      0x188 build/stm32h7xx_hal_tim_ex.o
 .debug_ranges  0x00001338       0x18 build/system_stm32h7xx.o
 .debug_ranges  0x00001350       0x50 build/tim.o
 .debug_ranges  0x000013a0       0x20 build/startup_stm32h723xx.o

.debug_line     0x00000000    0x131cb
 .debug_line    0x00000000      0x3e5 build/main.o
 .debug_line    0x000003e5      0x1f2 build/gpio.o
 .debug_line    0x000005d7      0x4bb build/adc.o
 .debug_line    0x00000a92      0x172 build/stm32h7xx_it.o
 .debug_line    0x00000c04      0x14a build/stm32h7xx_hal_msp.o
 .debug_line    0x00000d4e     0x2d41 build/stm32h7xx_hal_adc.o
 .debug_line    0x00003a8f     0x2a03 build/stm32h7xx_hal_adc_ex.o
 .debug_line    0x00006492     0x121f build/stm32h7xx_hal_rcc.o
 .debug_line    0x000076b1     0x1e34 build/stm32h7xx_hal_rcc_ex.o
 .debug_line    0x000094e5      0x6a1 build/stm32h7xx_hal_gpio.o
 .debug_line    0x00009b86      0x9a5 build/stm32h7xx_hal_pwr_ex.o
 .debug_line    0x0000a52b      0x781 build/stm32h7xx_hal_cortex.o
 .debug_line    0x0000acac      0x94e build/stm32h7xx_hal.o
 .debug_line    0x0000b5fa     0x50e1 build/stm32h7xx_hal_tim.o
 .debug_line    0x000106db     0x20dd build/stm32h7xx_hal_tim_ex.o
 .debug_line    0x000127b8      0x417 build/system_stm32h7xx.o
 .debug_line    0x00012bcf      0x586 build/tim.o
 .debug_line    0x00013155       0x76 build/startup_stm32h723xx.o

.debug_str      0x00000000     0x61e5
 .debug_str     0x00000000      0xa89 build/main.o
                                0xb6a (size before relaxing)
 .debug_str     0x00000a89      0x222 build/gpio.o
                                0x48f (size before relaxing)
 .debug_str     0x00000cab      0x44f build/adc.o
                                0xfae (size before relaxing)
 .debug_str     0x000010fa       0xaf build/stm32h7xx_it.o
                                0x22b (size before relaxing)
 .debug_str     0x000011a9       0x24 build/stm32h7xx_hal_msp.o
                                0x3de (size before relaxing)
 .debug_str     0x000011cd      0xb39 build/stm32h7xx_hal_adc.o
                               0x1511 (size before relaxing)
 .debug_str     0x00001d06      0x76c build/stm32h7xx_hal_adc_ex.o
                               0x1563 (size before relaxing)
 .debug_str     0x00002472      0x2e5 build/stm32h7xx_hal_rcc.o
                                0x9ac (size before relaxing)
 .debug_str     0x00002757      0x65d build/stm32h7xx_hal_rcc_ex.o
                                0xeee (size before relaxing)
 .debug_str     0x00002db4      0x149 build/stm32h7xx_hal_gpio.o
                                0x6c7 (size before relaxing)
 .debug_str     0x00002efd      0x610 build/stm32h7xx_hal_pwr_ex.o
                                0x9a5 (size before relaxing)
 .debug_str     0x0000350d      0xc57 build/stm32h7xx_hal_cortex.o
                                0xffa (size before relaxing)
 .debug_str     0x00004164      0x691 build/stm32h7xx_hal.o
                               0x1583 (size before relaxing)
 .debug_str     0x000047f5     0x121e build/stm32h7xx_hal_tim.o
                               0x1814 (size before relaxing)
 .debug_str     0x00005a13      0x6e8 build/stm32h7xx_hal_tim_ex.o
                               0x1195 (size before relaxing)
 .debug_str     0x000060fb       0x38 build/system_stm32h7xx.o
                                0x689 (size before relaxing)
 .debug_str     0x00006133       0x8e build/tim.o
                                0xea4 (size before relaxing)
 .debug_str     0x000061c1       0x24 build/startup_stm32h723xx.o
                                 0x59 (size before relaxing)

.comment        0x00000000       0x49
 .comment       0x00000000       0x49 build/main.o
                                 0x4a (size before relaxing)
 .comment       0x00000049       0x4a build/gpio.o
 .comment       0x00000049       0x4a build/adc.o
 .comment       0x00000049       0x4a build/stm32h7xx_it.o
 .comment       0x00000049       0x4a build/stm32h7xx_hal_msp.o
 .comment       0x00000049       0x4a build/stm32h7xx_hal_adc.o
 .comment       0x00000049       0x4a build/stm32h7xx_hal_adc_ex.o
 .comment       0x00000049       0x4a build/stm32h7xx_hal_rcc.o
 .comment       0x00000049       0x4a build/stm32h7xx_hal_rcc_ex.o
 .comment       0x00000049       0x4a build/stm32h7xx_hal_gpio.o
 .comment       0x00000049       0x4a build/stm32h7xx_hal_pwr_ex.o
 .comment       0x00000049       0x4a build/stm32h7xx_hal_cortex.o
 .comment       0x00000049       0x4a build/stm32h7xx_hal.o
 .comment       0x00000049       0x4a build/stm32h7xx_hal_tim.o
 .comment       0x00000049       0x4a build/stm32h7xx_hal_tim_ex.o
 .comment       0x00000049       0x4a build/system_stm32h7xx.o
 .comment       0x00000049       0x4a build/tim.o

.debug_frame    0x00000000     0x2660
 .debug_frame   0x00000000       0x58 build/main.o
 .debug_frame   0x00000058       0x34 build/gpio.o
 .debug_frame   0x0000008c       0x98 build/adc.o
 .debug_frame   0x00000124       0xa8 build/stm32h7xx_it.o
 .debug_frame   0x000001cc       0x28 build/stm32h7xx_hal_msp.o
 .debug_frame   0x000001f4      0x2ec build/stm32h7xx_hal_adc.o
 .debug_frame   0x000004e0      0x334 build/stm32h7xx_hal_adc_ex.o
 .debug_frame   0x00000814      0x184 build/stm32h7xx_hal_rcc.o
 .debug_frame   0x00000998      0x26c build/stm32h7xx_hal_rcc_ex.o
 .debug_frame   0x00000c04       0xd4 build/stm32h7xx_hal_gpio.o
 .debug_frame   0x00000cd8      0x2d4 build/stm32h7xx_hal_pwr_ex.o
 .debug_frame   0x00000fac      0x158 build/stm32h7xx_hal_cortex.o
 .debug_frame   0x00001104      0x3c0 build/stm32h7xx_hal.o
 .debug_frame   0x000014c4      0xb6c build/stm32h7xx_hal_tim.o
 .debug_frame   0x00002030      0x4b0 build/stm32h7xx_hal_tim_ex.o
 .debug_frame   0x000024e0       0x3c build/system_stm32h7xx.o
 .debug_frame   0x0000251c       0xf8 build/tim.o
 .debug_frame   0x00002614       0x2c d:/program files/gcc-arm-none-eabi-10.3-2021.10/bin/../lib/gcc/arm-none-eabi/10.3.1/../../../../arm-none-eabi/lib/thumb/v7e-m+dp/hard\libc_nano.a(lib_a-init.o)
 .debug_frame   0x00002640       0x20 d:/program files/gcc-arm-none-eabi-10.3-2021.10/bin/../lib/gcc/arm-none-eabi/10.3.1/../../../../arm-none-eabi/lib/thumb/v7e-m+dp/hard\libc_nano.a(lib_a-memset.o)

Cross Reference Table

Symbol                                            File
ADC3_IRQHandler                                   build/startup_stm32h723xx.o
ADC_ConfigureBoostMode                            build/stm32h7xx_hal_adc.o
ADC_ConversionStop                                build/stm32h7xx_hal_adc.o
                                                  build/stm32h7xx_hal_adc_ex.o
ADC_DMAConvCplt                                   build/stm32h7xx_hal_adc.o
                                                  build/stm32h7xx_hal_adc_ex.o
ADC_DMAError                                      build/stm32h7xx_hal_adc.o
                                                  build/stm32h7xx_hal_adc_ex.o
ADC_DMAHalfConvCplt                               build/stm32h7xx_hal_adc.o
                                                  build/stm32h7xx_hal_adc_ex.o
ADC_Disable                                       build/stm32h7xx_hal_adc.o
                                                  build/stm32h7xx_hal_adc_ex.o
ADC_Enable                                        build/stm32h7xx_hal_adc.o
                                                  build/stm32h7xx_hal_adc_ex.o
ADC_IRQHandler                                    build/startup_stm32h723xx.o
BDMA_Channel0_IRQHandler                          build/startup_stm32h723xx.o
BDMA_Channel1_IRQHandler                          build/startup_stm32h723xx.o
BDMA_Channel2_IRQHandler                          build/startup_stm32h723xx.o
BDMA_Channel3_IRQHandler                          build/startup_stm32h723xx.o
BDMA_Channel4_IRQHandler                          build/startup_stm32h723xx.o
BDMA_Channel5_IRQHandler                          build/startup_stm32h723xx.o
BDMA_Channel6_IRQHandler                          build/startup_stm32h723xx.o
BDMA_Channel7_IRQHandler                          build/startup_stm32h723xx.o
BusFault_Handler                                  build/stm32h7xx_it.o
CEC_IRQHandler                                    build/startup_stm32h723xx.o
COMP1_IRQHandler                                  build/startup_stm32h723xx.o
CORDIC_IRQHandler                                 build/startup_stm32h723xx.o
CRS_IRQHandler                                    build/startup_stm32h723xx.o
D1CorePrescTable                                  build/system_stm32h7xx.o
                                                  build/stm32h7xx_hal.o
                                                  build/stm32h7xx_hal_rcc_ex.o
                                                  build/stm32h7xx_hal_rcc.o
DCMI_PSSI_IRQHandler                              build/startup_stm32h723xx.o
DFSDM1_FLT0_IRQHandler                            build/startup_stm32h723xx.o
DFSDM1_FLT1_IRQHandler                            build/startup_stm32h723xx.o
DFSDM1_FLT2_IRQHandler                            build/startup_stm32h723xx.o
DFSDM1_FLT3_IRQHandler                            build/startup_stm32h723xx.o
DMA1_Stream0_IRQHandler                           build/startup_stm32h723xx.o
DMA1_Stream1_IRQHandler                           build/startup_stm32h723xx.o
DMA1_Stream2_IRQHandler                           build/startup_stm32h723xx.o
DMA1_Stream3_IRQHandler                           build/startup_stm32h723xx.o
DMA1_Stream4_IRQHandler                           build/startup_stm32h723xx.o
DMA1_Stream5_IRQHandler                           build/startup_stm32h723xx.o
DMA1_Stream6_IRQHandler                           build/startup_stm32h723xx.o
DMA1_Stream7_IRQHandler                           build/startup_stm32h723xx.o
DMA2D_IRQHandler                                  build/startup_stm32h723xx.o
DMA2_Stream0_IRQHandler                           build/startup_stm32h723xx.o
DMA2_Stream1_IRQHandler                           build/startup_stm32h723xx.o
DMA2_Stream2_IRQHandler                           build/startup_stm32h723xx.o
DMA2_Stream3_IRQHandler                           build/startup_stm32h723xx.o
DMA2_Stream4_IRQHandler                           build/startup_stm32h723xx.o
DMA2_Stream5_IRQHandler                           build/startup_stm32h723xx.o
DMA2_Stream6_IRQHandler                           build/startup_stm32h723xx.o
DMA2_Stream7_IRQHandler                           build/startup_stm32h723xx.o
DMAMUX1_OVR_IRQHandler                            build/startup_stm32h723xx.o
DMAMUX2_OVR_IRQHandler                            build/startup_stm32h723xx.o
DTS_IRQHandler                                    build/startup_stm32h723xx.o
DebugMon_Handler                                  build/stm32h7xx_it.o
Default_Handler                                   build/startup_stm32h723xx.o
ECC_IRQHandler                                    build/startup_stm32h723xx.o
ETH_IRQHandler                                    build/startup_stm32h723xx.o
ETH_WKUP_IRQHandler                               build/startup_stm32h723xx.o
EXTI0_IRQHandler                                  build/startup_stm32h723xx.o
EXTI15_10_IRQHandler                              build/startup_stm32h723xx.o
EXTI1_IRQHandler                                  build/startup_stm32h723xx.o
EXTI2_IRQHandler                                  build/startup_stm32h723xx.o
EXTI3_IRQHandler                                  build/startup_stm32h723xx.o
EXTI4_IRQHandler                                  build/startup_stm32h723xx.o
EXTI9_5_IRQHandler                                build/startup_stm32h723xx.o
Error_Handler                                     build/main.o
                                                  build/tim.o
                                                  build/adc.o
FDCAN1_IT0_IRQHandler                             build/startup_stm32h723xx.o
FDCAN1_IT1_IRQHandler                             build/startup_stm32h723xx.o
FDCAN2_IT0_IRQHandler                             build/startup_stm32h723xx.o
FDCAN2_IT1_IRQHandler                             build/startup_stm32h723xx.o
FDCAN3_IT0_IRQHandler                             build/startup_stm32h723xx.o
FDCAN3_IT1_IRQHandler                             build/startup_stm32h723xx.o
FDCAN_CAL_IRQHandler                              build/startup_stm32h723xx.o
FLASH_CRC_WaitForLastOperation                    build/stm32h7xx_hal_flash.o
                                                  build/stm32h7xx_hal_flash_ex.o
FLASH_Erase_Sector                                build/stm32h7xx_hal_flash_ex.o
                                                  build/stm32h7xx_hal_flash.o
FLASH_IRQHandler                                  build/startup_stm32h723xx.o
FLASH_OB_WaitForLastOperation                     build/stm32h7xx_hal_flash.o
                                                  build/stm32h7xx_hal_flash_ex.o
FLASH_WaitForLastOperation                        build/stm32h7xx_hal_flash.o
                                                  build/stm32h7xx_hal_flash_ex.o
FMAC_IRQHandler                                   build/startup_stm32h723xx.o
FMC_IRQHandler                                    build/startup_stm32h723xx.o
FPU_IRQHandler                                    build/startup_stm32h723xx.o
HAL_ADCEx_Calibration_GetValue                    build/stm32h7xx_hal_adc_ex.o
HAL_ADCEx_Calibration_SetValue                    build/stm32h7xx_hal_adc_ex.o
HAL_ADCEx_Calibration_Start                       build/stm32h7xx_hal_adc_ex.o
                                                  build/main.o
HAL_ADCEx_DisableInjectedQueue                    build/stm32h7xx_hal_adc_ex.o
HAL_ADCEx_DisableVoltageRegulator                 build/stm32h7xx_hal_adc_ex.o
HAL_ADCEx_EnableInjectedQueue                     build/stm32h7xx_hal_adc_ex.o
HAL_ADCEx_EndOfSamplingCallback                   build/stm32h7xx_hal_adc_ex.o
                                                  build/stm32h7xx_hal_adc.o
HAL_ADCEx_EnterADCDeepPowerDownMode               build/stm32h7xx_hal_adc_ex.o
HAL_ADCEx_InjectedConfigChannel                   build/stm32h7xx_hal_adc_ex.o
HAL_ADCEx_InjectedConvCpltCallback                build/stm32h7xx_hal_adc_ex.o
                                                  build/stm32h7xx_hal_adc.o
HAL_ADCEx_InjectedGetValue                        build/stm32h7xx_hal_adc_ex.o
HAL_ADCEx_InjectedPollForConversion               build/stm32h7xx_hal_adc_ex.o
HAL_ADCEx_InjectedQueueOverflowCallback           build/stm32h7xx_hal_adc_ex.o
                                                  build/stm32h7xx_hal_adc.o
HAL_ADCEx_InjectedStart                           build/stm32h7xx_hal_adc_ex.o
HAL_ADCEx_InjectedStart_IT                        build/stm32h7xx_hal_adc_ex.o
HAL_ADCEx_InjectedStop                            build/stm32h7xx_hal_adc_ex.o
HAL_ADCEx_InjectedStop_IT                         build/stm32h7xx_hal_adc_ex.o
HAL_ADCEx_LevelOutOfWindow2Callback               build/stm32h7xx_hal_adc_ex.o
                                                  build/stm32h7xx_hal_adc.o
HAL_ADCEx_LevelOutOfWindow3Callback               build/stm32h7xx_hal_adc_ex.o
                                                  build/stm32h7xx_hal_adc.o
HAL_ADCEx_LinearCalibration_FactorLoad            build/stm32h7xx_hal_adc_ex.o
HAL_ADCEx_LinearCalibration_GetValue              build/stm32h7xx_hal_adc_ex.o
HAL_ADCEx_LinearCalibration_SetValue              build/stm32h7xx_hal_adc_ex.o
HAL_ADCEx_MultiModeConfigChannel                  build/stm32h7xx_hal_adc_ex.o
HAL_ADCEx_MultiModeGetValue                       build/stm32h7xx_hal_adc_ex.o
HAL_ADCEx_MultiModeStart_DMA                      build/stm32h7xx_hal_adc_ex.o
HAL_ADCEx_MultiModeStop_DMA                       build/stm32h7xx_hal_adc_ex.o
HAL_ADCEx_RegularMultiModeStop_DMA                build/stm32h7xx_hal_adc_ex.o
HAL_ADCEx_RegularStop                             build/stm32h7xx_hal_adc_ex.o
HAL_ADCEx_RegularStop_DMA                         build/stm32h7xx_hal_adc_ex.o
HAL_ADCEx_RegularStop_IT                          build/stm32h7xx_hal_adc_ex.o
HAL_ADC_AnalogWDGConfig                           build/stm32h7xx_hal_adc.o
HAL_ADC_ConfigChannel                             build/stm32h7xx_hal_adc.o
                                                  build/adc.o
HAL_ADC_ConvCpltCallback                          build/stm32h7xx_hal_adc.o
HAL_ADC_ConvHalfCpltCallback                      build/stm32h7xx_hal_adc.o
HAL_ADC_DeInit                                    build/stm32h7xx_hal_adc.o
HAL_ADC_ErrorCallback                             build/stm32h7xx_hal_adc.o
HAL_ADC_GetError                                  build/stm32h7xx_hal_adc.o
HAL_ADC_GetState                                  build/stm32h7xx_hal_adc.o
HAL_ADC_GetValue                                  build/stm32h7xx_hal_adc.o
                                                  build/adc.o
HAL_ADC_IRQHandler                                build/stm32h7xx_hal_adc.o
HAL_ADC_Init                                      build/stm32h7xx_hal_adc.o
                                                  build/adc.o
HAL_ADC_LevelOutOfWindowCallback                  build/stm32h7xx_hal_adc.o
HAL_ADC_MspDeInit                                 build/adc.o
HAL_ADC_MspInit                                   build/adc.o
HAL_ADC_PollForConversion                         build/stm32h7xx_hal_adc.o
                                                  build/adc.o
HAL_ADC_PollForEvent                              build/stm32h7xx_hal_adc.o
HAL_ADC_Start                                     build/stm32h7xx_hal_adc.o
                                                  build/adc.o
HAL_ADC_Start_DMA                                 build/stm32h7xx_hal_adc.o
HAL_ADC_Start_IT                                  build/stm32h7xx_hal_adc.o
HAL_ADC_Stop                                      build/stm32h7xx_hal_adc.o
                                                  build/adc.o
HAL_ADC_Stop_DMA                                  build/stm32h7xx_hal_adc.o
HAL_ADC_Stop_IT                                   build/stm32h7xx_hal_adc.o
HAL_DBGMCU_DisableDBGSleepMode                    build/stm32h7xx_hal.o
HAL_DBGMCU_DisableDBGStandbyMode                  build/stm32h7xx_hal.o
HAL_DBGMCU_DisableDBGStopMode                     build/stm32h7xx_hal.o
HAL_DBGMCU_EnableDBGSleepMode                     build/stm32h7xx_hal.o
HAL_DBGMCU_EnableDBGStandbyMode                   build/stm32h7xx_hal.o
HAL_DBGMCU_EnableDBGStopMode                      build/stm32h7xx_hal.o
HAL_DMAEx_ChangeMemory                            build/stm32h7xx_hal_dma_ex.o
HAL_DMAEx_ConfigMuxRequestGenerator               build/stm32h7xx_hal_dma_ex.o
HAL_DMAEx_ConfigMuxSync                           build/stm32h7xx_hal_dma_ex.o
HAL_DMAEx_DisableMuxRequestGenerator              build/stm32h7xx_hal_dma_ex.o
HAL_DMAEx_EnableMuxRequestGenerator               build/stm32h7xx_hal_dma_ex.o
HAL_DMAEx_MUX_IRQHandler                          build/stm32h7xx_hal_dma_ex.o
HAL_DMAEx_MultiBufferStart                        build/stm32h7xx_hal_dma_ex.o
HAL_DMAEx_MultiBufferStart_IT                     build/stm32h7xx_hal_dma_ex.o
HAL_DMA_Abort                                     build/stm32h7xx_hal_dma.o
                                                  build/stm32h7xx_hal_adc_ex.o
                                                  build/stm32h7xx_hal_adc.o
HAL_DMA_Abort_IT                                  build/stm32h7xx_hal_dma.o
                                                  build/stm32h7xx_hal_tim_ex.o
                                                  build/stm32h7xx_hal_tim.o
                                                  build/stm32h7xx_hal_i2c.o
HAL_DMA_DeInit                                    build/stm32h7xx_hal_dma.o
HAL_DMA_GetError                                  build/stm32h7xx_hal_dma.o
                                                  build/stm32h7xx_hal_i2c.o
HAL_DMA_GetState                                  build/stm32h7xx_hal_dma.o
                                                  build/stm32h7xx_hal_i2c.o
HAL_DMA_IRQHandler                                build/stm32h7xx_hal_dma.o
HAL_DMA_Init                                      build/stm32h7xx_hal_dma.o
HAL_DMA_PollForTransfer                           build/stm32h7xx_hal_dma.o
HAL_DMA_RegisterCallback                          build/stm32h7xx_hal_dma.o
HAL_DMA_Start                                     build/stm32h7xx_hal_dma.o
HAL_DMA_Start_IT                                  build/stm32h7xx_hal_dma.o
                                                  build/stm32h7xx_hal_tim_ex.o
                                                  build/stm32h7xx_hal_tim.o
                                                  build/stm32h7xx_hal_i2c.o
                                                  build/stm32h7xx_hal_adc_ex.o
                                                  build/stm32h7xx_hal_adc.o
HAL_DMA_UnRegisterCallback                        build/stm32h7xx_hal_dma.o
HAL_DeInit                                        build/stm32h7xx_hal.o
HAL_Delay                                         build/stm32h7xx_hal.o
                                                  build/main.o
HAL_DisableCompensationCell                       build/stm32h7xx_hal.o
HAL_DisableDomain3DBGStandbyMode                  build/stm32h7xx_hal.o
HAL_DisableDomain3DBGStopMode                     build/stm32h7xx_hal.o
HAL_EXTI_ClearConfigLine                          build/stm32h7xx_hal_exti.o
HAL_EXTI_ClearPending                             build/stm32h7xx_hal_exti.o
HAL_EXTI_D1_ClearFlag                             build/stm32h7xx_hal.o
HAL_EXTI_D1_EventInputConfig                      build/stm32h7xx_hal.o
HAL_EXTI_D3_EventInputConfig                      build/stm32h7xx_hal.o
HAL_EXTI_EdgeConfig                               build/stm32h7xx_hal.o
HAL_EXTI_GenerateSWI                              build/stm32h7xx_hal_exti.o
HAL_EXTI_GenerateSWInterrupt                      build/stm32h7xx_hal.o
HAL_EXTI_GetConfigLine                            build/stm32h7xx_hal_exti.o
HAL_EXTI_GetHandle                                build/stm32h7xx_hal_exti.o
HAL_EXTI_GetPending                               build/stm32h7xx_hal_exti.o
HAL_EXTI_IRQHandler                               build/stm32h7xx_hal_exti.o
HAL_EXTI_RegisterCallback                         build/stm32h7xx_hal_exti.o
HAL_EXTI_SetConfigLine                            build/stm32h7xx_hal_exti.o
HAL_EnableCompensationCell                        build/stm32h7xx_hal.o
HAL_EnableDomain3DBGStandbyMode                   build/stm32h7xx_hal.o
HAL_EnableDomain3DBGStopMode                      build/stm32h7xx_hal.o
HAL_FLASHEx_ComputeCRC                            build/stm32h7xx_hal_flash_ex.o
HAL_FLASHEx_Erase                                 build/stm32h7xx_hal_flash_ex.o
HAL_FLASHEx_Erase_IT                              build/stm32h7xx_hal_flash_ex.o
HAL_FLASHEx_Lock_Bank1                            build/stm32h7xx_hal_flash_ex.o
HAL_FLASHEx_OBGetConfig                           build/stm32h7xx_hal_flash_ex.o
HAL_FLASHEx_OBProgram                             build/stm32h7xx_hal_flash_ex.o
HAL_FLASHEx_Unlock_Bank1                          build/stm32h7xx_hal_flash_ex.o
HAL_FLASH_EndOfOperationCallback                  build/stm32h7xx_hal_flash.o
HAL_FLASH_GetError                                build/stm32h7xx_hal_flash.o
HAL_FLASH_IRQHandler                              build/stm32h7xx_hal_flash.o
HAL_FLASH_Lock                                    build/stm32h7xx_hal_flash.o
HAL_FLASH_OB_Launch                               build/stm32h7xx_hal_flash.o
HAL_FLASH_OB_Lock                                 build/stm32h7xx_hal_flash.o
HAL_FLASH_OB_Unlock                               build/stm32h7xx_hal_flash.o
HAL_FLASH_OperationErrorCallback                  build/stm32h7xx_hal_flash.o
HAL_FLASH_Program                                 build/stm32h7xx_hal_flash.o
HAL_FLASH_Program_IT                              build/stm32h7xx_hal_flash.o
HAL_FLASH_Unlock                                  build/stm32h7xx_hal_flash.o
HAL_GPIO_DeInit                                   build/stm32h7xx_hal_gpio.o
                                                  build/adc.o
HAL_GPIO_EXTI_Callback                            build/stm32h7xx_hal_gpio.o
HAL_GPIO_EXTI_IRQHandler                          build/stm32h7xx_hal_gpio.o
HAL_GPIO_Init                                     build/stm32h7xx_hal_gpio.o
                                                  build/tim.o
                                                  build/stm32h7xx_hal_rcc.o
                                                  build/adc.o
                                                  build/gpio.o
HAL_GPIO_LockPin                                  build/stm32h7xx_hal_gpio.o
HAL_GPIO_ReadPin                                  build/stm32h7xx_hal_gpio.o
HAL_GPIO_TogglePin                                build/stm32h7xx_hal_gpio.o
                                                  build/main.o
HAL_GPIO_WritePin                                 build/stm32h7xx_hal_gpio.o
                                                  build/gpio.o
                                                  build/main.o
HAL_GetCurrentCPUID                               build/stm32h7xx_hal_cortex.o
HAL_GetDEVID                                      build/stm32h7xx_hal.o
HAL_GetFMCMemorySwappingConfig                    build/stm32h7xx_hal.o
HAL_GetHalVersion                                 build/stm32h7xx_hal.o
HAL_GetREVID                                      build/stm32h7xx_hal.o
                                                  build/stm32h7xx_hal_rcc_ex.o
HAL_GetTick                                       build/stm32h7xx_hal.o
                                                  build/stm32h7xx_hal_tim_ex.o
                                                  build/stm32h7xx_hal_i2c.o
                                                  build/stm32h7xx_hal_pwr_ex.o
                                                  build/stm32h7xx_hal_mdma.o
                                                  build/stm32h7xx_hal_dma.o
                                                  build/stm32h7xx_hal_flash.o
                                                  build/stm32h7xx_hal_rcc_ex.o
                                                  build/stm32h7xx_hal_rcc.o
                                                  build/stm32h7xx_hal_adc_ex.o
                                                  build/stm32h7xx_hal_adc.o
HAL_GetTickFreq                                   build/stm32h7xx_hal.o
HAL_GetTickPrio                                   build/stm32h7xx_hal.o
HAL_GetUIDw0                                      build/stm32h7xx_hal.o
HAL_GetUIDw1                                      build/stm32h7xx_hal.o
HAL_GetUIDw2                                      build/stm32h7xx_hal.o
HAL_HSEM_ActivateNotification                     build/stm32h7xx_hal_hsem.o
HAL_HSEM_DeactivateNotification                   build/stm32h7xx_hal_hsem.o
HAL_HSEM_FastTake                                 build/stm32h7xx_hal_hsem.o
HAL_HSEM_FreeCallback                             build/stm32h7xx_hal_hsem.o
HAL_HSEM_GetClearKey                              build/stm32h7xx_hal_hsem.o
HAL_HSEM_IRQHandler                               build/stm32h7xx_hal_hsem.o
HAL_HSEM_IsSemTaken                               build/stm32h7xx_hal_hsem.o
HAL_HSEM_Release                                  build/stm32h7xx_hal_hsem.o
HAL_HSEM_ReleaseAll                               build/stm32h7xx_hal_hsem.o
HAL_HSEM_SetClearKey                              build/stm32h7xx_hal_hsem.o
HAL_HSEM_Take                                     build/stm32h7xx_hal_hsem.o
HAL_I2CEx_ConfigAnalogFilter                      build/stm32h7xx_hal_i2c_ex.o
HAL_I2CEx_ConfigDigitalFilter                     build/stm32h7xx_hal_i2c_ex.o
HAL_I2CEx_DisableFastModePlus                     build/stm32h7xx_hal_i2c_ex.o
HAL_I2CEx_DisableWakeUp                           build/stm32h7xx_hal_i2c_ex.o
HAL_I2CEx_EnableFastModePlus                      build/stm32h7xx_hal_i2c_ex.o
HAL_I2CEx_EnableWakeUp                            build/stm32h7xx_hal_i2c_ex.o
HAL_I2C_AbortCpltCallback                         build/stm32h7xx_hal_i2c.o
HAL_I2C_AddrCallback                              build/stm32h7xx_hal_i2c.o
HAL_I2C_DeInit                                    build/stm32h7xx_hal_i2c.o
HAL_I2C_DisableListen_IT                          build/stm32h7xx_hal_i2c.o
HAL_I2C_ER_IRQHandler                             build/stm32h7xx_hal_i2c.o
HAL_I2C_EV_IRQHandler                             build/stm32h7xx_hal_i2c.o
HAL_I2C_EnableListen_IT                           build/stm32h7xx_hal_i2c.o
HAL_I2C_ErrorCallback                             build/stm32h7xx_hal_i2c.o
HAL_I2C_GetError                                  build/stm32h7xx_hal_i2c.o
HAL_I2C_GetMode                                   build/stm32h7xx_hal_i2c.o
HAL_I2C_GetState                                  build/stm32h7xx_hal_i2c.o
HAL_I2C_Init                                      build/stm32h7xx_hal_i2c.o
HAL_I2C_IsDeviceReady                             build/stm32h7xx_hal_i2c.o
HAL_I2C_ListenCpltCallback                        build/stm32h7xx_hal_i2c.o
HAL_I2C_MasterRxCpltCallback                      build/stm32h7xx_hal_i2c.o
HAL_I2C_MasterTxCpltCallback                      build/stm32h7xx_hal_i2c.o
HAL_I2C_Master_Abort_IT                           build/stm32h7xx_hal_i2c.o
HAL_I2C_Master_Receive                            build/stm32h7xx_hal_i2c.o
HAL_I2C_Master_Receive_DMA                        build/stm32h7xx_hal_i2c.o
HAL_I2C_Master_Receive_IT                         build/stm32h7xx_hal_i2c.o
HAL_I2C_Master_Seq_Receive_DMA                    build/stm32h7xx_hal_i2c.o
HAL_I2C_Master_Seq_Receive_IT                     build/stm32h7xx_hal_i2c.o
HAL_I2C_Master_Seq_Transmit_DMA                   build/stm32h7xx_hal_i2c.o
HAL_I2C_Master_Seq_Transmit_IT                    build/stm32h7xx_hal_i2c.o
HAL_I2C_Master_Transmit                           build/stm32h7xx_hal_i2c.o
HAL_I2C_Master_Transmit_DMA                       build/stm32h7xx_hal_i2c.o
HAL_I2C_Master_Transmit_IT                        build/stm32h7xx_hal_i2c.o
HAL_I2C_MemRxCpltCallback                         build/stm32h7xx_hal_i2c.o
HAL_I2C_MemTxCpltCallback                         build/stm32h7xx_hal_i2c.o
HAL_I2C_Mem_Read                                  build/stm32h7xx_hal_i2c.o
HAL_I2C_Mem_Read_DMA                              build/stm32h7xx_hal_i2c.o
HAL_I2C_Mem_Read_IT                               build/stm32h7xx_hal_i2c.o
HAL_I2C_Mem_Write                                 build/stm32h7xx_hal_i2c.o
HAL_I2C_Mem_Write_DMA                             build/stm32h7xx_hal_i2c.o
HAL_I2C_Mem_Write_IT                              build/stm32h7xx_hal_i2c.o
HAL_I2C_MspDeInit                                 build/stm32h7xx_hal_i2c.o
HAL_I2C_MspInit                                   build/stm32h7xx_hal_i2c.o
HAL_I2C_SlaveRxCpltCallback                       build/stm32h7xx_hal_i2c.o
HAL_I2C_SlaveTxCpltCallback                       build/stm32h7xx_hal_i2c.o
HAL_I2C_Slave_Receive                             build/stm32h7xx_hal_i2c.o
HAL_I2C_Slave_Receive_DMA                         build/stm32h7xx_hal_i2c.o
HAL_I2C_Slave_Receive_IT                          build/stm32h7xx_hal_i2c.o
HAL_I2C_Slave_Seq_Receive_DMA                     build/stm32h7xx_hal_i2c.o
HAL_I2C_Slave_Seq_Receive_IT                      build/stm32h7xx_hal_i2c.o
HAL_I2C_Slave_Seq_Transmit_DMA                    build/stm32h7xx_hal_i2c.o
HAL_I2C_Slave_Seq_Transmit_IT                     build/stm32h7xx_hal_i2c.o
HAL_I2C_Slave_Transmit                            build/stm32h7xx_hal_i2c.o
HAL_I2C_Slave_Transmit_DMA                        build/stm32h7xx_hal_i2c.o
HAL_I2C_Slave_Transmit_IT                         build/stm32h7xx_hal_i2c.o
HAL_IncTick                                       build/stm32h7xx_hal.o
                                                  build/stm32h7xx_it.o
HAL_Init                                          build/stm32h7xx_hal.o
                                                  build/main.o
HAL_InitTick                                      build/stm32h7xx_hal.o
                                                  build/stm32h7xx_hal_rcc.o
HAL_MDMA_Abort                                    build/stm32h7xx_hal_mdma.o
HAL_MDMA_Abort_IT                                 build/stm32h7xx_hal_mdma.o
HAL_MDMA_ConfigPostRequestMask                    build/stm32h7xx_hal_mdma.o
HAL_MDMA_DeInit                                   build/stm32h7xx_hal_mdma.o
HAL_MDMA_GenerateSWRequest                        build/stm32h7xx_hal_mdma.o
HAL_MDMA_GetError                                 build/stm32h7xx_hal_mdma.o
HAL_MDMA_GetState                                 build/stm32h7xx_hal_mdma.o
HAL_MDMA_IRQHandler                               build/stm32h7xx_hal_mdma.o
HAL_MDMA_Init                                     build/stm32h7xx_hal_mdma.o
HAL_MDMA_LinkedList_AddNode                       build/stm32h7xx_hal_mdma.o
HAL_MDMA_LinkedList_CreateNode                    build/stm32h7xx_hal_mdma.o
HAL_MDMA_LinkedList_DisableCircularMode           build/stm32h7xx_hal_mdma.o
HAL_MDMA_LinkedList_EnableCircularMode            build/stm32h7xx_hal_mdma.o
HAL_MDMA_LinkedList_RemoveNode                    build/stm32h7xx_hal_mdma.o
HAL_MDMA_PollForTransfer                          build/stm32h7xx_hal_mdma.o
HAL_MDMA_RegisterCallback                         build/stm32h7xx_hal_mdma.o
HAL_MDMA_Start                                    build/stm32h7xx_hal_mdma.o
HAL_MDMA_Start_IT                                 build/stm32h7xx_hal_mdma.o
HAL_MDMA_UnRegisterCallback                       build/stm32h7xx_hal_mdma.o
HAL_MPU_ConfigRegion                              build/stm32h7xx_hal_cortex.o
HAL_MPU_Disable                                   build/stm32h7xx_hal_cortex.o
HAL_MPU_Enable                                    build/stm32h7xx_hal_cortex.o
HAL_MspDeInit                                     build/stm32h7xx_hal.o
HAL_MspInit                                       build/stm32h7xx_hal_msp.o
HAL_NVIC_ClearPendingIRQ                          build/stm32h7xx_hal_cortex.o
HAL_NVIC_DisableIRQ                               build/stm32h7xx_hal_cortex.o
HAL_NVIC_EnableIRQ                                build/stm32h7xx_hal_cortex.o
HAL_NVIC_GetActive                                build/stm32h7xx_hal_cortex.o
HAL_NVIC_GetPendingIRQ                            build/stm32h7xx_hal_cortex.o
HAL_NVIC_GetPriority                              build/stm32h7xx_hal_cortex.o
HAL_NVIC_GetPriorityGrouping                      build/stm32h7xx_hal_cortex.o
HAL_NVIC_SetPendingIRQ                            build/stm32h7xx_hal_cortex.o
HAL_NVIC_SetPriority                              build/stm32h7xx_hal_cortex.o
                                                  build/stm32h7xx_hal.o
HAL_NVIC_SetPriorityGrouping                      build/stm32h7xx_hal_cortex.o
                                                  build/stm32h7xx_hal.o
HAL_NVIC_SystemReset                              build/stm32h7xx_hal_cortex.o
HAL_PWREx_AVDCallback                             build/stm32h7xx_hal_pwr_ex.o
HAL_PWREx_ClearPendingEvent                       build/stm32h7xx_hal_pwr_ex.o
HAL_PWREx_ClearWakeupFlag                         build/stm32h7xx_hal_pwr_ex.o
HAL_PWREx_ConfigAVD                               build/stm32h7xx_hal_pwr_ex.o
HAL_PWREx_ConfigD3Domain                          build/stm32h7xx_hal_pwr_ex.o
HAL_PWREx_ConfigSupply                            build/stm32h7xx_hal_pwr_ex.o
                                                  build/main.o
HAL_PWREx_ControlStopModeVoltageScaling           build/stm32h7xx_hal_pwr_ex.o
HAL_PWREx_ControlVoltageScaling                   build/stm32h7xx_hal_pwr_ex.o
HAL_PWREx_DisableAVD                              build/stm32h7xx_hal_pwr_ex.o
HAL_PWREx_DisableBatteryCharging                  build/stm32h7xx_hal_pwr_ex.o
HAL_PWREx_DisableBkUpReg                          build/stm32h7xx_hal_pwr_ex.o
HAL_PWREx_DisableFlashPowerDown                   build/stm32h7xx_hal_pwr_ex.o
HAL_PWREx_DisableMonitoring                       build/stm32h7xx_hal_pwr_ex.o
HAL_PWREx_DisableUSBReg                           build/stm32h7xx_hal_pwr_ex.o
HAL_PWREx_DisableUSBVoltageDetector               build/stm32h7xx_hal_pwr_ex.o
HAL_PWREx_DisableWakeUpPin                        build/stm32h7xx_hal_pwr_ex.o
HAL_PWREx_EnableAVD                               build/stm32h7xx_hal_pwr_ex.o
HAL_PWREx_EnableBatteryCharging                   build/stm32h7xx_hal_pwr_ex.o
HAL_PWREx_EnableBkUpReg                           build/stm32h7xx_hal_pwr_ex.o
HAL_PWREx_EnableFlashPowerDown                    build/stm32h7xx_hal_pwr_ex.o
HAL_PWREx_EnableMonitoring                        build/stm32h7xx_hal_pwr_ex.o
HAL_PWREx_EnableUSBReg                            build/stm32h7xx_hal_pwr_ex.o
HAL_PWREx_EnableUSBVoltageDetector                build/stm32h7xx_hal_pwr_ex.o
HAL_PWREx_EnableWakeUpPin                         build/stm32h7xx_hal_pwr_ex.o
HAL_PWREx_EnterSTANDBYMode                        build/stm32h7xx_hal_pwr_ex.o
HAL_PWREx_EnterSTOPMode                           build/stm32h7xx_hal_pwr_ex.o
HAL_PWREx_GetStopModeVoltageRange                 build/stm32h7xx_hal_pwr_ex.o
HAL_PWREx_GetSupplyConfig                         build/stm32h7xx_hal_pwr_ex.o
HAL_PWREx_GetTemperatureLevel                     build/stm32h7xx_hal_pwr_ex.o
HAL_PWREx_GetVBATLevel                            build/stm32h7xx_hal_pwr_ex.o
HAL_PWREx_GetVoltageRange                         build/stm32h7xx_hal_pwr_ex.o
HAL_PWREx_GetWakeupFlag                           build/stm32h7xx_hal_pwr_ex.o
HAL_PWREx_PVD_AVD_IRQHandler                      build/stm32h7xx_hal_pwr_ex.o
HAL_PWREx_WAKEUP_PIN_IRQHandler                   build/stm32h7xx_hal_pwr_ex.o
HAL_PWREx_WKUP1_Callback                          build/stm32h7xx_hal_pwr_ex.o
HAL_PWREx_WKUP2_Callback                          build/stm32h7xx_hal_pwr_ex.o
HAL_PWREx_WKUP4_Callback                          build/stm32h7xx_hal_pwr_ex.o
HAL_PWREx_WKUP6_Callback                          build/stm32h7xx_hal_pwr_ex.o
HAL_PWR_ConfigPVD                                 build/stm32h7xx_hal_pwr.o
HAL_PWR_DeInit                                    build/stm32h7xx_hal_pwr.o
HAL_PWR_DisableBkUpAccess                         build/stm32h7xx_hal_pwr.o
HAL_PWR_DisablePVD                                build/stm32h7xx_hal_pwr.o
HAL_PWR_DisableSEVOnPend                          build/stm32h7xx_hal_pwr.o
HAL_PWR_DisableSleepOnExit                        build/stm32h7xx_hal_pwr.o
HAL_PWR_DisableWakeUpPin                          build/stm32h7xx_hal_pwr.o
HAL_PWR_EnableBkUpAccess                          build/stm32h7xx_hal_pwr.o
HAL_PWR_EnablePVD                                 build/stm32h7xx_hal_pwr.o
HAL_PWR_EnableSEVOnPend                           build/stm32h7xx_hal_pwr.o
HAL_PWR_EnableSleepOnExit                         build/stm32h7xx_hal_pwr.o
HAL_PWR_EnableWakeUpPin                           build/stm32h7xx_hal_pwr.o
HAL_PWR_EnterSLEEPMode                            build/stm32h7xx_hal_pwr.o
HAL_PWR_EnterSTANDBYMode                          build/stm32h7xx_hal_pwr.o
HAL_PWR_EnterSTOPMode                             build/stm32h7xx_hal_pwr.o
HAL_PWR_PVDCallback                               build/stm32h7xx_hal_pwr.o
                                                  build/stm32h7xx_hal_pwr_ex.o
HAL_PWR_PVD_IRQHandler                            build/stm32h7xx_hal_pwr.o
HAL_RCCEx_CRSConfig                               build/stm32h7xx_hal_rcc_ex.o
HAL_RCCEx_CRSGetSynchronizationInfo               build/stm32h7xx_hal_rcc_ex.o
HAL_RCCEx_CRSSoftwareSynchronizationGenerate      build/stm32h7xx_hal_rcc_ex.o
HAL_RCCEx_CRSWaitSynchronization                  build/stm32h7xx_hal_rcc_ex.o
HAL_RCCEx_CRS_ErrorCallback                       build/stm32h7xx_hal_rcc_ex.o
HAL_RCCEx_CRS_ExpectedSyncCallback                build/stm32h7xx_hal_rcc_ex.o
HAL_RCCEx_CRS_IRQHandler                          build/stm32h7xx_hal_rcc_ex.o
HAL_RCCEx_CRS_SyncOkCallback                      build/stm32h7xx_hal_rcc_ex.o
HAL_RCCEx_CRS_SyncWarnCallback                    build/stm32h7xx_hal_rcc_ex.o
HAL_RCCEx_DisableLSECSS                           build/stm32h7xx_hal_rcc_ex.o
HAL_RCCEx_EnableLSECSS                            build/stm32h7xx_hal_rcc_ex.o
HAL_RCCEx_EnableLSECSS_IT                         build/stm32h7xx_hal_rcc_ex.o
HAL_RCCEx_GetD1PCLK1Freq                          build/stm32h7xx_hal_rcc_ex.o
HAL_RCCEx_GetD1SysClockFreq                       build/stm32h7xx_hal_rcc_ex.o
HAL_RCCEx_GetD3PCLK1Freq                          build/stm32h7xx_hal_rcc_ex.o
HAL_RCCEx_GetPLL1ClockFreq                        build/stm32h7xx_hal_rcc_ex.o
HAL_RCCEx_GetPLL2ClockFreq                        build/stm32h7xx_hal_rcc_ex.o
HAL_RCCEx_GetPLL3ClockFreq                        build/stm32h7xx_hal_rcc_ex.o
HAL_RCCEx_GetPeriphCLKConfig                      build/stm32h7xx_hal_rcc_ex.o
HAL_RCCEx_GetPeriphCLKFreq                        build/stm32h7xx_hal_rcc_ex.o
                                                  build/stm32h7xx_hal_adc.o
HAL_RCCEx_KerWakeUpStopCLKConfig                  build/stm32h7xx_hal_rcc_ex.o
HAL_RCCEx_LSECSS_Callback                         build/stm32h7xx_hal_rcc_ex.o
HAL_RCCEx_LSECSS_IRQHandler                       build/stm32h7xx_hal_rcc_ex.o
HAL_RCCEx_PeriphCLKConfig                         build/stm32h7xx_hal_rcc_ex.o
                                                  build/adc.o
HAL_RCCEx_WWDGxSysResetConfig                     build/stm32h7xx_hal_rcc_ex.o
HAL_RCCEx_WakeUpStopCLKConfig                     build/stm32h7xx_hal_rcc_ex.o
HAL_RCC_CSSCallback                               build/stm32h7xx_hal_rcc.o
HAL_RCC_ClockConfig                               build/stm32h7xx_hal_rcc.o
                                                  build/main.o
HAL_RCC_DeInit                                    build/stm32h7xx_hal_rcc.o
HAL_RCC_DisableCSS                                build/stm32h7xx_hal_rcc.o
HAL_RCC_EnableCSS                                 build/stm32h7xx_hal_rcc.o
HAL_RCC_GetClockConfig                            build/stm32h7xx_hal_rcc.o
HAL_RCC_GetHCLKFreq                               build/stm32h7xx_hal_rcc.o
                                                  build/stm32h7xx_hal_rcc_ex.o
                                                  build/stm32h7xx_hal_adc.o
HAL_RCC_GetOscConfig                              build/stm32h7xx_hal_rcc.o
HAL_RCC_GetPCLK1Freq                              build/stm32h7xx_hal_rcc.o
                                                  build/stm32h7xx_hal_rcc_ex.o
HAL_RCC_GetPCLK2Freq                              build/stm32h7xx_hal_rcc.o
HAL_RCC_GetSysClockFreq                           build/stm32h7xx_hal_rcc.o
                                                  build/stm32h7xx_hal.o
                                                  build/stm32h7xx_hal_rcc_ex.o
HAL_RCC_MCOConfig                                 build/stm32h7xx_hal_rcc.o
HAL_RCC_NMI_IRQHandler                            build/stm32h7xx_hal_rcc.o
HAL_RCC_OscConfig                                 build/stm32h7xx_hal_rcc.o
                                                  build/main.o
HAL_ResumeTick                                    build/stm32h7xx_hal.o
HAL_SYSCFG_ADC2ALT_Rout0Config                    build/stm32h7xx_hal.o
HAL_SYSCFG_ADC2ALT_Rout1Config                    build/stm32h7xx_hal.o
HAL_SYSCFG_AnalogSwitchConfig                     build/stm32h7xx_hal.o
                                                  build/adc.o
HAL_SYSCFG_CM7BootAddConfig                       build/stm32h7xx_hal.o
HAL_SYSCFG_CompensationCodeConfig                 build/stm32h7xx_hal.o
HAL_SYSCFG_CompensationCodeSelect                 build/stm32h7xx_hal.o
HAL_SYSCFG_DisableBOOST                           build/stm32h7xx_hal.o
HAL_SYSCFG_DisableIOSpeedOptimize                 build/stm32h7xx_hal.o
HAL_SYSCFG_DisableVREFBUF                         build/stm32h7xx_hal.o
HAL_SYSCFG_ETHInterfaceSelect                     build/stm32h7xx_hal.o
HAL_SYSCFG_EnableBOOST                            build/stm32h7xx_hal.o
HAL_SYSCFG_EnableIOSpeedOptimize                  build/stm32h7xx_hal.o
HAL_SYSCFG_EnableVREFBUF                          build/stm32h7xx_hal.o
HAL_SYSCFG_VREFBUF_HighImpedanceConfig            build/stm32h7xx_hal.o
HAL_SYSCFG_VREFBUF_TrimmingConfig                 build/stm32h7xx_hal.o
HAL_SYSCFG_VREFBUF_VoltageScalingConfig           build/stm32h7xx_hal.o
HAL_SYSTICK_CLKSourceConfig                       build/stm32h7xx_hal_cortex.o
HAL_SYSTICK_Callback                              build/stm32h7xx_hal_cortex.o
HAL_SYSTICK_Config                                build/stm32h7xx_hal_cortex.o
                                                  build/stm32h7xx_hal.o
HAL_SYSTICK_IRQHandler                            build/stm32h7xx_hal_cortex.o
HAL_SetFMCMemorySwappingConfig                    build/stm32h7xx_hal.o
HAL_SetTickFreq                                   build/stm32h7xx_hal.o
HAL_SuspendTick                                   build/stm32h7xx_hal.o
HAL_TIMEx_Break2Callback                          build/stm32h7xx_hal_tim_ex.o
                                                  build/stm32h7xx_hal_tim.o
HAL_TIMEx_BreakCallback                           build/stm32h7xx_hal_tim_ex.o
                                                  build/stm32h7xx_hal_tim.o
HAL_TIMEx_CommutCallback                          build/stm32h7xx_hal_tim_ex.o
                                                  build/stm32h7xx_hal_tim.o
HAL_TIMEx_CommutHalfCpltCallback                  build/stm32h7xx_hal_tim_ex.o
HAL_TIMEx_ConfigBreakDeadTime                     build/stm32h7xx_hal_tim_ex.o
                                                  build/tim.o
HAL_TIMEx_ConfigBreakInput                        build/stm32h7xx_hal_tim_ex.o
HAL_TIMEx_ConfigCommutEvent                       build/stm32h7xx_hal_tim_ex.o
HAL_TIMEx_ConfigCommutEvent_DMA                   build/stm32h7xx_hal_tim_ex.o
HAL_TIMEx_ConfigCommutEvent_IT                    build/stm32h7xx_hal_tim_ex.o
HAL_TIMEx_DisarmBreakInput                        build/stm32h7xx_hal_tim_ex.o
HAL_TIMEx_GetChannelNState                        build/stm32h7xx_hal_tim_ex.o
HAL_TIMEx_GroupChannel5                           build/stm32h7xx_hal_tim_ex.o
HAL_TIMEx_HallSensor_DeInit                       build/stm32h7xx_hal_tim_ex.o
HAL_TIMEx_HallSensor_GetState                     build/stm32h7xx_hal_tim_ex.o
HAL_TIMEx_HallSensor_Init                         build/stm32h7xx_hal_tim_ex.o
HAL_TIMEx_HallSensor_MspDeInit                    build/stm32h7xx_hal_tim_ex.o
HAL_TIMEx_HallSensor_MspInit                      build/stm32h7xx_hal_tim_ex.o
HAL_TIMEx_HallSensor_Start                        build/stm32h7xx_hal_tim_ex.o
HAL_TIMEx_HallSensor_Start_DMA                    build/stm32h7xx_hal_tim_ex.o
HAL_TIMEx_HallSensor_Start_IT                     build/stm32h7xx_hal_tim_ex.o
HAL_TIMEx_HallSensor_Stop                         build/stm32h7xx_hal_tim_ex.o
HAL_TIMEx_HallSensor_Stop_DMA                     build/stm32h7xx_hal_tim_ex.o
HAL_TIMEx_HallSensor_Stop_IT                      build/stm32h7xx_hal_tim_ex.o
HAL_TIMEx_MasterConfigSynchronization             build/stm32h7xx_hal_tim_ex.o
                                                  build/tim.o
HAL_TIMEx_OCN_Start                               build/stm32h7xx_hal_tim_ex.o
HAL_TIMEx_OCN_Start_DMA                           build/stm32h7xx_hal_tim_ex.o
HAL_TIMEx_OCN_Start_IT                            build/stm32h7xx_hal_tim_ex.o
HAL_TIMEx_OCN_Stop                                build/stm32h7xx_hal_tim_ex.o
HAL_TIMEx_OCN_Stop_DMA                            build/stm32h7xx_hal_tim_ex.o
HAL_TIMEx_OCN_Stop_IT                             build/stm32h7xx_hal_tim_ex.o
HAL_TIMEx_OnePulseN_Start                         build/stm32h7xx_hal_tim_ex.o
HAL_TIMEx_OnePulseN_Start_IT                      build/stm32h7xx_hal_tim_ex.o
HAL_TIMEx_OnePulseN_Stop                          build/stm32h7xx_hal_tim_ex.o
HAL_TIMEx_OnePulseN_Stop_IT                       build/stm32h7xx_hal_tim_ex.o
HAL_TIMEx_PWMN_Start                              build/stm32h7xx_hal_tim_ex.o
                                                  build/tim.o
HAL_TIMEx_PWMN_Start_DMA                          build/stm32h7xx_hal_tim_ex.o
HAL_TIMEx_PWMN_Start_IT                           build/stm32h7xx_hal_tim_ex.o
HAL_TIMEx_PWMN_Stop                               build/stm32h7xx_hal_tim_ex.o
                                                  build/tim.o
HAL_TIMEx_PWMN_Stop_DMA                           build/stm32h7xx_hal_tim_ex.o
HAL_TIMEx_PWMN_Stop_IT                            build/stm32h7xx_hal_tim_ex.o
HAL_TIMEx_ReArmBreakInput                         build/stm32h7xx_hal_tim_ex.o
HAL_TIMEx_RemapConfig                             build/stm32h7xx_hal_tim_ex.o
HAL_TIMEx_TISelection                             build/stm32h7xx_hal_tim_ex.o
HAL_TIM_Base_DeInit                               build/stm32h7xx_hal_tim.o
HAL_TIM_Base_GetState                             build/stm32h7xx_hal_tim.o
HAL_TIM_Base_Init                                 build/stm32h7xx_hal_tim.o
                                                  build/tim.o
HAL_TIM_Base_MspDeInit                            build/tim.o
                                                  build/stm32h7xx_hal_tim.o
HAL_TIM_Base_MspInit                              build/tim.o
                                                  build/stm32h7xx_hal_tim.o
HAL_TIM_Base_Start                                build/stm32h7xx_hal_tim.o
HAL_TIM_Base_Start_DMA                            build/stm32h7xx_hal_tim.o
HAL_TIM_Base_Start_IT                             build/stm32h7xx_hal_tim.o
HAL_TIM_Base_Stop                                 build/stm32h7xx_hal_tim.o
HAL_TIM_Base_Stop_DMA                             build/stm32h7xx_hal_tim.o
HAL_TIM_Base_Stop_IT                              build/stm32h7xx_hal_tim.o
HAL_TIM_ConfigClockSource                         build/stm32h7xx_hal_tim.o
                                                  build/tim.o
HAL_TIM_ConfigOCrefClear                          build/stm32h7xx_hal_tim.o
HAL_TIM_ConfigTI1Input                            build/stm32h7xx_hal_tim.o
HAL_TIM_DMABurstState                             build/stm32h7xx_hal_tim.o
HAL_TIM_DMABurst_MultiReadStart                   build/stm32h7xx_hal_tim.o
HAL_TIM_DMABurst_MultiWriteStart                  build/stm32h7xx_hal_tim.o
HAL_TIM_DMABurst_ReadStart                        build/stm32h7xx_hal_tim.o
HAL_TIM_DMABurst_ReadStop                         build/stm32h7xx_hal_tim.o
HAL_TIM_DMABurst_WriteStart                       build/stm32h7xx_hal_tim.o
HAL_TIM_DMABurst_WriteStop                        build/stm32h7xx_hal_tim.o
HAL_TIM_Encoder_DeInit                            build/stm32h7xx_hal_tim.o
HAL_TIM_Encoder_GetState                          build/stm32h7xx_hal_tim.o
HAL_TIM_Encoder_Init                              build/stm32h7xx_hal_tim.o
HAL_TIM_Encoder_MspDeInit                         build/stm32h7xx_hal_tim.o
HAL_TIM_Encoder_MspInit                           build/stm32h7xx_hal_tim.o
HAL_TIM_Encoder_Start                             build/stm32h7xx_hal_tim.o
HAL_TIM_Encoder_Start_DMA                         build/stm32h7xx_hal_tim.o
HAL_TIM_Encoder_Start_IT                          build/stm32h7xx_hal_tim.o
HAL_TIM_Encoder_Stop                              build/stm32h7xx_hal_tim.o
HAL_TIM_Encoder_Stop_DMA                          build/stm32h7xx_hal_tim.o
HAL_TIM_Encoder_Stop_IT                           build/stm32h7xx_hal_tim.o
HAL_TIM_ErrorCallback                             build/stm32h7xx_hal_tim.o
                                                  build/stm32h7xx_hal_tim_ex.o
HAL_TIM_GenerateEvent                             build/stm32h7xx_hal_tim.o
HAL_TIM_GetActiveChannel                          build/stm32h7xx_hal_tim.o
HAL_TIM_GetChannelState                           build/stm32h7xx_hal_tim.o
HAL_TIM_IC_CaptureCallback                        build/stm32h7xx_hal_tim.o
HAL_TIM_IC_CaptureHalfCpltCallback                build/stm32h7xx_hal_tim.o
HAL_TIM_IC_ConfigChannel                          build/stm32h7xx_hal_tim.o
HAL_TIM_IC_DeInit                                 build/stm32h7xx_hal_tim.o
HAL_TIM_IC_GetState                               build/stm32h7xx_hal_tim.o
HAL_TIM_IC_Init                                   build/stm32h7xx_hal_tim.o
HAL_TIM_IC_MspDeInit                              build/stm32h7xx_hal_tim.o
HAL_TIM_IC_MspInit                                build/stm32h7xx_hal_tim.o
HAL_TIM_IC_Start                                  build/stm32h7xx_hal_tim.o
HAL_TIM_IC_Start_DMA                              build/stm32h7xx_hal_tim.o
HAL_TIM_IC_Start_IT                               build/stm32h7xx_hal_tim.o
HAL_TIM_IC_Stop                                   build/stm32h7xx_hal_tim.o
HAL_TIM_IC_Stop_DMA                               build/stm32h7xx_hal_tim.o
HAL_TIM_IC_Stop_IT                                build/stm32h7xx_hal_tim.o
HAL_TIM_IRQHandler                                build/stm32h7xx_hal_tim.o
HAL_TIM_MspPostInit                               build/tim.o
HAL_TIM_OC_ConfigChannel                          build/stm32h7xx_hal_tim.o
                                                  build/tim.o
HAL_TIM_OC_DeInit                                 build/stm32h7xx_hal_tim.o
HAL_TIM_OC_DelayElapsedCallback                   build/stm32h7xx_hal_tim.o
HAL_TIM_OC_GetState                               build/stm32h7xx_hal_tim.o
HAL_TIM_OC_Init                                   build/stm32h7xx_hal_tim.o
                                                  build/tim.o
HAL_TIM_OC_MspDeInit                              build/stm32h7xx_hal_tim.o
HAL_TIM_OC_MspInit                                build/stm32h7xx_hal_tim.o
HAL_TIM_OC_Start                                  build/stm32h7xx_hal_tim.o
HAL_TIM_OC_Start_DMA                              build/stm32h7xx_hal_tim.o
HAL_TIM_OC_Start_IT                               build/stm32h7xx_hal_tim.o
HAL_TIM_OC_Stop                                   build/stm32h7xx_hal_tim.o
HAL_TIM_OC_Stop_DMA                               build/stm32h7xx_hal_tim.o
HAL_TIM_OC_Stop_IT                                build/stm32h7xx_hal_tim.o
HAL_TIM_OnePulse_ConfigChannel                    build/stm32h7xx_hal_tim.o
HAL_TIM_OnePulse_DeInit                           build/stm32h7xx_hal_tim.o
HAL_TIM_OnePulse_GetState                         build/stm32h7xx_hal_tim.o
HAL_TIM_OnePulse_Init                             build/stm32h7xx_hal_tim.o
HAL_TIM_OnePulse_MspDeInit                        build/stm32h7xx_hal_tim.o
HAL_TIM_OnePulse_MspInit                          build/stm32h7xx_hal_tim.o
HAL_TIM_OnePulse_Start                            build/stm32h7xx_hal_tim.o
HAL_TIM_OnePulse_Start_IT                         build/stm32h7xx_hal_tim.o
HAL_TIM_OnePulse_Stop                             build/stm32h7xx_hal_tim.o
HAL_TIM_OnePulse_Stop_IT                          build/stm32h7xx_hal_tim.o
HAL_TIM_PWM_ConfigChannel                         build/stm32h7xx_hal_tim.o
                                                  build/tim.o
HAL_TIM_PWM_DeInit                                build/stm32h7xx_hal_tim.o
HAL_TIM_PWM_GetState                              build/stm32h7xx_hal_tim.o
HAL_TIM_PWM_Init                                  build/stm32h7xx_hal_tim.o
                                                  build/tim.o
HAL_TIM_PWM_MspDeInit                             build/stm32h7xx_hal_tim.o